Full command: /w/ceph24/hallb/clas12/users/richcap/SIDIS_Analysis_CLAS12_RichCap/Simple_RooUnfold_SelfContained.py --data_root work_b --unfolding_3D --smear --root /w/ceph24/hallb/clas12/users/richcap/SIDIS_Analysis_CLAS12_RichCap/Unfolded_Parallel_SIDIS_epip_from_Only_3D_Final_Thesis_Bank_V1.root --single_file_input /w/ceph24/hallb/clas12/users/richcap/SIDIS_Analysis_CLAS12_RichCap/Histo_Files_ROOT/DataFrames/hadd_ROOT_files_From_using_RDataFrames/SIDIS_epip_Response_Matrices_from_RDataFrames_Only_3D_Final_Thesis_Bank_Response_Matrices_Final_Thesis_Files_All.root --background_source lundvpk --bayes_iterations 25 --Num_Toys 1 -em 'Coordinated 3D unfolding through the '"'"'Run_simple_unfold_parallel.py'"'"' script. Ran 3D Unfolding with updated kinematic bins (based on the BC correction limitations). Used the work_b directory. Ran with 25 bayesian iterations (for testing of each Q2-y Bin). Ran with 1 Toy Unfoldings (for testing). Ran with Harut'"'"'s exclusive '"'"'lundvpk'"'"' rho0 events subtracted directly from data as background. Ran in tmuxSIDIS_2.' -ti 'rho0 Normalized Subtraction Run' 9
/w/ceph24/hallb/clas12/users/richcap/SIDIS_Analysis_CLAS12_RichCap/Simple_RooUnfold_SelfContained.py:2853: FutureWarning: 
TObject.__eq__ is deprecated and will be removed in ROOT 6.40.

It forwards to TObject::Equals(), which uses pointer comparison if not overridden in derived classes.
This may be confusing, because people expect value comparisons.
Use Pythons `is` for pointer comparison, or request/implement `operator==` on the C++ side if you need value-based equality checks.
  if((tdf not in ["N/A"]) and out_print_main_tdf):
/w/ceph24/hallb/clas12/users/richcap/SIDIS_Analysis_CLAS12_RichCap/Simple_RooUnfold_SelfContained.py:3029: FutureWarning: 
TObject.__eq__ is deprecated and will be removed in ROOT 6.40.

It forwards to TObject::Equals(), which uses pointer comparison if not overridden in derived classes.
This may be confusing, because people expect value comparisons.
Use Pythons `is` for pointer comparison, or request/implement `operator==` on the C++ side if you need value-based equality checks.
  if((tdf not in ["N/A"]) and ExTRUE_1D_initial):
/w/ceph24/hallb/clas12/users/richcap/SIDIS_Analysis_CLAS12_RichCap/Simple_RooUnfold_SelfContained.py:3111: FutureWarning: 
TObject.__eq__ is deprecated and will be removed in ROOT 6.40.

It forwards to TObject::Equals(), which uses pointer comparison if not overridden in derived classes.
This may be confusing, because people expect value comparisons.
Use Pythons `is` for pointer comparison, or request/implement `operator==` on the C++ side if you need value-based equality checks.
  if("N/A" not in [tdf, ExTRUE_1D]):
/w/ceph24/hallb/clas12/users/richcap/SIDIS_Analysis_CLAS12_RichCap/Simple_RooUnfold_SelfContained.py:3121: FutureWarning: 
TObject.__eq__ is deprecated and will be removed in ROOT 6.40.

It forwards to TObject::Equals(), which uses pointer comparison if not overridden in derived classes.
This may be confusing, because people expect value comparisons.
Use Pythons `is` for pointer comparison, or request/implement `operator==` on the C++ side if you need value-based equality checks.
  if("N/A" not in [tdf, ExTRUE_1D]):
/w/ceph24/hallb/clas12/users/richcap/SIDIS_Analysis_CLAS12_RichCap/Simple_RooUnfold_SelfContained.py:3140: FutureWarning: 
TObject.__eq__ is deprecated and will be removed in ROOT 6.40.

It forwards to TObject::Equals(), which uses pointer comparison if not overridden in derived classes.
This may be confusing, because people expect value comparisons.
Use Pythons `is` for pointer comparison, or request/implement `operator==` on the C++ side if you need value-based equality checks.
  if("N/A" not in [tdf, ExTRUE_1D]):
/w/ceph24/hallb/clas12/users/richcap/SIDIS_Analysis_CLAS12_RichCap/Simple_RooUnfold_SelfContained.py:3147: FutureWarning: 
TObject.__eq__ is deprecated and will be removed in ROOT 6.40.

It forwards to TObject::Equals(), which uses pointer comparison if not overridden in derived classes.
This may be confusing, because people expect value comparisons.
Use Pythons `is` for pointer comparison, or request/implement `operator==` on the C++ side if you need value-based equality checks.
  if("N/A" not in [tdf, ExTRUE_1D]):
/w/ceph24/hallb/clas12/users/richcap/SIDIS_Analysis_CLAS12_RichCap/Simple_RooUnfold_SelfContained.py:3154: FutureWarning: 
TObject.__eq__ is deprecated and will be removed in ROOT 6.40.

It forwards to TObject::Equals(), which uses pointer comparison if not overridden in derived classes.
This may be confusing, because people expect value comparisons.
Use Pythons `is` for pointer comparison, or request/implement `operator==` on the C++ side if you need value-based equality checks.
  if("N/A" not in [tdf, ExTRUE_1D]):
/w/ceph24/hallb/clas12/users/richcap/SIDIS_Analysis_CLAS12_RichCap/Simple_RooUnfold_SelfContained.py:3161: FutureWarning: 
TObject.__eq__ is deprecated and will be removed in ROOT 6.40.

It forwards to TObject::Equals(), which uses pointer comparison if not overridden in derived classes.
This may be confusing, because people expect value comparisons.
Use Pythons `is` for pointer comparison, or request/implement `operator==` on the C++ side if you need value-based equality checks.
  if("N/A" not in [tdf, ExTRUE_1D]):
/w/ceph24/hallb/clas12/users/richcap/SIDIS_Analysis_CLAS12_RichCap/Simple_RooUnfold_SelfContained.py:3187: FutureWarning: 
TObject.__eq__ is deprecated and will be removed in ROOT 6.40.

It forwards to TObject::Equals(), which uses pointer comparison if not overridden in derived classes.
This may be confusing, because people expect value comparisons.
Use Pythons `is` for pointer comparison, or request/implement `operator==` on the C++ side if you need value-based equality checks.
  if("N/A" not in [tdf, ExTRUE_1D]):
/w/ceph24/hallb/clas12/users/richcap/SIDIS_Analysis_CLAS12_RichCap/Simple_RooUnfold_SelfContained.py:506: FutureWarning: 
TObject.__eq__ is deprecated and will be removed in ROOT 6.40.

It forwards to TObject::Equals(), which uses pointer comparison if not overridden in derived classes.
This may be confusing, because people expect value comparisons.
Use Pythons `is` for pointer comparison, or request/implement `operator==` on the C++ side if you need value-based equality checks.
  if(Response_2D in ["N/A", "None", "Error"]):
/w/ceph24/hallb/clas12/users/richcap/SIDIS_Analysis_CLAS12_RichCap/Simple_RooUnfold_SelfContained.py:517: FutureWarning: 
TObject.__eq__ is deprecated and will be removed in ROOT 6.40.

It forwards to TObject::Equals(), which uses pointer comparison if not overridden in derived classes.
This may be confusing, because people expect value comparisons.
Use Pythons `is` for pointer comparison, or request/implement `operator==` on the C++ side if you need value-based equality checks.
  if(MC_BGS_1D not in ["None"]):
TH1D::Sumw2:0: RuntimeWarning: Sum of squares of weights structure already created
/w/ceph24/hallb/clas12/users/richcap/SIDIS_Analysis_CLAS12_RichCap/Simple_RooUnfold_SelfContained.py:546: FutureWarning: 
TObject.__eq__ is deprecated and will be removed in ROOT 6.40.

It forwards to TObject::Equals(), which uses pointer comparison if not overridden in derived classes.
This may be confusing, because people expect value comparisons.
Use Pythons `is` for pointer comparison, or request/implement `operator==` on the C++ side if you need value-based equality checks.
  if(Response_2D in ["N/A", "None", "Error"]):
/w/ceph24/hallb/clas12/users/richcap/SIDIS_Analysis_CLAS12_RichCap/Simple_RooUnfold_SelfContained.py:557: FutureWarning: 
TObject.__eq__ is deprecated and will be removed in ROOT 6.40.

It forwards to TObject::Equals(), which uses pointer comparison if not overridden in derived classes.
This may be confusing, because people expect value comparisons.
Use Pythons `is` for pointer comparison, or request/implement `operator==` on the C++ side if you need value-based equality checks.
  if((("RooUnfold" in str(Method)) or (str(Method) in ["Default"]) or (Method in ["Bin", "bin", "Bin-by-Bin", "Bin by Bin"])) and (Response_2D not in ["N/A", "None", "Error"])):
Subtract 73354.1 fakes from measured distribution
/w/ceph24/hallb/clas12/users/richcap/SIDIS_Analysis_CLAS12_RichCap/Simple_RooUnfold_SelfContained.py:504: FutureWarning: 
TObject.__eq__ is deprecated and will be removed in ROOT 6.40.

It forwards to TObject::Equals(), which uses pointer comparison if not overridden in derived classes.
This may be confusing, because people expect value comparisons.
Use Pythons `is` for pointer comparison, or request/implement `operator==` on the C++ side if you need value-based equality checks.
  elif((Method in ["Bin", "bin", "Bin-by-Bin", "Bin by Bin"]) or (Response_2D in ["N/A", "None", "Error"])):
Using response matrix priors
Priors:

Vector (698)  is as follows

     |        1  |
------------------
   0 |0 
   1 |0.642692 
   2 |0.000619546 
   3 |0.000620137 
   4 |0.000619353 
   5 |0.000617605 
   6 |0.000621337 
   7 |0.0006197 
   8 |0.000621033 
   9 |0.000620954 
  10 |0.000620793 
  11 |0.000621871 
  12 |0.000623347 
  13 |0.000621477 
  14 |0.000620438 
  15 |0.000619511 
  16 |0.000617479 
  17 |0.000620771 
  18 |0.000620241 
  19 |0.000621774 
  20 |0.000620779 
  21 |0.000618149 
  22 |0.000621044 
  23 |0.000620446 
  24 |0.000621635 
  25 |0.000619561 
  26 |0.000475983 
  27 |0.000475073 
  28 |0.000472841 
  29 |0.000473637 
  30 |0.000474425 
  31 |0.000472913 
  32 |0.000471058 
  33 |0.00047225 
  34 |0.000472996 
  35 |0.000473841 
  36 |0.000475371 
  37 |0.000475997 
  38 |0.000473519 
  39 |0.000474038 
  40 |0.000474342 
  41 |0.000471684 
  42 |0.000471161 
  43 |0.000475141 
  44 |0.00047315 
  45 |0.000474102 
  46 |0.000473354 
  47 |0.000476986 
  48 |0.000472612 
  49 |0.00047114 
  50 |0.000509305 
  51 |0.000509903 
  52 |0.000512539 
  53 |0.000511074 
  54 |0.000513077 
  55 |0.000512392 
  56 |0.000515674 
  57 |0.000511536 
  58 |0.000512955 
  59 |0.000514341 
  60 |0.000513528 
  61 |0.000512915 
  62 |0.000511174 
  63 |0.00051222 
  64 |0.000514098 
  65 |0.000509133 
  66 |0.000510419 
  67 |0.000511174 
  68 |0.000513399 
  69 |0.000510698 
  70 |0.000509756 
  71 |0.000513539 
  72 |0.000514012 
  73 |0.000510684 
  74 |0.00049273 
  75 |0.000495348 
  76 |0.00049139 
  77 |0.000491856 
  78 |0.000491472 
  79 |0.00049388 
  80 |0.000492619 
  81 |0.000492493 
  82 |0.00049398 
  83 |0.000492938 
  84 |0.000494797 
  85 |0.000494385 
  86 |0.000493357 
  87 |0.000493905 
  88 |0.000494607 
  89 |0.000494338 
  90 |0.000492246 
  91 |0.000492966 
  92 |0.000494259 
  93 |0.000491394 
  94 |0.000493443 
  95 |0.000492461 
  96 |0.000490846 
  97 |0.000495291 
  98 |0.000612482 
  99 |0.000616401 
 100 |0.000615964 
 101 |0.000612794 
 102 |0.000613518 
 103 |0.000617952 
 104 |0.000615592 
 105 |0.000616982 
 106 |0.000616154 
 107 |0.000614864 
 108 |0.000616029 
 109 |0.000619299 
 110 |0.000615882 
 111 |0.000616627 
 112 |0.0006196 
 113 |0.000617859 
 114 |0.000616509 
 115 |0.000614492 
 116 |0.000615337 
 117 |0.000615054 
 118 |0.000615964 
 119 |0.000615065 
 120 |0.000614399 
 121 |0.000614033 
 122 |0.000509215 
 123 |0.00050885 
 124 |0.000509441 
 125 |0.000508534 
 126 |0.00050794 
 127 |0.000509186 
 128 |0.000508868 
 129 |0.000509602 
 130 |0.000510376 
 131 |0.000509534 
 132 |0.000510694 
 133 |0.00050862 
 134 |0.00051092 
 135 |0.000513012 
 136 |0.000508334 
 137 |0.000511071 
 138 |0.000507198 
 139 |0.000513177 
 140 |0.000510182 
 141 |0.00050717 
 142 |0.00050885 
 143 |0.000505905 
 144 |0.000508502 
 145 |0.000508162 
 146 |0.000241905 
 147 |0.000239835 
 148 |0.000241024 
 149 |0.000242364 
 150 |0.000241937 
 151 |0.000242142 
 152 |0.00024294 
 153 |0.000243642 
 154 |0.000242647 
 155 |0.00024351 
 156 |0.000243266 
 157 |0.000243001 
 158 |0.000242622 
 159 |0.000243102 
 160 |0.000242919 
 161 |0.000243073 
 162 |0.000240175 
 163 |0.000243195 
 164 |0.00024245 
 165 |0.000240823 
 166 |0.000240358 
 167 |0.000240687 
 168 |0.000242253 
 169 |0.000241214 
 170 |0.000742584 
 171 |0.000738647 
 172 |0.000741337 
 173 |0.000736838 
 174 |0.000739141 
 175 |0.000744328 
 176 |0.000739041 
 177 |0.000741939 
 178 |0.000742011 
 179 |0.000741835 
 180 |0.000741223 
 181 |0.000740438 
 182 |0.000741595 
 183 |0.000740159 
 184 |0.000739782 
 185 |0.00074205 
 186 |0.000743275 
 187 |0.000742211 
 188 |0.000740112 
 189 |0.000742021 
 190 |0.00074085 
 191 |0.000737074 
 192 |0.000742183 
 193 |0.000739073 
 194 |0.000558108 
 195 |0.000557206 
 196 |0.00055689 
 197 |0.000557041 
 198 |0.000555067 
 199 |0.000560544 
 200 |0.000557736 
 201 |0.000557098 
 202 |0.000555816 
 203 |0.000558184 
 204 |0.000558957 
 205 |0.00055986 
 206 |0.00056025 
 207 |0.000558409 
 208 |0.000560039 
 209 |0.000556647 
 210 |0.000556715 
 211 |0.000555654 
 212 |0.000560093 
 213 |0.000560229 
 214 |0.0005578 
 215 |0.000557478 
 216 |0.000555669 
 217 |0.000555859 
 218 |0.000586142 
 219 |0.000582929 
 220 |0.000587264 
 221 |0.000584896 
 222 |0.00058702 
 223 |0.000588048 
 224 |0.000587117 
 225 |0.000585132 
 226 |0.000585541 
 227 |0.000588962 
 228 |0.000589273 
 229 |0.000587497 
 230 |0.000585974 
 231 |0.000586307 
 232 |0.000583563 
 233 |0.000585079 
 234 |0.000585344 
 235 |0.000587113 
 236 |0.000585731 
 237 |0.000584968 
 238 |0.000584856 
 239 |0.00058591 
 240 |0.000585272 
 241 |0.000587099 
 242 |0.000536397 
 243 |0.000537471 
 244 |0.00053812 
 245 |0.000538016 
 246 |0.00053827 
 247 |0.000536035 
 248 |0.000541315 
 249 |0.000536135 
 250 |0.000540523 
 251 |0.000539434 
 252 |0.000537754 
 253 |0.000541763 
 254 |0.00054004 
 255 |0.000539818 
 256 |0.00053726 
 257 |0.000537199 
 258 |0.000538424 
 259 |0.000535429 
 260 |0.00054119 
 261 |0.000539721 
 262 |0.00053836 
 263 |0.000536945 
 264 |0.000537708 
 265 |0.000537844 
 266 |0.000618045 
 267 |0.00061701 
 268 |0.000618737 
 269 |0.000616416 
 270 |0.000622487 
 271 |0.000615688 
 272 |0.000618816 
 273 |0.000615549 
 274 |0.000615362 
 275 |0.00061787 
 276 |0.000618862 
 277 |0.000618078 
 278 |0.000617422 
 279 |0.000617558 
 280 |0.00061701 
 281 |0.000620277 
 282 |0.000618285 
 283 |0.000618235 
 284 |0.000618038 
 285 |0.000614775 
 286 |0.000617057 
 287 |0.000619156 
 288 |0.000619038 
 289 |0.000621105 
 290 |0.000447215 
 291 |0.000445624 
 292 |0.00044676 
 293 |0.000446738 
 294 |0.000446269 
 295 |0.000446881 
 296 |0.00044547 
 297 |0.000445345 
 298 |0.000446495 
 299 |0.000446763 
 300 |0.000446573 
 301 |0.000447018 
 302 |0.000447648 
 303 |0.000447186 
 304 |0.000447318 
 305 |0.000447533 
 306 |0.000445087 
 307 |0.000446186 
 308 |0.00044614 
 309 |0.000447351 
 310 |0.000448587 
 311 |0.000445212 
 312 |0.000446538 
 313 |0.000444786 
 314 |0.000194678 
 315 |0.000196128 
 316 |0.0001961 
 317 |0.000195283 
 318 |0.000196608 
 319 |0.000196766 
 320 |0.000198131 
 321 |0.000195903 
 322 |0.000197672 
 323 |0.000199238 
 324 |0.000197185 
 325 |0.000198389 
 326 |0.000197382 
 327 |0.000199019 
 328 |0.000195595 
 329 |0.000196332 
 330 |0.000197024 
 331 |0.000196744 
 332 |0.00019515 
 333 |0.000193227 
 334 |0.000195315 
 335 |0.000197156 
 336 |0.000196504 
 337 |0.000195895 
 338 |0.000619976 
 339 |0.000624207 
 340 |0.000623261 
 341 |0.000621341 
 342 |0.000622813 
 343 |0.00062344 
 344 |0.000624017 
 345 |0.000622093 
 346 |0.000623343 
 347 |0.000620703 
 348 |0.00062228 
 349 |0.000626825 
 350 |0.000622358 
 351 |0.0006218 
 352 |0.000623 
 353 |0.000622727 
 354 |0.00062325 
 355 |0.000624529 
 356 |0.000622491 
 357 |0.000623326 
 358 |0.000626331 
 359 |0.000623609 
 360 |0.000619568 
 361 |0.000624955 
 362 |0.000471613 
 363 |0.000470864 
 364 |0.000470169 
 365 |0.000469596 
 366 |0.000471111 
 367 |0.000469327 
 368 |0.000472276 
 369 |0.000472437 
 370 |0.000471183 
 371 |0.000471172 
 372 |0.000471477 
 373 |0.000474321 
 374 |0.000473078 
 375 |0.00047297 
 376 |0.000470907 
 377 |0.000472075 
 378 |0.000470599 
 379 |0.000470893 
 380 |0.000470406 
 381 |0.000470004 
 382 |0.000469539 
 383 |0.000470595 
 384 |0.000472913 
 385 |0.000473117 
 386 |0.000486794 
 387 |0.000490946 
 388 |0.000487926 
 389 |0.00048942 
 390 |0.000488435 
 391 |0.000488689 
 392 |0.000489649 
 393 |0.000488152 
 394 |0.000483377 
 395 |0.000488155 
 396 |0.000486683 
 397 |0.000487776 
 398 |0.000487296 
 399 |0.000486962 
 400 |0.000489957 
 401 |0.000487604 
 402 |0.000490054 
 403 |0.000487665 
 404 |0.000485594 
 405 |0.000487675 
 406 |0.000488736 
 407 |0.00048841 
 408 |0.000488775 
 409 |0.00048827 
 410 |0.000433889 
 411 |0.000432384 
 412 |0.000434451 
 413 |0.000434562 
 414 |0.000436386 
 415 |0.000433925 
 416 |0.000434738 
 417 |0.000434007 
 418 |0.000435497 
 419 |0.000434953 
 420 |0.000434229 
 421 |0.000435719 
 422 |0.000434294 
 423 |0.000433699 
 424 |0.000433484 
 425 |0.00043376 
 426 |0.000435171 
 427 |0.000432986 
 428 |0.000432352 
 429 |0.000436887 
 430 |0.000435411 
 431 |0.0004339 
 432 |0.000434455 
 433 |0.000432757 
 434 |0.000471111 
 435 |0.000472788 
 436 |0.000474532 
 437 |0.000471767 
 438 |0.000474421 
 439 |0.000470825 
 440 |0.00047455 
 441 |0.000470567 
 442 |0.000472673 
 443 |0.000469786 
 444 |0.000472849 
 445 |0.000473809 
 446 |0.00047369 
 447 |0.000475023 
 448 |0.00047363 
 449 |0.000472476 
 450 |0.000471305 
 451 |0.000473522 
 452 |0.000476058 
 453 |0.000472587 
 454 |0.000471921 
 455 |0.000472003 
 456 |0.000472541 
 457 |0.000474016 
 458 |0.000322859 
 459 |0.000323643 
 460 |0.000323812 
 461 |0.00032192 
 462 |0.000322551 
 463 |0.000323339 
 464 |0.000322988 
 465 |0.000324106 
 466 |0.00032498 
 467 |0.000324521 
 468 |0.000323253 
 469 |0.000324983 
 470 |0.000326359 
 471 |0.000322583 
 472 |0.000324406 
 473 |0.0003234 
 474 |0.000324002 
 475 |0.000324457 
 476 |0.000322379 
 477 |0.000322519 
 478 |0.000324091 
 479 |0.000322121 
 480 |0.000321122 
 481 |0.000324421 
 482 |0.000589782 
 483 |0.000589775 
 484 |0.000587568 
 485 |0.000590602 
 486 |0.000590176 
 487 |0.000589646 
 488 |0.000589632 
 489 |0.000590208 
 490 |0.000589546 
 491 |0.000590104 
 492 |0.000589216 
 493 |0.000587479 
 494 |0.000587869 
 495 |0.000587292 
 496 |0.000588073 
 497 |0.000589105 
 498 |0.000590545 
 499 |0.000593816 
 500 |0.000590395 
 501 |0.000590466 
 502 |0.000589295 
 503 |0.000586092 
 504 |0.000590835 
 505 |0.000591498 
 506 |0.000449317 
 507 |0.000448339 
 508 |0.000449568 
 509 |0.000449375 
 510 |0.000450313 
 511 |0.000448418 
 512 |0.000446459 
 513 |0.000449493 
 514 |0.000447508 
 515 |0.000451338 
 516 |0.000449238 
 517 |0.000447397 
 518 |0.000447365 
 519 |0.000450091 
 520 |0.00044873 
 521 |0.000447422 
 522 |0.00044787 
 523 |0.000449049 
 524 |0.000446505 
 525 |0.000448518 
 526 |0.00044845 
 527 |0.000446448 
 528 |0.000448934 
 529 |0.00044825 
 530 |0.000456353 
 531 |0.000456374 
 532 |0.000459935 
 533 |0.000457245 
 534 |0.000458151 
 535 |0.000458412 
 536 |0.000456553 
 537 |0.000456371 
 538 |0.000457563 
 539 |0.000456041 
 540 |0.000457105 
 541 |0.000455335 
 542 |0.000456722 
 543 |0.000456811 
 544 |0.000457112 
 545 |0.000455923 
 546 |0.00045593 
 547 |0.000458957 
 548 |0.000458402 
 549 |0.000457148 
 550 |0.000455944 
 551 |0.000456854 
 552 |0.000456922 
 553 |0.000458842 
 554 |0.000392375 
 555 |0.000396219 
 556 |0.000392439 
 557 |0.000396258 
 558 |0.000394424 
 559 |0.000394864 
 560 |0.000395989 
 561 |0.000394732 
 562 |0.000397705 
 563 |0.000395319 
 564 |0.000394492 
 565 |0.000396555 
 566 |0.000397207 
 567 |0.000397279 
 568 |0.000398235 
 569 |0.000393725 
 570 |0.00039561 
 571 |0.000394775 
 572 |0.000393775 
 573 |0.000395549 
 574 |0.00039432 
 575 |0.00039595 
 576 |0.000394012 
 577 |0.000396254 
 578 |0.000417977 
 579 |0.000416161 
 580 |0.000415365 
 581 |0.000415308 
 582 |0.000416909 
 583 |0.000416336 
 584 |0.000416042 
 585 |0.000416221 
 586 |0.000416243 
 587 |0.000417447 
 588 |0.000417522 
 589 |0.000418274 
 590 |0.000415494 
 591 |0.000416841 
 592 |0.000416254 
 593 |0.000413585 
 594 |0.000416057 
 595 |0.000417124 
 596 |0.000416587 
 597 |0.000413843 
 598 |0.000416805 
 599 |0.000415272 
 600 |0.000417755 
 601 |0.00041774 
 602 |0.000830039 
 603 |0.000828993 
 604 |0.000829208 
 605 |0.000832955 
 606 |0.000831139 
 607 |0.000830394 
 608 |0.000829502 
 609 |0.000829373 
 610 |0.00082727 
 611 |0.000831497 
 612 |0.000830322 
 613 |0.000829609 
 614 |0.000830183 
 615 |0.000827815 
 616 |0.000831003 
 617 |0.000827983 
 618 |0.0008266 
 619 |0.000828821 
 620 |0.000829323 
 621 |0.000828073 
 622 |0.000830706 
 623 |0.000831497 
 624 |0.000829957 
 625 |0.000832099 
 626 |0.000633126 
 627 |0.00063112 
 628 |0.000633907 
 629 |0.000633746 
 630 |0.000634846 
 631 |0.000636318 
 632 |0.00063519 
 633 |0.000633721 
 634 |0.000633098 
 635 |0.000633062 
 636 |0.000633392 
 637 |0.000634352 
 638 |0.000631869 
 639 |0.000632292 
 640 |0.00063202 
 641 |0.000632987 
 642 |0.000631737 
 643 |0.000630787 
 644 |0.000632346 
 645 |0.000633653 
 646 |0.000635179 
 647 |0.000635376 
 648 |0.000631156 
 649 |0.000634595 
 650 |0.000628566 
 651 |0.000628856 
 652 |0.000629136 
 653 |0.000629089 
 654 |0.000628667 
 655 |0.000628613 
 656 |0.000628645 
 657 |0.000626883 
 658 |0.000627495 
 659 |0.000628738 
 660 |0.000625969 
 661 |0.000630074 
 662 |0.000629881 
 663 |0.000631711 
 664 |0.000628169 
 665 |0.000629451 
 666 |0.000628946 
 667 |0.000628781 
 668 |0.000631199 
 669 |0.000632141 
 670 |0.000629573 
 671 |0.000625604 
 672 |0.000629688 
 673 |0.000630991 
 674 |0.000525138 
 675 |0.000526893 
 676 |0.000525152 
 677 |0.00052435 
 678 |0.000526367 
 679 |0.000525367 
 680 |0.000526574 
 681 |0.000526044 
 682 |0.000525127 
 683 |0.000525134 
 684 |0.000524561 
 685 |0.000525278 
 686 |0.000526449 
 687 |0.000522637 
 688 |0.000525704 
 689 |0.000524239 
 690 |0.000524464 
 691 |0.000525836 
 692 |0.000524862 
 693 |0.000523988 
 694 |0.000523626 
 695 |0.000523307 
 696 |0.000523017 
 697 |0.000525349 

Now unfolding...
Iteration : 0
Chi^2 of change 133053
Iteration : 1
Chi^2 of change 6057.29
Iteration : 2
Chi^2 of change 1261.09
Iteration : 3
Chi^2 of change 406.615
Iteration : 4
Chi^2 of change 187.837
Iteration : 5
Chi^2 of change 115.522
Iteration : 6
Chi^2 of change 84.4357
Iteration : 7
Chi^2 of change 67.5152
Iteration : 8
Chi^2 of change 56.5899
Iteration : 9
Chi^2 of change 48.7523
Iteration : 10
Chi^2 of change 42.7726
Iteration : 11
Chi^2 of change 38.0356
Iteration : 12
Chi^2 of change 34.1864
Iteration : 13
Chi^2 of change 30.9986
Iteration : 14
Chi^2 of change 28.3172
Iteration : 15
Chi^2 of change 26.0314
Iteration : 16
Chi^2 of change 24.0597
Iteration : 17
Chi^2 of change 22.3409
Iteration : 18
Chi^2 of change 20.8281
Iteration : 19
Chi^2 of change 19.4851
Iteration : 20
Chi^2 of change 18.2836
Iteration : 21
Chi^2 of change 17.2012
Iteration : 22
Chi^2 of change 16.2199
Iteration : 23
Chi^2 of change 15.3254
Iteration : 24
Chi^2 of change 14.506
Using response matrix priors
Calculating covariances due to number of measured events
TH1D::Sumw2:0: RuntimeWarning: Sum of squares of weights structure already created
/w/ceph24/hallb/clas12/users/richcap/SIDIS_Analysis_CLAS12_RichCap/Simple_RooUnfold_SelfContained.py:1740: FutureWarning: 
TObject.__eq__ is deprecated and will be removed in ROOT 6.40.

It forwards to TObject::Equals(), which uses pointer comparison if not overridden in derived classes.
This may be confusing, because people expect value comparisons.
Use Pythons `is` for pointer comparison, or request/implement `operator==` on the C++ side if you need value-based equality checks.
  if(MC_BGS_1D not in ["None"]):
/w/ceph24/hallb/clas12/users/richcap/SIDIS_Analysis_CLAS12_RichCap/Simple_RooUnfold_SelfContained.py:1835: FutureWarning: 
TObject.__eq__ is deprecated and will be removed in ROOT 6.40.

It forwards to TObject::Equals(), which uses pointer comparison if not overridden in derived classes.
This may be confusing, because people expect value comparisons.
Use Pythons `is` for pointer comparison, or request/implement `operator==` on the C++ side if you need value-based equality checks.
  if(MC_BGS_1D not in ["None"]):
/w/ceph24/hallb/clas12/users/richcap/SIDIS_Analysis_CLAS12_RichCap/Simple_RooUnfold_SelfContained.py:1866: FutureWarning: 
TObject.__eq__ is deprecated and will be removed in ROOT 6.40.

It forwards to TObject::Equals(), which uses pointer comparison if not overridden in derived classes.
This may be confusing, because people expect value comparisons.
Use Pythons `is` for pointer comparison, or request/implement `operator==` on the C++ side if you need value-based equality checks.
  if(MC_BGS_1D not in ["None"]):
/w/ceph24/hallb/clas12/users/richcap/SIDIS_Analysis_CLAS12_RichCap/Simple_RooUnfold_SelfContained.py:3331: FutureWarning: 
TObject.__eq__ is deprecated and will be removed in ROOT 6.40.

It forwards to TObject::Equals(), which uses pointer comparison if not overridden in derived classes.
This may be confusing, because people expect value comparisons.
Use Pythons `is` for pointer comparison, or request/implement `operator==` on the C++ side if you need value-based equality checks.
  if(tdf not in ["N/A"]):

Adding the following extra title to the histograms:
	rho0 Normalized Subtraction Run


[1m[94mSmear option selected is: Smear[0m


[91mRunning Bin 'All' for Q2-y Bins by default (will skip at end)[0m


Running for Q2-xB/Q2-y Bins: '9', '0'
[1m
Starting RG-A SIDIS Analysis
[0m

Started running on [1m9-9-2026[0m at [1m01:28 p.m.[0m

The total number of histograms available for the [1mRDataFrame[0m in '[1m[94m/w/ceph24/hallb/clas12/users/richcap/SIDIS_Analysis_CLAS12_RichCap/Histo_Files_ROOT/DataFrames/hadd_ROOT_files_From_using_RDataFrames/SIDIS_epip_Response_Matrices_from_RDataFrames_Only_3D_Final_Thesis_Bank_Response_Matrices_Final_Thesis_Files_All.root[0m' is [1m1002[0m


[1mDone Loading RDataFrame files...
[0m
[1m[94m

Starting Unfolding Procedures...
[0m
Bin 1 is not in Q2_y_Bin_List = ['9', '0']
Bin 10 is not in Q2_y_Bin_List = ['9', '0']
Bin 11 is not in Q2_y_Bin_List = ['9', '0']
Bin 12 is not in Q2_y_Bin_List = ['9', '0']
Bin 13 is not in Q2_y_Bin_List = ['9', '0']
Bin 14 is not in Q2_y_Bin_List = ['9', '0']
Bin 15 is not in Q2_y_Bin_List = ['9', '0']
Bin 16 is not in Q2_y_Bin_List = ['9', '0']
Bin 17 is not in Q2_y_Bin_List = ['9', '0']
Bin 2 is not in Q2_y_Bin_List = ['9', '0']
Bin 3 is not in Q2_y_Bin_List = ['9', '0']
Bin 4 is not in Q2_y_Bin_List = ['9', '0']
Bin 5 is not in Q2_y_Bin_List = ['9', '0']
Bin 6 is not in Q2_y_Bin_List = ['9', '0']
Bin 7 is not in Q2_y_Bin_List = ['9', '0']
Bin 8 is not in Q2_y_Bin_List = ['9', '0']

Unfolding: ((Histo-Group='Response_Matrix_Normal'), (Data-Type='DataFrame_Type'), (Data-Cut='cut_Complete_SIDIS'), (Smear-Type='smear'), (Binning-Type='Y_bin'-[Q2-y-Bin=9, z-PT-Bin=All]), (Var-D1='MultiDim_z_pT_Bin_Y_bin_phi_t'-[NumBins=698, MinBin=-1.5, MaxBin=696.5]), (Var-D2='z_pT_Bin_Y_bin_smeared'-[NumBins=38, MinBin=-0.5, MaxBin=37.5]))
[1m[92mSubtracting the 'lundvpk' files to the 'ExREAL_1D_initial' histogram[0m
[1m[96mStarting [4m[95mBin-by-Bin[0m[1m[96m Unfolding Procedure...[0m
	[1mAcceptance Correction of Histogram:[0m
	((Histo-Group='Response_Matrix_Normal_1D'), (Data-Cut='cut_Complete_SIDIS'), (Smear-Type='smear'), (Binning-Type='Y_bin'-[Q2-y-Bin=9, z-PT-Bin=All]), (Var-D1='MultiDim_z_pT_Bin_Y_bin_phi_t'))
[91m
Bin 27 had a very low acceptance...
	(cut_criteria = 0.0005)
	(Bin_Content  = 0.00014299153339604893)[0m
[91m
Bin 49 had a very low acceptance...
	(cut_criteria = 0.0005)
	(Bin_Content  = 3.789773674716146e-05)[0m
[91m
Bin 50 had a very low acceptance...
	(cut_criteria = 0.0005)
	(Bin_Content  = 8.363556184089475e-05)[0m
[91m
Bin 52 had a very low acceptance...
	(cut_criteria = 0.0005)
	(Bin_Content  = 2.8100938571348285e-05)[0m
[91m
Bin 100 had a very low acceptance...
	(cut_criteria = 0.0005)
	(Bin_Content  = 1.743435963597057e-05)[0m
[91m
Bin 121 had a very low acceptance...
	(cut_criteria = 0.0005)
	(Bin_Content  = 2.3321575372416408e-05)[0m
[91m
Bin 243 had a very low acceptance...
	(cut_criteria = 0.0005)
	(Bin_Content  = 1.3356484573260318e-05)[0m
[91m
Bin 266 had a very low acceptance...
	(cut_criteria = 0.0005)
	(Bin_Content  = 6.6602728047740835e-06)[0m
[91m
Bin 387 had a very low acceptance...
	(cut_criteria = 0.0005)
	(Bin_Content  = 0.00010302223072564445)[0m
[91m
Bin 410 had a very low acceptance...
	(cut_criteria = 0.0005)
	(Bin_Content  = 0.00010271083232456623)[0m
[91m
Bin 506 had a very low acceptance...
	(cut_criteria = 0.0005)
	(Bin_Content  = 0.0004057605891401509)[0m
[91m
Bin 530 had a very low acceptance...
	(cut_criteria = 0.0005)
	(Bin_Content  = 1.598299409428368e-05)[0m
[91m
Bin 603 had a very low acceptance...
	(cut_criteria = 0.0005)
	(Bin_Content  = 8.63136725172951e-05)[0m
[91m
Bin 604 had a very low acceptance...
	(cut_criteria = 0.0005)
	(Bin_Content  = 0.0004321129024591545)[0m
[91m
Bin 626 had a very low acceptance...
	(cut_criteria = 0.0005)
	(Bin_Content  = 0.00021955503512880562)[0m
[1m[96mFinished [95mBin-by-Bin[0m[1m[96m Unfolding Procedure.[0m

Current Time: [1m01:28 p.m.[0m
Time Elapsed Up To Now:
0 Day(s), 0 Hour(s), 0 Minute(s), and 0 Second(s).

[1m[96mStarting [4m[92mRooUnfold[0m[1m[96m Unfolding Procedure...[0m
	[1mUnfolding Histogram:[0m
	((Histo-Group='Response_Matrix_Normal'), (Data-Cut='cut_Complete_SIDIS'), (Smear-Type='smear'), (Binning-Type='Y_bin'-[Q2-y-Bin=9, z-PT-Bin=All]), (Var-D1='MultiDim_z_pT_Bin_Y_bin_phi_t'))
	[96mUsing [1m[92mRooUnfold (Bin-by-Bin)[0m[96m Unfolding Procedure...[0m
[1m[96mFinished [92mRooUnfold (Bin-by-Bin)[0m[1m[96m Unfolding Procedure.
[0m
[1m[96mStarting [4m[92mRooUnfold[0m[1m[96m Unfolding Procedure...[0m

	[1mBegan Unfolding Histogram:[0m
	((Histo-Group='Response_Matrix_Normal'), (Data-Cut='cut_Complete_SIDIS'), (Smear-Type='smear'), (Binning-Type='Y_bin'-[Q2-y-Bin=9, z-PT-Bin=All]), (Var-D1='MultiDim_z_pT_Bin_Y_bin_phi_t'))
Time Elapsed Up To Now: 0 Day(s), 0 Hour(s), 0 Minute(s), and 1 Second(s). 
	[96mUsing [1m[92mRooUnfold (Bayesian)[0m[96m method to unfold...[0m
[1mPerforming Unfolding with [4m25[0m[1m iteration(s)...[0m

Current Time: [1m01:29 p.m.[0m
Time Elapsed Up To Now:
0 Day(s), 0 Hour(s), 0 Minute(s), and 29 Second(s).

[1m[96mFinished [92mRooUnfold (Bayesian)[0m[1m[96m Unfolding Procedure.
[0m

[94mRunning Multi3D_Slice(...)[0m


[94mRunning Multi3D_Slice(...)[0m


[94mRunning Multi3D_Slice(...)[0m


[94mRunning Multi3D_Slice(...)[0m


[94mRunning Multi3D_Slice(...)[0m


[94mRunning Multi3D_Slice(...)[0m


[94mRunning Multi3D_Slice(...)[0m


Unfolding: ((Histo-Group='Response_Matrix_Normal'), (Data-Type='DataFrame_Type'), (Data-Cut='cut_Complete_SIDIS'), (Smear-Type='smear'), (Binning-Type='Y_bin'-[Q2-y-Bin=All, z-PT-Bin=All]), (Var-D1='MultiDim_z_pT_Bin_Y_bin_phi_t'-[NumBins=770, MinBin=-1.5, MaxBin=768.5]), (Var-D2='z_pT_Bin_Y_bin_smeared'-[NumBins=38, MinBin=-0.5, MaxBin=37.5]))
[1m[92mSubtracting the 'lundvpk' files to the 'ExREAL_1D_initial' histogram[0m
Total: 2


Counting Total Number of/Saving collected histograms...
[1m[94mSaving to: [1m[92m/w/ceph24/hallb/clas12/users/richcap/SIDIS_Analysis_CLAS12_RichCap/Unfolded_Parallel_SIDIS_epip_from_Only_3D_Final_Thesis_Bank_V1.root[0m

[1m[96mDone Saving![0m

Final Count = 220


Current Time: [1m01:29 p.m.[0m
Time Elapsed Up To Now:
0 Day(s), 0 Hour(s), 0 Minute(s), and 30 Second(s).

Conditions for running 'Create_Fits_and_Apply_RC_and_BC' were not set...
Need to run: '(args.fit and args.Use_TTree) or args.Apply_RC'


Counting Total Number of/Saving collected histograms...
[1m[94mSaving to: [1m[92m/w/ceph24/hallb/clas12/users/richcap/SIDIS_Analysis_CLAS12_RichCap/Unfolded_Parallel_SIDIS_epip_from_Only_3D_Final_Thesis_Bank_V1.root[0m

[1m[96mDone Saving![0m

Final Count = 220


Current Time: [1m01:29 p.m.[0m
Time Elapsed Up To Now:
0 Day(s), 0 Hour(s), 0 Minute(s), and 33 Second(s).





[1m[43mEMAIL MESSAGE TO SEND:[0m


The 'Simple_RooUnfold_SelfContained.py' script has finished running.
Started running on [1m9-9-2026[0m at [1m01:28 p.m.[0m

Input File:
	/w/ceph24/hallb/clas12/users/richcap/SIDIS_Analysis_CLAS12_RichCap/Histo_Files_ROOT/DataFrames/hadd_ROOT_files_From_using_RDataFrames/SIDIS_epip_Response_Matrices_from_RDataFrames_Only_3D_Final_Thesis_Bank_Response_Matrices_Final_Thesis_Files_All.root
Output File:
	/w/ceph24/hallb/clas12/users/richcap/SIDIS_Analysis_CLAS12_RichCap/Unfolded_Parallel_SIDIS_epip_from_Only_3D_Final_Thesis_Bank_V1.root

Coordinated 3D unfolding through the 'Run_simple_unfold_parallel.py' script. Ran 3D Unfolding with updated kinematic bins (based on the BC correction limitations). Used the work_b directory. Ran with 25 bayesian iterations (for testing of each Q2-y Bin). Ran with 1 Toy Unfoldings (for testing). Ran with Harut's exclusive 'lundvpk' rho0 events subtracted directly from data as background. Ran in tmuxSIDIS_2.

	[1mBegan Unfolding Histogram:[0m
	((Histo-Group='Response_Matrix_Normal'), (Data-Cut='cut_Complete_SIDIS'), (Smear-Type='smear'), (Binning-Type='Y_bin'-[Q2-y-Bin=9, z-PT-Bin=All]), (Var-D1='MultiDim_z_pT_Bin_Y_bin_phi_t'))
Time Elapsed Up To Now: 0 Day(s), 0 Hour(s), 0 Minute(s), and 1 Second(s). 
	Finished Unfolding the histogram at:
Time Elapsed Up To Now: 0 Day(s), 0 Hour(s), 0 Minute(s), and 29 Second(s). 

Arguments:
--unfolding_3D (3D Unfolding Only)                  --> True
--unfolding_5D (Ran 5D Unfolding Fits)              --> False
--run_sectors                                       --> False
--sectors_to_unfold                                 --> None
--allow_other_variables (for unfolding)             --> False
--simulation (unfolding synthetic data)             --> False
--modulation (data unfolded with modulated MC)      --> False
--closure  (modulated MC unfolded with itself)      --> False
--weighed_acceptance (use acceptance weights only)  --> False
--test                                              --> False
--verbose                                           --> False
--weight_tag                                        --> ''
--fit                                               --> False
--remake_fit                                        --> False
--CrossSection_Norm                                 --> False
--tag_proton                                        --> False
--cut_proton                                        --> False
--Common_Int_Bins                                   --> False
--bayes_iterations                                  --> 25
--Num_Toys                                          --> 1
--Unfold_Methods                                    --> ['Bayesian']
--title                                             --> 'rho0 Normalized Subtraction Run'
--EvGen                                             --> False
--Min_Allowed_Acceptance_Cut                        --> 0.0005
--Use_TTree                                         --> False
--Apply_RC                                          --> False
--Apply_BC                                          --> False
--Add_Uncertainties                                 --> False
--save_json                                         --> False
--json_name                                         --> None
--old_json                                          --> False
--background_source                                 --> 'lundvpk'
--use_spline_init                                   --> False
--fit_init_file                                     --> None
--data_root                                         --> 'work_b'
--pass_version                                      --> 'Pass 2'
--smearing_options                                  --> 'smear'
--Q2_y_Bin_List                                     --> ['9', '0']
--Run_5D_Unfold                                     --> False
--run_sec_unfold                                    --> False


The time that this code finished is [1m01:29 p.m.[0m
The total time the code took to run is:
0 Day(s), 0 Hour(s), 0 Minute(s), and 33 Second(s).
Saved 220 Histograms...
Rate = 6.67 Histograms/Seconds
    

[1m[92m[43m
    	                                   	   
    	This code has now finished running.	   
    	                                   	   [0m
    
    
