Full command: ./Simple_RooUnfold_SelfContained.py --unfolding_3D --smear --root Unfolded_Parallel_SIDIS_epip_from_Only_3D_1st_Order_V2.root --single_file_input /w/hallb-scshelf2102/clas12/richcap/SIDIS_Analysis/Histo_Files_ROOT/DataFrames/hadd_ROOT_files_From_using_RDataFrames/SIDIS_epip_Response_Matrices_from_RDataFrames_Only_3D_1st_Order_V2_Response_Matrices_Final_Analysis_Iterations_I0_All.root --background_source lundvpk -em 'Coordinated 3D unfolding through the '"'"'Run_simple_unfold_parallel.py'"'"' script. Ran 3D Unfolding with unique bayesian iterations set for each Q2-y Bin with 500 Toys (default) but WITHOUT Radiative Corrections. Ran with Harut'"'"'s exclusive '"'"'lundvpk'"'"' rho0 events subtracted directly from data as background. Ran in tmuxSIDIS.' -ti '#rho^{0} Normalized Subtraction Run' 9
TH1D::Sumw2:0: RuntimeWarning: Sum of squares of weights structure already created
Subtract 87228.9 fakes from measured distribution
Using response matrix priors
Priors:

Vector (698)  is as follows

     |        1  |
------------------
   0 |0 
   1 |0.642696 
   2 |0.000619798 
   3 |0.000620254 
   4 |0.000620259 
   5 |0.00061717 
   6 |0.000620894 
   7 |0.00061749 
   8 |0.000620406 
   9 |0.000621421 
  10 |0.000619477 
  11 |0.000622881 
  12 |0.000624912 
  13 |0.000622116 
  14 |0.000619521 
  15 |0.000619179 
  16 |0.000618294 
  17 |0.000619781 
  18 |0.000621014 
  19 |0.000620102 
  20 |0.000622909 
  21 |0.000620221 
  22 |0.000619227 
  23 |0.000622398 
  24 |0.000621513 
  25 |0.000618923 
  26 |0.000475455 
  27 |0.000476921 
  28 |0.000472468 
  29 |0.000473435 
  30 |0.000475303 
  31 |0.000471822 
  32 |0.000469504 
  33 |0.000472848 
  34 |0.000473619 
  35 |0.000474135 
  36 |0.000476361 
  37 |0.000476807 
  38 |0.000472197 
  39 |0.000474445 
  40 |0.000473918 
  41 |0.00047116 
  42 |0.00046971 
  43 |0.000472827 
  44 |0.000472175 
  45 |0.000474374 
  46 |0.000473533 
  47 |0.000475275 
  48 |0.000472827 
  49 |0.000469824 
  50 |0.00051035 
  51 |0.000510909 
  52 |0.000510676 
  53 |0.00051193 
  54 |0.000514265 
  55 |0.00051162 
  56 |0.000516697 
  57 |0.000512625 
  58 |0.000514444 
  59 |0.000514759 
  60 |0.000513912 
  61 |0.000513396 
  62 |0.000510165 
  63 |0.000511838 
  64 |0.000514791 
  65 |0.000510187 
  66 |0.000511327 
  67 |0.000510996 
  68 |0.000512353 
  69 |0.000511192 
  70 |0.000509438 
  71 |0.000513293 
  72 |0.000511566 
  73 |0.000512109 
  74 |0.0004936 
  75 |0.00049625 
  76 |0.000490266 
  77 |0.000490635 
  78 |0.000488947 
  79 |0.000492764 
  80 |0.000492731 
  81 |0.00049044 
  82 |0.000491591 
  83 |0.000493969 
  84 |0.000495479 
  85 |0.00049448 
  86 |0.000494979 
  87 |0.000494898 
  88 |0.00049468 
  89 |0.000493046 
  90 |0.000491629 
  91 |0.000493519 
  92 |0.000494648 
  93 |0.000493377 
  94 |0.000493285 
  95 |0.000493008 
  96 |0.000491434 
  97 |0.000496863 
  98 |0.000615025 
  99 |0.000616138 
 100 |0.000614601 
 101 |0.000613212 
 102 |0.000615193 
 103 |0.000619624 
 104 |0.000617913 
 105 |0.000618565 
 106 |0.000618038 
 107 |0.000614069 
 108 |0.000614086 
 109 |0.000619379 
 110 |0.000615405 
 111 |0.000616974 
 112 |0.000620851 
 113 |0.000615649 
 114 |0.000617463 
 115 |0.000614916 
 116 |0.000615834 
 117 |0.000615525 
 118 |0.000615628 
 119 |0.000615307 
 120 |0.000614835 
 121 |0.000614216 
 122 |0.000510833 
 123 |0.000508146 
 124 |0.000508705 
 125 |0.000509726 
 126 |0.000507098 
 127 |0.000508683 
 128 |0.000509275 
 129 |0.00050915 
 130 |0.000511572 
 131 |0.000509899 
 132 |0.000511669 
 133 |0.00050801 
 134 |0.000511316 
 135 |0.000513135 
 136 |0.000508113 
 137 |0.000510866 
 138 |0.000507842 
 139 |0.000514824 
 140 |0.000510127 
 141 |0.000507537 
 142 |0.000506316 
 143 |0.000506837 
 144 |0.000509242 
 145 |0.000506609 
 146 |0.000240928 
 147 |0.000239983 
 148 |0.000241373 
 149 |0.000242665 
 150 |0.000241026 
 151 |0.000242872 
 152 |0.000242872 
 153 |0.000243122 
 154 |0.000241563 
 155 |0.000243046 
 156 |0.000242063 
 157 |0.000243007 
 158 |0.000242828 
 159 |0.000243035 
 160 |0.000244278 
 161 |0.000242709 
 162 |0.000240868 
 163 |0.000243947 
 164 |0.000242209 
 165 |0.000240705 
 166 |0.000239858 
 167 |0.000239207 
 168 |0.000241026 
 169 |0.000240591 
 170 |0.000742075 
 171 |0.000740229 
 172 |0.000740886 
 173 |0.000736852 
 174 |0.00073872 
 175 |0.000744953 
 176 |0.000737753 
 177 |0.000740929 
 178 |0.000743595 
 179 |0.00074423 
 180 |0.00074416 
 181 |0.000739029 
 182 |0.000740891 
 183 |0.000740071 
 184 |0.000739415 
 185 |0.000743242 
 186 |0.000746223 
 187 |0.00074258 
 188 |0.000739784 
 189 |0.00073999 
 190 |0.000741901 
 191 |0.000734414 
 192 |0.000740272 
 193 |0.00073898 
 194 |0.000556701 
 195 |0.000557576 
 196 |0.000556859 
 197 |0.000555083 
 198 |0.000555697 
 199 |0.000560252 
 200 |0.000558938 
 201 |0.000554312 
 202 |0.000554399 
 203 |0.000558043 
 204 |0.000557136 
 205 |0.000559438 
 206 |0.000559161 
 207 |0.000557972 
 208 |0.000560627 
 209 |0.000556701 
 210 |0.000558862 
 211 |0.000556278 
 212 |0.000558124 
 213 |0.000557874 
 214 |0.000557891 
 215 |0.000559069 
 216 |0.000555914 
 217 |0.00055649 
 218 |0.000588589 
 219 |0.000581737 
 220 |0.000587601 
 221 |0.000585157 
 222 |0.00058607 
 223 |0.0005886 
 224 |0.000588383 
 225 |0.000583713 
 226 |0.000584614 
 227 |0.000588909 
 228 |0.000589436 
 229 |0.00058936 
 230 |0.00058683 
 231 |0.000586813 
 232 |0.000582996 
 233 |0.000585022 
 234 |0.000585239 
 235 |0.000585842 
 236 |0.000583529 
 237 |0.000584555 
 238 |0.000586146 
 239 |0.000586879 
 240 |0.000584864 
 241 |0.000586591 
 242 |0.00053728 
 243 |0.000537296 
 244 |0.000539506 
 245 |0.000539381 
 246 |0.000539685 
 247 |0.000535689 
 248 |0.000540934 
 249 |0.000535662 
 250 |0.000538893 
 251 |0.000539566 
 252 |0.000537106 
 253 |0.000542878 
 254 |0.00053962 
 255 |0.000540207 
 256 |0.000539653 
 257 |0.000534343 
 258 |0.000538008 
 259 |0.000534853 
 260 |0.000541211 
 261 |0.000539593 
 262 |0.000538263 
 263 |0.00053791 
 264 |0.000537682 
 265 |0.000538008 
 266 |0.000618581 
 267 |0.000618315 
 268 |0.000617789 
 269 |0.000617034 
 270 |0.000622241 
 271 |0.000615248 
 272 |0.000618945 
 273 |0.0006154 
 274 |0.00061578 
 275 |0.000618619 
 276 |0.00062002 
 277 |0.000617213 
 278 |0.000616301 
 279 |0.000616996 
 280 |0.000617159 
 281 |0.000619743 
 282 |0.000617457 
 283 |0.000618489 
 284 |0.000619103 
 285 |0.000616263 
 286 |0.000614786 
 287 |0.00061996 
 288 |0.000618847 
 289 |0.000620172 
 290 |0.000446716 
 291 |0.000446211 
 292 |0.000445375 
 293 |0.000446336 
 294 |0.000447656 
 295 |0.000447031 
 296 |0.000446076 
 297 |0.00044468 
 298 |0.000447764 
 299 |0.000446439 
 300 |0.00044796 
 301 |0.000448497 
 302 |0.000446027 
 303 |0.000447232 
 304 |0.000447406 
 305 |0.000448128 
 306 |0.000445088 
 307 |0.000446629 
 308 |0.000447509 
 309 |0.000446353 
 310 |0.00044929 
 311 |0.000444702 
 312 |0.000445761 
 313 |0.000445288 
 314 |0.000194718 
 315 |0.000196678 
 316 |0.000196558 
 317 |0.000194951 
 318 |0.000196471 
 319 |0.000196401 
 320 |0.000197639 
 321 |0.000195923 
 322 |0.000198013 
 323 |0.000197731 
 324 |0.000197123 
 325 |0.000197834 
 326 |0.000196873 
 327 |0.000198893 
 328 |0.000196596 
 329 |0.000196803 
 330 |0.000196607 
 331 |0.000197655 
 332 |0.000195065 
 333 |0.000192958 
 334 |0.000195467 
 335 |0.000196461 
 336 |0.000195163 
 337 |0.000196537 
 338 |0.000620579 
 339 |0.000626856 
 340 |0.000622746 
 341 |0.000620476 
 342 |0.000623609 
 343 |0.000622729 
 344 |0.000623528 
 345 |0.000622539 
 346 |0.0006235 
 347 |0.000619445 
 348 |0.000621692 
 349 |0.000625553 
 350 |0.000624147 
 351 |0.000621242 
 352 |0.000621768 
 353 |0.000623506 
 354 |0.000623044 
 355 |0.000626188 
 356 |0.000622822 
 357 |0.000622892 
 358 |0.000627057 
 359 |0.000623794 
 360 |0.000620112 
 361 |0.000625162 
 362 |0.000470275 
 363 |0.000470769 
 364 |0.000470313 
 365 |0.00047065 
 366 |0.000470514 
 367 |0.000468923 
 368 |0.000473924 
 369 |0.000470215 
 370 |0.000472897 
 371 |0.000473875 
 372 |0.000471361 
 373 |0.000473001 
 374 |0.000472061 
 375 |0.000472398 
 376 |0.000471372 
 377 |0.000471106 
 378 |0.000470948 
 379 |0.000470812 
 380 |0.00047167 
 381 |0.00046971 
 382 |0.000467875 
 383 |0.00047046 
 384 |0.000473136 
 385 |0.000471643 
 386 |0.000486933 
 387 |0.000491016 
 388 |0.000487834 
 389 |0.00048854 
 390 |0.00049025 
 391 |0.00049006 
 392 |0.000490179 
 393 |0.000487144 
 394 |0.000481899 
 395 |0.000488236 
 396 |0.000486411 
 397 |0.000486672 
 398 |0.000488323 
 399 |0.000488643 
 400 |0.000490831 
 401 |0.000486813 
 402 |0.000489702 
 403 |0.00048772 
 404 |0.00048646 
 405 |0.000487171 
 406 |0.000487226 
 407 |0.000488333 
 408 |0.000488703 
 409 |0.000487807 
 410 |0.000433561 
 411 |0.000431188 
 412 |0.000434174 
 413 |0.000435369 
 414 |0.000435792 
 415 |0.000434875 
 416 |0.000435179 
 417 |0.000434033 
 418 |0.000433534 
 419 |0.000434489 
 420 |0.000432627 
 421 |0.000436145 
 422 |0.000437573 
 423 |0.000434077 
 424 |0.000433925 
 425 |0.000435255 
 426 |0.000434733 
 427 |0.000432133 
 428 |0.000432649 
 429 |0.000436732 
 430 |0.000436069 
 431 |0.000432947 
 432 |0.000434131 
 433 |0.00043267 
 434 |0.000470682 
 435 |0.000475015 
 436 |0.000474553 
 437 |0.000471296 
 438 |0.000473429 
 439 |0.000473017 
 440 |0.000475427 
 441 |0.00047223 
 442 |0.000473652 
 443 |0.000469971 
 444 |0.000472783 
 445 |0.000472105 
 446 |0.00047274 
 447 |0.000475607 
 448 |0.000475373 
 449 |0.000474092 
 450 |0.000471328 
 451 |0.000473153 
 452 |0.000475465 
 453 |0.00047148 
 454 |0.000471002 
 455 |0.000471996 
 456 |0.000474499 
 457 |0.000472843 
 458 |0.000323793 
 459 |0.000323206 
 460 |0.000323462 
 461 |0.000322017 
 462 |0.000321952 
 463 |0.000323961 
 464 |0.000321654 
 465 |0.000325025 
 466 |0.000324803 
 467 |0.000325753 
 468 |0.000324021 
 469 |0.000324602 
 470 |0.000325384 
 471 |0.000321969 
 472 |0.000324173 
 473 |0.00032275 
 474 |0.000321833 
 475 |0.000323673 
 476 |0.000322604 
 477 |0.000322989 
 478 |0.000323565 
 479 |0.000322511 
 480 |0.00032243 
 481 |0.000323684 
 482 |0.000590098 
 483 |0.000589626 
 484 |0.000587682 
 485 |0.000590049 
 486 |0.00058955 
 487 |0.000592058 
 488 |0.000588573 
 489 |0.000592319 
 490 |0.000589642 
 491 |0.000589208 
 492 |0.000589919 
 493 |0.000586368 
 494 |0.000589371 
 495 |0.000585966 
 496 |0.000587014 
 497 |0.000590315 
 498 |0.000591206 
 499 |0.000593128 
 500 |0.000589767 
 501 |0.000589029 
 502 |0.000588453 
 503 |0.000585423 
 504 |0.000590788 
 505 |0.00059025 
 506 |0.000449985 
 507 |0.000449035 
 508 |0.000449572 
 509 |0.000449545 
 510 |0.000448926 
 511 |0.00044834 
 512 |0.000447661 
 513 |0.000449871 
 514 |0.000445886 
 515 |0.000450267 
 516 |0.000450077 
 517 |0.000446309 
 518 |0.000446988 
 519 |0.000450387 
 520 |0.000449008 
 521 |0.00044771 
 522 |0.000446966 
 523 |0.000448209 
 524 |0.000445962 
 525 |0.000448839 
 526 |0.000448888 
 527 |0.000448774 
 528 |0.000448579 
 529 |0.000448052 
 530 |0.000455805 
 531 |0.000455507 
 532 |0.000461517 
 533 |0.000458216 
 534 |0.000456815 
 535 |0.000457863 
 536 |0.000456902 
 537 |0.000455642 
 538 |0.000458227 
 539 |0.000456365 
 540 |0.000455985 
 541 |0.000456984 
 542 |0.000457869 
 543 |0.00045517 
 544 |0.000457266 
 545 |0.000453786 
 546 |0.000455572 
 547 |0.000459443 
 548 |0.000458547 
 549 |0.00045605 
 550 |0.000456386 
 551 |0.00045618 
 552 |0.000457461 
 553 |0.000458026 
 554 |0.000392069 
 555 |0.000397009 
 556 |0.000392807 
 557 |0.000396298 
 558 |0.000393687 
 559 |0.000395337 
 560 |0.000394925 
 561 |0.000396418 
 562 |0.000396716 
 563 |0.000394751 
 564 |0.000394268 
 565 |0.00039619 
 566 |0.000398291 
 567 |0.000397601 
 568 |0.000398095 
 569 |0.000394094 
 570 |0.000394756 
 571 |0.000395761 
 572 |0.000392872 
 573 |0.000395495 
 574 |0.000394289 
 575 |0.000395505 
 576 |0.000394474 
 577 |0.00039714 
 578 |0.000418016 
 579 |0.000415524 
 580 |0.000416121 
 581 |0.000414395 
 582 |0.000417962 
 583 |0.000416295 
 584 |0.000416642 
 585 |0.000416588 
 586 |0.000413982 
 587 |0.00041788 
 588 |0.0004199 
 589 |0.00041617 
 590 |0.000417636 
 591 |0.000415529 
 592 |0.000416599 
 593 |0.000413624 
 594 |0.000416148 
 595 |0.000418114 
 596 |0.000417305 
 597 |0.000413944 
 598 |0.000416724 
 599 |0.000417082 
 600 |0.000417631 
 601 |0.000418858 
 602 |0.000829663 
 603 |0.000829283 
 604 |0.000827378 
 605 |0.000832541 
 606 |0.000833187 
 607 |0.000830597 
 608 |0.000830624 
 609 |0.000828165 
 610 |0.000829908 
 611 |0.000829951 
 612 |0.000828659 
 613 |0.000828442 
 614 |0.000830244 
 615 |0.000828849 
 616 |0.00083228 
 617 |0.00082867 
 618 |0.00082836 
 619 |0.000827959 
 620 |0.00082848 
 621 |0.00082817 
 622 |0.000831368 
 623 |0.000831091 
 624 |0.000830586 
 625 |0.000831357 
 626 |0.000634186 
 627 |0.000630005 
 628 |0.000633545 
 629 |0.000633599 
 630 |0.00063393 
 631 |0.000636531 
 632 |0.000635825 
 633 |0.00063241 
 634 |0.00063405 
 635 |0.000635044 
 636 |0.000635831 
 637 |0.000633768 
 638 |0.000632046 
 639 |0.000632861 
 640 |0.000633121 
 641 |0.000632975 
 642 |0.000631465 
 643 |0.000630314 
 644 |0.000633111 
 645 |0.000632106 
 646 |0.000634978 
 647 |0.000635331 
 648 |0.000631715 
 649 |0.000635853 
 650 |0.000628392 
 651 |0.000627328 
 652 |0.00062912 
 653 |0.000629028 
 654 |0.00062823 
 655 |0.000628468 
 656 |0.000627518 
 657 |0.000626449 
 658 |0.000625884 
 659 |0.000628762 
 660 |0.000624814 
 661 |0.000628159 
 662 |0.000631753 
 663 |0.000632269 
 664 |0.000626758 
 665 |0.000631417 
 666 |0.000627241 
 667 |0.000628012 
 668 |0.000629793 
 669 |0.000630776 
 670 |0.000628664 
 671 |0.000625911 
 672 |0.000628816 
 673 |0.000632801 
 674 |0.000524814 
 675 |0.000529538 
 676 |0.000524353 
 677 |0.000524315 
 678 |0.000525574 
 679 |0.000525113 
 680 |0.000527062 
 681 |0.000527312 
 682 |0.000525118 
 683 |0.000523614 
 684 |0.000524771 
 685 |0.00052445 
 686 |0.000526524 
 687 |0.000521904 
 688 |0.000525981 
 689 |0.000522908 
 690 |0.000524934 
 691 |0.000526057 
 692 |0.000524233 
 693 |0.000523207 
 694 |0.000523826 
 695 |0.000523245 
 696 |0.000522593 
 697 |0.000524825 

Now unfolding...
Iteration : 0
Chi^2 of change 136667
Iteration : 1
Chi^2 of change 6155.04
Iteration : 2
Chi^2 of change 1377.78
Iteration : 3
Chi^2 of change 496.007
Iteration : 4
Chi^2 of change 255.42
Iteration : 5
Chi^2 of change 166.48
Iteration : 6
Chi^2 of change 123.139
Iteration : 7
Chi^2 of change 97.3563
Iteration : 8
Chi^2 of change 80.0595
Using response matrix priors
Calculating covariances due to number of measured events
Using response matrix priors
Using response matrix priors
Using response matrix priors
Using response matrix priors
Using response matrix priors
Using response matrix priors
Using response matrix priors
Using response matrix priors
Using response matrix priors
Using response matrix priors
Using response matrix priors
Using response matrix priors
Using response matrix priors
Using response matrix priors
Using response matrix priors
Using response matrix priors
Using response matrix priors
Using response matrix priors
Using response matrix priors
Using response matrix priors
Using response matrix priors
Using response matrix priors
Using response matrix priors
Using response matrix priors
Using response matrix priors
Using response matrix priors
Using response matrix priors
Using response matrix priors
Using response matrix priors
Using response matrix priors
Using response matrix priors
Using response matrix priors
Using response matrix priors
Using response matrix priors
Using response matrix priors
Using response matrix priors
Using response matrix priors
Using response matrix priors
Using response matrix priors
Using response matrix priors
Using response matrix priors
Using response matrix priors
Using response matrix priors
Using response matrix priors
Using response matrix priors
Using response matrix priors
Using response matrix priors
Using response matrix priors
Using response matrix priors
Using response matrix priors
Using response matrix priors
Using response matrix priors
Using response matrix priors
Using response matrix priors
Using response matrix priors
Using response matrix priors
Using response matrix priors
Using response matrix priors
Using response matrix priors
Using response matrix priors
Using response matrix priors
Using response matrix priors
Using response matrix priors
Using response matrix priors
Using response matrix priors
Using response matrix priors
Using response matrix priors
Using response matrix priors
Using response matrix priors
Using response matrix priors
Using response matrix priors
Using response matrix priors
Using response matrix priors
Using response matrix priors
Using response matrix priors
Using response matrix priors
Using response matrix priors
Using response matrix priors
Using response matrix priors
Using response matrix priors
Using response matrix priors
Using response matrix priors
Using response matrix priors
Using response matrix priors
Using response matrix priors
Using response matrix priors
Using response matrix priors
Using response matrix priors
Using response matrix priors
Using response matrix priors
Using response matrix priors
Using response matrix priors
Using response matrix priors
Using response matrix priors
Using response matrix priors
Using response matrix priors
Using response matrix priors
Using response matrix priors
Using response matrix priors
Using response matrix priors
Using response matrix priors
Using response matrix priors
Using response matrix priors
Using response matrix priors
Using response matrix priors
Using response matrix priors
Using response matrix priors
Using response matrix priors
Using response matrix priors
Using response matrix priors
Using response matrix priors
Using response matrix priors
Using response matrix priors
Using response matrix priors
Using response matrix priors
Using response matrix priors
Using response matrix priors
Using response matrix priors
Using response matrix priors
Using response matrix priors
Using response matrix priors
Using response matrix priors
Using response matrix priors
Using response matrix priors
Using response matrix priors
Using response matrix priors
Using response matrix priors
Using response matrix priors
Using response matrix priors
Using response matrix priors
Using response matrix priors
Using response matrix priors
Using response matrix priors
Using response matrix priors
Using response matrix priors
Using response matrix priors
Using response matrix priors
Using response matrix priors
Using response matrix priors
Using response matrix priors
Using response matrix priors
Using response matrix priors
Using response matrix priors
Using response matrix priors
Using response matrix priors
Using response matrix priors
Using response matrix priors
Using response matrix priors
Using response matrix priors
Using response matrix priors
Using response matrix priors
Using response matrix priors
Using response matrix priors
Using response matrix priors
Using response matrix priors
Using response matrix priors
Using response matrix priors
Using response matrix priors
Using response matrix priors
Using response matrix priors
Using response matrix priors
Using response matrix priors
Using response matrix priors
Using response matrix priors
Using response matrix priors
Using response matrix priors
Using response matrix priors
Using response matrix priors
Using response matrix priors
Using response matrix priors
Using response matrix priors
Using response matrix priors
Using response matrix priors
Using response matrix priors
Using response matrix priors
Using response matrix priors
Using response matrix priors
Using response matrix priors
Using response matrix priors
Using response matrix priors
Using response matrix priors
Using response matrix priors
Using response matrix priors
Using response matrix priors
Using response matrix priors
Using response matrix priors
Using response matrix priors
Using response matrix priors
Using response matrix priors
Using response matrix priors
Using response matrix priors
Using response matrix priors
Using response matrix priors
Using response matrix priors
Using response matrix priors
Using response matrix priors
Using response matrix priors
Using response matrix priors
Using response matrix priors
Using response matrix priors
Using response matrix priors
Using response matrix priors
Using response matrix priors
Using response matrix priors
Using response matrix priors
Using response matrix priors
Using response matrix priors
Using response matrix priors
Using response matrix priors
Using response matrix priors
Using response matrix priors
Using response matrix priors
Using response matrix priors
Using response matrix priors
Using response matrix priors
Using response matrix priors
Using response matrix priors
Using response matrix priors
Using response matrix priors
Using response matrix priors
Using response matrix priors
Using response matrix priors
Using response matrix priors
Using response matrix priors
Using response matrix priors
Using response matrix priors
Using response matrix priors
Using response matrix priors
Using response matrix priors
Using response matrix priors
Using response matrix priors
Using response matrix priors
Using response matrix priors
Using response matrix priors
Using response matrix priors
Using response matrix priors
Using response matrix priors
Using response matrix priors
Using response matrix priors
Using response matrix priors
Using response matrix priors
Using response matrix priors
Using response matrix priors
Using response matrix priors
Using response matrix priors
Using response matrix priors
Using response matrix priors
Using response matrix priors
Using response matrix priors
Using response matrix priors
Using response matrix priors
Using response matrix priors
Using response matrix priors
Using response matrix priors
Using response matrix priors
Using response matrix priors
Using response matrix priors
Using response matrix priors
Using response matrix priors
Using response matrix priors
Using response matrix priors
Using response matrix priors
Using response matrix priors
Using response matrix priors
Using response matrix priors
Using response matrix priors
Using response matrix priors
Using response matrix priors
Using response matrix priors
Using response matrix priors
Using response matrix priors
Using response matrix priors
Using response matrix priors
Using response matrix priors
Using response matrix priors
Using response matrix priors
Using response matrix priors
Using response matrix priors
Using response matrix priors
Using response matrix priors
Using response matrix priors
Using response matrix priors
Using response matrix priors
Using response matrix priors
Using response matrix priors
Using response matrix priors
Using response matrix priors
Using response matrix priors
Using response matrix priors
Using response matrix priors
Using response matrix priors
Using response matrix priors
Using response matrix priors
Using response matrix priors
Using response matrix priors
Using response matrix priors
Using response matrix priors
Using response matrix priors
Using response matrix priors
Using response matrix priors
Using response matrix priors
Using response matrix priors
Using response matrix priors
Using response matrix priors
Using response matrix priors
Using response matrix priors
Using response matrix priors
Using response matrix priors
Using response matrix priors
Using response matrix priors
Using response matrix priors
Using response matrix priors
Using response matrix priors
Using response matrix priors
Using response matrix priors
Using response matrix priors
Using response matrix priors
Using response matrix priors
Using response matrix priors
Using response matrix priors
Using response matrix priors
Using response matrix priors
Using response matrix priors
Using response matrix priors
Using response matrix priors
Using response matrix priors
Using response matrix priors
Using response matrix priors
Using response matrix priors
Using response matrix priors
Using response matrix priors
Using response matrix priors
Using response matrix priors
Using response matrix priors
Using response matrix priors
Using response matrix priors
Using response matrix priors
Using response matrix priors
Using response matrix priors
Using response matrix priors
Using response matrix priors
Using response matrix priors
Using response matrix priors
Using response matrix priors
Using response matrix priors
Using response matrix priors
Using response matrix priors
Using response matrix priors
Using response matrix priors
Using response matrix priors
Using response matrix priors
Using response matrix priors
Using response matrix priors
Using response matrix priors
Using response matrix priors
Using response matrix priors
Using response matrix priors
Using response matrix priors
Using response matrix priors
Using response matrix priors
Using response matrix priors
Using response matrix priors
Using response matrix priors
Using response matrix priors
Using response matrix priors
Using response matrix priors
Using response matrix priors
Using response matrix priors
Using response matrix priors
Using response matrix priors
Using response matrix priors
Using response matrix priors
Using response matrix priors
Using response matrix priors
Using response matrix priors
Using response matrix priors
Using response matrix priors
Using response matrix priors
Using response matrix priors
Using response matrix priors
Using response matrix priors
Using response matrix priors
Using response matrix priors
Using response matrix priors
Using response matrix priors
Using response matrix priors
Using response matrix priors
Using response matrix priors
Using response matrix priors
Using response matrix priors
Using response matrix priors
Using response matrix priors
Using response matrix priors
Using response matrix priors
Using response matrix priors
Using response matrix priors
Using response matrix priors
Using response matrix priors
Using response matrix priors
Using response matrix priors
Using response matrix priors
Using response matrix priors
Using response matrix priors
Using response matrix priors
Using response matrix priors
Using response matrix priors
Using response matrix priors
Using response matrix priors
Using response matrix priors
Using response matrix priors
Using response matrix priors
Using response matrix priors
Using response matrix priors
Using response matrix priors
Using response matrix priors
Using response matrix priors
Using response matrix priors
Using response matrix priors
Using response matrix priors
Using response matrix priors
Using response matrix priors
Using response matrix priors
Using response matrix priors
Using response matrix priors
Using response matrix priors
Using response matrix priors
Using response matrix priors
Using response matrix priors
Using response matrix priors
Using response matrix priors
Using response matrix priors
Using response matrix priors
Using response matrix priors
Using response matrix priors
Using response matrix priors
Using response matrix priors
Using response matrix priors
Using response matrix priors
Using response matrix priors
Using response matrix priors
Using response matrix priors
Using response matrix priors
Using response matrix priors
Using response matrix priors
Using response matrix priors
Using response matrix priors
Using response matrix priors
Using response matrix priors
Using response matrix priors
Using response matrix priors
Using response matrix priors
Using response matrix priors
Using response matrix priors
Using response matrix priors
Using response matrix priors
Using response matrix priors
Using response matrix priors
Using response matrix priors
Using response matrix priors
Using response matrix priors
Using response matrix priors
Using response matrix priors
Using response matrix priors
Using response matrix priors
Using response matrix priors
Using response matrix priors
Using response matrix priors
Using response matrix priors
Using response matrix priors
Using response matrix priors
Using response matrix priors
Using response matrix priors
Using response matrix priors
Using response matrix priors
Using response matrix priors
Using response matrix priors
Using response matrix priors
Using response matrix priors
Using response matrix priors
Using response matrix priors
Using response matrix priors
Using response matrix priors
Using response matrix priors
Using response matrix priors
Using response matrix priors
Using response matrix priors
Using response matrix priors
Using response matrix priors
Using response matrix priors
Using response matrix priors
Using response matrix priors
Using response matrix priors
Using response matrix priors
Using response matrix priors
Using response matrix priors
Using response matrix priors
Using response matrix priors
Using response matrix priors
Using response matrix priors
TH1D::Sumw2:0: RuntimeWarning: Sum of squares of weights structure already created

Adding the following extra title to the histograms:
	#rho^{0} Normalized Subtraction Run


[1m[94mSmear option selected is: Smear[0m


[91mRunning Bin 'All' for Q2-y Bins by default (will skip at end)[0m


Running for Q2-xB/Q2-y Bins: '9', '0'
[1m
Starting RG-A SIDIS Analysis
[0m

Started running on [1m8-10-2026[0m at [1m06:58 p.m.[0m

The total number of histograms available for the [1mRDataFrame[0m in '[1m[94m/w/hallb-scshelf2102/clas12/richcap/SIDIS_Analysis/Histo_Files_ROOT/DataFrames/hadd_ROOT_files_From_using_RDataFrames/SIDIS_epip_Response_Matrices_from_RDataFrames_Only_3D_1st_Order_V2_Response_Matrices_Final_Analysis_Iterations_I0_All.root[0m' is [1m1002[0m


[1mDone Loading RDataFrame files...
[0m
[1m[94m

Starting Unfolding Procedures...
[0m
Bin 1 is not in Q2_y_Bin_List = ['9', '0']
Bin 10 is not in Q2_y_Bin_List = ['9', '0']
Bin 11 is not in Q2_y_Bin_List = ['9', '0']
Bin 12 is not in Q2_y_Bin_List = ['9', '0']
Bin 13 is not in Q2_y_Bin_List = ['9', '0']
Bin 14 is not in Q2_y_Bin_List = ['9', '0']
Bin 15 is not in Q2_y_Bin_List = ['9', '0']
Bin 16 is not in Q2_y_Bin_List = ['9', '0']
Bin 17 is not in Q2_y_Bin_List = ['9', '0']
Bin 2 is not in Q2_y_Bin_List = ['9', '0']
Bin 3 is not in Q2_y_Bin_List = ['9', '0']
Bin 4 is not in Q2_y_Bin_List = ['9', '0']
Bin 5 is not in Q2_y_Bin_List = ['9', '0']
Bin 6 is not in Q2_y_Bin_List = ['9', '0']
Bin 7 is not in Q2_y_Bin_List = ['9', '0']
Bin 8 is not in Q2_y_Bin_List = ['9', '0']

Unfolding: ((Histo-Group='Response_Matrix_Normal'), (Data-Type='DataFrame_Type'), (Data-Cut='cut_Complete_SIDIS'), (Smear-Type='smear'), (Binning-Type='Y_bin'-[Q2-y-Bin=9, z-PT-Bin=All]), (Var-D1='MultiDim_z_pT_Bin_Y_bin_phi_t'-[NumBins=698, MinBin=-1.5, MaxBin=696.5]), (Var-D2='z_pT_Bin_Y_bin_smeared'-[NumBins=38, MinBin=-0.5, MaxBin=37.5]))
[1m[92mSubtracting the 'lundvpk' files to the 'ExREAL_1D_initial' histogram[0m
[1m[96mStarting [4m[95mBin-by-Bin[0m[1m[96m Unfolding Procedure...[0m
	[1mAcceptance Correction of Histogram:[0m
	((Histo-Group='Response_Matrix_Normal_1D'), (Data-Cut='cut_Complete_SIDIS'), (Smear-Type='smear'), (Binning-Type='Y_bin'-[Q2-y-Bin=9, z-PT-Bin=All]), (Var-D1='MultiDim_z_pT_Bin_Y_bin_phi_t'))
[91m
Bin 27 had a very low acceptance...
	(cut_criteria = 0.0005)
	(Bin_Content  = 0.000114195662848725)[0m
[91m
Bin 49 had a very low acceptance...
	(cut_criteria = 0.0005)
	(Bin_Content  = 3.444910145260378e-05)[0m
[91m
Bin 50 had a very low acceptance...
	(cut_criteria = 0.0005)
	(Bin_Content  = 8.089492904359081e-05)[0m
[91m
Bin 52 had a very low acceptance...
	(cut_criteria = 0.0005)
	(Bin_Content  = 3.188131648582876e-05)[0m
[91m
Bin 100 had a very low acceptance...
	(cut_criteria = 0.0005)
	(Bin_Content  = 1.7624250969333805e-05)[0m
[91m
Bin 121 had a very low acceptance...
	(cut_criteria = 0.0005)
	(Bin_Content  = 2.6492405510420347e-05)[0m
[91m
Bin 243 had a very low acceptance...
	(cut_criteria = 0.0005)
	(Bin_Content  = 1.0105501434981203e-05)[0m
[91m
Bin 387 had a very low acceptance...
	(cut_criteria = 0.0005)
	(Bin_Content  = 7.805269672067169e-05)[0m
[91m
Bin 410 had a very low acceptance...
	(cut_criteria = 0.0005)
	(Bin_Content  = 8.904323048840212e-05)[0m
[91m
Bin 506 had a very low acceptance...
	(cut_criteria = 0.0005)
	(Bin_Content  = 0.00042313636029141217)[0m
[91m
Bin 530 had a very low acceptance...
	(cut_criteria = 0.0005)
	(Bin_Content  = 1.2117980659702866e-05)[0m
[91m
Bin 603 had a very low acceptance...
	(cut_criteria = 0.0005)
	(Bin_Content  = 0.00010470724508693973)[0m
[91m
Bin 604 had a very low acceptance...
	(cut_criteria = 0.0005)
	(Bin_Content  = 0.00048449295193698973)[0m
[91m
Bin 626 had a very low acceptance...
	(cut_criteria = 0.0005)
	(Bin_Content  = 0.0002416421214872093)[0m
[1m[96mFinished [95mBin-by-Bin[0m[1m[96m Unfolding Procedure.[0m

Current Time: [1m06:58 p.m.[0m
Time Elapsed Up To Now:
0 Day(s), 0 Hour(s), 0 Minute(s), and 0 Second(s).

[1m[96mStarting [4m[92mRooUnfold[0m[1m[96m Unfolding Procedure...[0m
	[1mUnfolding Histogram:[0m
	((Histo-Group='Response_Matrix_Normal'), (Data-Cut='cut_Complete_SIDIS'), (Smear-Type='smear'), (Binning-Type='Y_bin'-[Q2-y-Bin=9, z-PT-Bin=All]), (Var-D1='MultiDim_z_pT_Bin_Y_bin_phi_t'))
	[96mUsing [1m[92mRooUnfold (Bin-by-Bin)[0m[96m Unfolding Procedure...[0m
[1m[96mFinished [92mRooUnfold (Bin-by-Bin)[0m[1m[96m Unfolding Procedure.
[0m
[1m[96mStarting [4m[92mRooUnfold[0m[1m[96m Unfolding Procedure...[0m

	[1mBegan Unfolding Histogram:[0m
	((Histo-Group='Response_Matrix_Normal'), (Data-Cut='cut_Complete_SIDIS'), (Smear-Type='smear'), (Binning-Type='Y_bin'-[Q2-y-Bin=9, z-PT-Bin=All]), (Var-D1='MultiDim_z_pT_Bin_Y_bin_phi_t'))
Time Elapsed Up To Now: 0 Day(s), 0 Hour(s), 0 Minute(s), and 1 Second(s). 
	[96mUsing [1m[92mRooUnfold (Bayesian)[0m[96m method to unfold...[0m

Current Time: [1m07:36 p.m.[0m
Time Elapsed Up To Now:
0 Day(s), 0 Hour(s), 38 Minute(s), and 5 Second(s).

[1m[96mFinished [92mRooUnfold (Bayesian)[0m[1m[96m Unfolding Procedure.
[0m

[94mRunning Multi3D_Slice(...)[0m


[94mRunning Multi3D_Slice(...)[0m


[94mRunning Multi3D_Slice(...)[0m


[94mRunning Multi3D_Slice(...)[0m


[94mRunning Multi3D_Slice(...)[0m


[94mRunning Multi3D_Slice(...)[0m


[94mRunning Multi3D_Slice(...)[0m


Unfolding: ((Histo-Group='Response_Matrix_Normal'), (Data-Type='DataFrame_Type'), (Data-Cut='cut_Complete_SIDIS'), (Smear-Type='smear'), (Binning-Type='Y_bin'-[Q2-y-Bin=All, z-PT-Bin=All]), (Var-D1='MultiDim_z_pT_Bin_Y_bin_phi_t'-[NumBins=794, MinBin=-1.5, MaxBin=792.5]), (Var-D2='z_pT_Bin_Y_bin_smeared'-[NumBins=38, MinBin=-0.5, MaxBin=37.5]))
[1m[92mSubtracting the 'lundvpk' files to the 'ExREAL_1D_initial' histogram[0m
Total: 2


Counting Total Number of/Saving collected histograms...
[1m[94mSaving to: [1m[92mUnfolded_Parallel_SIDIS_epip_from_Only_3D_1st_Order_V2.root[0m

[1m[96mDone Saving![0m

Final Count = 220


Current Time: [1m07:36 p.m.[0m
Time Elapsed Up To Now:
0 Day(s), 0 Hour(s), 38 Minute(s), and 5 Second(s).

Conditions for running 'Create_Fits_and_Apply_RC_and_BC' were not set...
Need to run: '(args.fit and args.Use_TTree) or args.Apply_RC'


Counting Total Number of/Saving collected histograms...
[1m[94mSaving to: [1m[92mUnfolded_Parallel_SIDIS_epip_from_Only_3D_1st_Order_V2.root[0m

[1m[96mDone Saving![0m

Final Count = 220


Current Time: [1m07:36 p.m.[0m
Time Elapsed Up To Now:
0 Day(s), 0 Hour(s), 38 Minute(s), and 6 Second(s).





[1m[43mEMAIL MESSAGE TO SEND:[0m


The 'Simple_RooUnfold_SelfContained.py' script has finished running.
Started running on [1m8-10-2026[0m at [1m06:58 p.m.[0m

Input File:
	/w/hallb-scshelf2102/clas12/richcap/SIDIS_Analysis/Histo_Files_ROOT/DataFrames/hadd_ROOT_files_From_using_RDataFrames/SIDIS_epip_Response_Matrices_from_RDataFrames_Only_3D_1st_Order_V2_Response_Matrices_Final_Analysis_Iterations_I0_All.root
Output File:
	Unfolded_Parallel_SIDIS_epip_from_Only_3D_1st_Order_V2.root

Coordinated 3D unfolding through the 'Run_simple_unfold_parallel.py' script. Ran 3D Unfolding with unique bayesian iterations set for each Q2-y Bin with 500 Toys (default) but WITHOUT Radiative Corrections. Ran with Harut's exclusive 'lundvpk' rho0 events subtracted directly from data as background. Ran in tmuxSIDIS.

	[1mBegan Unfolding Histogram:[0m
	((Histo-Group='Response_Matrix_Normal'), (Data-Cut='cut_Complete_SIDIS'), (Smear-Type='smear'), (Binning-Type='Y_bin'-[Q2-y-Bin=9, z-PT-Bin=All]), (Var-D1='MultiDim_z_pT_Bin_Y_bin_phi_t'))
Time Elapsed Up To Now: 0 Day(s), 0 Hour(s), 0 Minute(s), and 1 Second(s). 
	Finished Unfolding the histogram at:
Time Elapsed Up To Now: 0 Day(s), 0 Hour(s), 38 Minute(s), and 5 Second(s). 

Arguments:
--unfolding_3D (3D Unfolding Only)                  --> True
--unfolding_5D (Ran 5D Unfolding Fits)              --> False
--run_sectors                                       --> False
--sectors_to_unfold                                 --> None
--allow_other_variables (for unfolding)             --> False
--simulation (unfolding synthetic data)             --> False
--modulation (data unfolded with modulated MC)      --> False
--closure  (modulated MC unfolded with itself)      --> False
--weighed_acceptance (use acceptance weights only)  --> False
--test                                              --> False
--verbose                                           --> False
--weight_tag                                        --> ''
--fit                                               --> False
--remake_fit                                        --> False
--CrossSection_Norm                                 --> False
--tag_proton                                        --> False
--cut_proton                                        --> False
--Common_Int_Bins                                   --> False
--bayes_iterations                                  --> 9
--Num_Toys                                          --> 500
--Unfold_Methods                                    --> ['Bayesian']
--title                                             --> '#rho^{0} Normalized Subtraction Run'
--EvGen                                             --> False
--Min_Allowed_Acceptance_Cut                        --> 0.0005
--Use_TTree                                         --> False
--Apply_RC                                          --> False
--Apply_BC                                          --> False
--Add_Uncertainties                                 --> False
--save_json                                         --> False
--old_json                                          --> False
--background_source                                 --> 'lundvpk'
--use_spline_init                                   --> False
--pass_version                                      --> 'Pass 2'
--smearing_options                                  --> 'smear'
--Q2_y_Bin_List                                     --> ['9', '0']
--Run_5D_Unfold                                     --> False
--run_sec_unfold                                    --> False


The time that this code finished is [1m07:36 p.m.[0m
The total time the code took to run is:
0 Day(s), 0 Hour(s), 38 Minute(s), and 6 Second(s).
Saved 220 Histograms...
Rate = 0.10 Histograms/Seconds
    

[1m[92m[43m
    	                                   	   
    	This code has now finished running.	   
    	                                   	   [0m
    
    
