Full command: /w/ceph24/hallb/clas12/users/richcap/SIDIS_Analysis_CLAS12_RichCap/Simple_RooUnfold_SelfContained.py --data_root work_b --unfolding_3D --smear --root /w/ceph24/hallb/clas12/users/richcap/SIDIS_Analysis_CLAS12_RichCap/Unfolded_Parallel_SIDIS_epip_from_Only_3D_Final_Thesis_Bank_V1.root --single_file_input /w/ceph24/hallb/clas12/users/richcap/SIDIS_Analysis_CLAS12_RichCap/Histo_Files_ROOT/DataFrames/hadd_ROOT_files_From_using_RDataFrames/SIDIS_epip_Response_Matrices_from_RDataFrames_Only_3D_Final_Thesis_Bank_Response_Matrices_Final_Thesis_Files_All.root --background_source lundvpk --bayes_iterations 25 --Num_Toys 1 -em 'Coordinated 3D unfolding through the '"'"'Run_simple_unfold_parallel.py'"'"' script. Ran 3D Unfolding with updated kinematic bins (based on the BC correction limitations). Used the work_b directory. Ran with 25 bayesian iterations (for testing of each Q2-y Bin). Ran with 1 Toy Unfoldings (for testing). Ran with Harut'"'"'s exclusive '"'"'lundvpk'"'"' rho0 events subtracted directly from data as background. Ran in tmuxSIDIS_2.' -ti 'rho0 Normalized Subtraction Run' 4
/w/ceph24/hallb/clas12/users/richcap/SIDIS_Analysis_CLAS12_RichCap/Simple_RooUnfold_SelfContained.py:2853: FutureWarning: 
TObject.__eq__ is deprecated and will be removed in ROOT 6.40.

It forwards to TObject::Equals(), which uses pointer comparison if not overridden in derived classes.
This may be confusing, because people expect value comparisons.
Use Pythons `is` for pointer comparison, or request/implement `operator==` on the C++ side if you need value-based equality checks.
  if((tdf not in ["N/A"]) and out_print_main_tdf):
/w/ceph24/hallb/clas12/users/richcap/SIDIS_Analysis_CLAS12_RichCap/Simple_RooUnfold_SelfContained.py:3029: FutureWarning: 
TObject.__eq__ is deprecated and will be removed in ROOT 6.40.

It forwards to TObject::Equals(), which uses pointer comparison if not overridden in derived classes.
This may be confusing, because people expect value comparisons.
Use Pythons `is` for pointer comparison, or request/implement `operator==` on the C++ side if you need value-based equality checks.
  if((tdf not in ["N/A"]) and ExTRUE_1D_initial):
/w/ceph24/hallb/clas12/users/richcap/SIDIS_Analysis_CLAS12_RichCap/Simple_RooUnfold_SelfContained.py:3111: FutureWarning: 
TObject.__eq__ is deprecated and will be removed in ROOT 6.40.

It forwards to TObject::Equals(), which uses pointer comparison if not overridden in derived classes.
This may be confusing, because people expect value comparisons.
Use Pythons `is` for pointer comparison, or request/implement `operator==` on the C++ side if you need value-based equality checks.
  if("N/A" not in [tdf, ExTRUE_1D]):
/w/ceph24/hallb/clas12/users/richcap/SIDIS_Analysis_CLAS12_RichCap/Simple_RooUnfold_SelfContained.py:3121: FutureWarning: 
TObject.__eq__ is deprecated and will be removed in ROOT 6.40.

It forwards to TObject::Equals(), which uses pointer comparison if not overridden in derived classes.
This may be confusing, because people expect value comparisons.
Use Pythons `is` for pointer comparison, or request/implement `operator==` on the C++ side if you need value-based equality checks.
  if("N/A" not in [tdf, ExTRUE_1D]):
/w/ceph24/hallb/clas12/users/richcap/SIDIS_Analysis_CLAS12_RichCap/Simple_RooUnfold_SelfContained.py:3140: FutureWarning: 
TObject.__eq__ is deprecated and will be removed in ROOT 6.40.

It forwards to TObject::Equals(), which uses pointer comparison if not overridden in derived classes.
This may be confusing, because people expect value comparisons.
Use Pythons `is` for pointer comparison, or request/implement `operator==` on the C++ side if you need value-based equality checks.
  if("N/A" not in [tdf, ExTRUE_1D]):
/w/ceph24/hallb/clas12/users/richcap/SIDIS_Analysis_CLAS12_RichCap/Simple_RooUnfold_SelfContained.py:3147: FutureWarning: 
TObject.__eq__ is deprecated and will be removed in ROOT 6.40.

It forwards to TObject::Equals(), which uses pointer comparison if not overridden in derived classes.
This may be confusing, because people expect value comparisons.
Use Pythons `is` for pointer comparison, or request/implement `operator==` on the C++ side if you need value-based equality checks.
  if("N/A" not in [tdf, ExTRUE_1D]):
/w/ceph24/hallb/clas12/users/richcap/SIDIS_Analysis_CLAS12_RichCap/Simple_RooUnfold_SelfContained.py:3154: FutureWarning: 
TObject.__eq__ is deprecated and will be removed in ROOT 6.40.

It forwards to TObject::Equals(), which uses pointer comparison if not overridden in derived classes.
This may be confusing, because people expect value comparisons.
Use Pythons `is` for pointer comparison, or request/implement `operator==` on the C++ side if you need value-based equality checks.
  if("N/A" not in [tdf, ExTRUE_1D]):
/w/ceph24/hallb/clas12/users/richcap/SIDIS_Analysis_CLAS12_RichCap/Simple_RooUnfold_SelfContained.py:3161: FutureWarning: 
TObject.__eq__ is deprecated and will be removed in ROOT 6.40.

It forwards to TObject::Equals(), which uses pointer comparison if not overridden in derived classes.
This may be confusing, because people expect value comparisons.
Use Pythons `is` for pointer comparison, or request/implement `operator==` on the C++ side if you need value-based equality checks.
  if("N/A" not in [tdf, ExTRUE_1D]):
/w/ceph24/hallb/clas12/users/richcap/SIDIS_Analysis_CLAS12_RichCap/Simple_RooUnfold_SelfContained.py:3187: FutureWarning: 
TObject.__eq__ is deprecated and will be removed in ROOT 6.40.

It forwards to TObject::Equals(), which uses pointer comparison if not overridden in derived classes.
This may be confusing, because people expect value comparisons.
Use Pythons `is` for pointer comparison, or request/implement `operator==` on the C++ side if you need value-based equality checks.
  if("N/A" not in [tdf, ExTRUE_1D]):
/w/ceph24/hallb/clas12/users/richcap/SIDIS_Analysis_CLAS12_RichCap/Simple_RooUnfold_SelfContained.py:506: FutureWarning: 
TObject.__eq__ is deprecated and will be removed in ROOT 6.40.

It forwards to TObject::Equals(), which uses pointer comparison if not overridden in derived classes.
This may be confusing, because people expect value comparisons.
Use Pythons `is` for pointer comparison, or request/implement `operator==` on the C++ side if you need value-based equality checks.
  if(Response_2D in ["N/A", "None", "Error"]):
/w/ceph24/hallb/clas12/users/richcap/SIDIS_Analysis_CLAS12_RichCap/Simple_RooUnfold_SelfContained.py:517: FutureWarning: 
TObject.__eq__ is deprecated and will be removed in ROOT 6.40.

It forwards to TObject::Equals(), which uses pointer comparison if not overridden in derived classes.
This may be confusing, because people expect value comparisons.
Use Pythons `is` for pointer comparison, or request/implement `operator==` on the C++ side if you need value-based equality checks.
  if(MC_BGS_1D not in ["None"]):
TH1D::Sumw2:0: RuntimeWarning: Sum of squares of weights structure already created
/w/ceph24/hallb/clas12/users/richcap/SIDIS_Analysis_CLAS12_RichCap/Simple_RooUnfold_SelfContained.py:546: FutureWarning: 
TObject.__eq__ is deprecated and will be removed in ROOT 6.40.

It forwards to TObject::Equals(), which uses pointer comparison if not overridden in derived classes.
This may be confusing, because people expect value comparisons.
Use Pythons `is` for pointer comparison, or request/implement `operator==` on the C++ side if you need value-based equality checks.
  if(Response_2D in ["N/A", "None", "Error"]):
/w/ceph24/hallb/clas12/users/richcap/SIDIS_Analysis_CLAS12_RichCap/Simple_RooUnfold_SelfContained.py:557: FutureWarning: 
TObject.__eq__ is deprecated and will be removed in ROOT 6.40.

It forwards to TObject::Equals(), which uses pointer comparison if not overridden in derived classes.
This may be confusing, because people expect value comparisons.
Use Pythons `is` for pointer comparison, or request/implement `operator==` on the C++ side if you need value-based equality checks.
  if((("RooUnfold" in str(Method)) or (str(Method) in ["Default"]) or (Method in ["Bin", "bin", "Bin-by-Bin", "Bin by Bin"])) and (Response_2D not in ["N/A", "None", "Error"])):
Subtract 63958.5 fakes from measured distribution
/w/ceph24/hallb/clas12/users/richcap/SIDIS_Analysis_CLAS12_RichCap/Simple_RooUnfold_SelfContained.py:504: FutureWarning: 
TObject.__eq__ is deprecated and will be removed in ROOT 6.40.

It forwards to TObject::Equals(), which uses pointer comparison if not overridden in derived classes.
This may be confusing, because people expect value comparisons.
Use Pythons `is` for pointer comparison, or request/implement `operator==` on the C++ side if you need value-based equality checks.
  elif((Method in ["Bin", "bin", "Bin-by-Bin", "Bin by Bin"]) or (Response_2D in ["N/A", "None", "Error"])):
Using response matrix priors
Priors:

Vector (602)  is as follows

     |        1  |
------------------
   0 |0 
   1 |0.740946 
   2 |0.000280341 
   3 |0.000281758 
   4 |0.000282267 
   5 |0.000281776 
   6 |0.000282118 
   7 |0.000281061 
   8 |0.000281903 
   9 |0.000280805 
  10 |0.000278845 
  11 |0.000280676 
  12 |0.000281492 
  13 |0.000282274 
  14 |0.00028238 
  15 |0.000281116 
  16 |0.000280912 
  17 |0.00028063 
  18 |0.000279823 
  19 |0.000281943 
  20 |0.000281123 
  21 |0.000280547 
  22 |0.000281547 
  23 |0.000280172 
  24 |0.000281205 
  25 |0.000281218 
  26 |0.000239613 
  27 |0.000238516 
  28 |0.00023816 
  29 |0.000239075 
  30 |0.000237296 
  31 |0.000240271 
  32 |0.000239247 
  33 |0.000239082 
  34 |0.000237698 
  35 |0.000239275 
  36 |0.000240075 
  37 |0.000239724 
  38 |0.000238198 
  39 |0.000238031 
  40 |0.00023854 
  41 |0.000238305 
  42 |0.000239978 
  43 |0.000238871 
  44 |0.000240111 
  45 |0.000238382 
  46 |0.000238327 
  47 |0.000239129 
  48 |0.000240404 
  49 |0.000240411 
  50 |0.000209279 
  51 |0.000208755 
  52 |0.000209746 
  53 |0.000208206 
  54 |0.000208308 
  55 |0.000207137 
  56 |0.000208013 
  57 |0.000208735 
  58 |0.000209035 
  59 |0.000209286 
  60 |0.00020941 
  61 |0.000208188 
  62 |0.00020803 
  63 |0.000208964 
  64 |0.000209848 
  65 |0.000208553 
  66 |0.00020851 
  67 |0.000209972 
  68 |0.000209197 
  69 |0.000208615 
  70 |0.00020943 
  71 |0.000209368 
  72 |0.000208659 
  73 |0.000207977 
  74 |0.000145556 
  75 |0.000146007 
  76 |0.000146043 
  77 |0.000145629 
  78 |0.000145758 
  79 |0.00014596 
  80 |0.000147187 
  81 |0.000146405 
  82 |0.000145687 
  83 |0.000146049 
  84 |0.000146382 
  85 |0.000145645 
  86 |0.000146003 
  87 |0.000147356 
  88 |0.000146174 
  89 |0.000145409 
  90 |0.00014568 
  91 |0.000147142 
  92 |0.0001455 
  93 |0.000145616 
  94 |0.000145905 
  95 |0.000146434 
  96 |0.000145745 
  97 |0.000145976 
  98 |0.000466278 
  99 |0.000466738 
 100 |0.000464476 
 101 |0.00046544 
 102 |0.000466091 
 103 |0.000465054 
 104 |0.000466049 
 105 |0.000466713 
 106 |0.000465971 
 107 |0.000466773 
 108 |0.0004658 
 109 |0.000466751 
 110 |0.000465527 
 111 |0.000463636 
 112 |0.000465991 
 113 |0.000464771 
 114 |0.000461805 
 115 |0.000465351 
 116 |0.000465689 
 117 |0.000466109 
 118 |0.000467129 
 119 |0.000466156 
 120 |0.000467617 
 121 |0.000466962 
 122 |0.000442349 
 123 |0.000440565 
 124 |0.000443911 
 125 |0.000440894 
 126 |0.000440398 
 127 |0.000443151 
 128 |0.000442733 
 129 |0.000444042 
 130 |0.000444255 
 131 |0.000442867 
 132 |0.000444418 
 133 |0.000441658 
 134 |0.000444631 
 135 |0.000444604 
 136 |0.000442845 
 137 |0.00044376 
 138 |0.000444371 
 139 |0.00044234 
 140 |0.000442676 
 141 |0.000443482 
 142 |0.000442265 
 143 |0.000443222 
 144 |0.000444162 
 145 |0.000442902 
 146 |0.000432107 
 147 |0.000433382 
 148 |0.000433344 
 149 |0.000431778 
 150 |0.000433026 
 151 |0.000433266 
 152 |0.00043214 
 153 |0.000432609 
 154 |0.000432642 
 155 |0.000431273 
 156 |0.000431158 
 157 |0.000432315 
 158 |0.000433189 
 159 |0.000433622 
 160 |0.000432478 
 161 |0.000433526 
 162 |0.000430749 
 163 |0.000430956 
 164 |0.000430329 
 165 |0.000431458 
 166 |0.000433777 
 167 |0.000432044 
 168 |0.000433531 
 169 |0.000431798 
 170 |0.00035224 
 171 |0.000352051 
 172 |0.000350269 
 173 |0.000352284 
 174 |0.0003518 
 175 |0.000350314 
 176 |0.000351813 
 177 |0.000350805 
 178 |0.000350934 
 179 |0.00035074 
 180 |0.000351702 
 181 |0.000350978 
 182 |0.00035184 
 183 |0.000351542 
 184 |0.000352107 
 185 |0.000350087 
 186 |0.000351642 
 187 |0.000349554 
 188 |0.000351387 
 189 |0.000351993 
 190 |0.000349916 
 191 |0.000352975 
 192 |0.000350647 
 193 |0.000350878 
 194 |0.000213758 
 195 |0.000214163 
 196 |0.00021458 
 197 |0.000213523 
 198 |0.000215425 
 199 |0.000213843 
 200 |0.000213241 
 201 |0.000214023 
 202 |0.000214751 
 203 |0.000213896 
 204 |0.000214189 
 205 |0.000213838 
 206 |0.000214376 
 207 |0.000215245 
 208 |0.000212947 
 209 |0.000214491 
 210 |0.000214423 
 211 |0.000214129 
 212 |0.000212852 
 213 |0.000215269 
 214 |0.000215489 
 215 |0.00021434 
 216 |0.00021446 
 217 |0.0002137 
 218 |0.000421029 
 219 |0.000420025 
 220 |0.000418763 
 221 |0.000417812 
 222 |0.000418925 
 223 |0.000419734 
 224 |0.000419776 
 225 |0.000419485 
 226 |0.00041962 
 227 |0.000419 
 228 |0.000419998 
 229 |0.000419231 
 230 |0.000419469 
 231 |0.000418029 
 232 |0.000418754 
 233 |0.000419458 
 234 |0.000416661 
 235 |0.000421202 
 236 |0.000420005 
 237 |0.000419374 
 238 |0.000420182 
 239 |0.000417701 
 240 |0.000420138 
 241 |0.000418156 
 242 |0.00041577 
 243 |0.000414243 
 244 |0.000415685 
 245 |0.00041553 
 246 |0.000415323 
 247 |0.000415179 
 248 |0.000413937 
 249 |0.000414812 
 250 |0.000414006 
 251 |0.000417552 
 252 |0.000415743 
 253 |0.000415399 
 254 |0.000415901 
 255 |0.000415012 
 256 |0.000416392 
 257 |0.000415443 
 258 |0.000416432 
 259 |0.00041635 
 260 |0.000414537 
 261 |0.00041489 
 262 |0.000414986 
 263 |0.000415972 
 264 |0.000415134 
 265 |0.000414239 
 266 |0.0004443 
 267 |0.000443616 
 268 |0.000445137 
 269 |0.000442925 
 270 |0.000441749 
 271 |0.00044268 
 272 |0.000444411 
 273 |0.000444067 
 274 |0.000445571 
 275 |0.000442907 
 276 |0.000444446 
 277 |0.000442927 
 278 |0.000443544 
 279 |0.000442769 
 280 |0.000442727 
 281 |0.000443536 
 282 |0.000443218 
 283 |0.000443682 
 284 |0.000441507 
 285 |0.000443065 
 286 |0.000442791 
 287 |0.000443116 
 288 |0.000444431 
 289 |0.000443478 
 290 |0.000400108 
 291 |0.00039924 
 292 |0.000400473 
 293 |0.000399546 
 294 |0.000400553 
 295 |0.000399337 
 296 |0.000399413 
 297 |0.00039918 
 298 |0.000399735 
 299 |0.000401415 
 300 |0.000399055 
 301 |0.000398875 
 302 |0.000400911 
 303 |0.000400026 
 304 |0.000400626 
 305 |0.00039962 
 306 |0.000399691 
 307 |0.000400355 
 308 |0.000399637 
 309 |0.000400424 
 310 |0.000401062 
 311 |0.000399169 
 312 |0.000399971 
 313 |0.000398575 
 314 |0.000259087 
 315 |0.000258076 
 316 |0.000260074 
 317 |0.000258649 
 318 |0.000258223 
 319 |0.000259229 
 320 |0.00025908 
 321 |0.000258605 
 322 |0.000258798 
 323 |0.000259434 
 324 |0.000261176 
 325 |0.000258354 
 326 |0.000259529 
 327 |0.00025964 
 328 |0.000259725 
 329 |0.000259507 
 330 |0.000258403 
 331 |0.000258689 
 332 |0.000260094 
 333 |0.000259789 
 334 |0.000260442 
 335 |0.000258965 
 336 |0.000259098 
 337 |0.000260534 
 338 |5.5798e-05 
 339 |5.54603e-05 
 340 |5.57802e-05 
 341 |5.59513e-05 
 342 |5.69289e-05 
 343 |5.62468e-05 
 344 |5.61557e-05 
 345 |5.57847e-05 
 346 |5.51781e-05 
 347 |5.59335e-05 
 348 |5.62357e-05 
 349 |5.58002e-05 
 350 |5.57224e-05 
 351 |5.63312e-05 
 352 |5.59891e-05 
 353 |5.58624e-05 
 354 |5.59402e-05 
 355 |5.65267e-05 
 356 |5.54514e-05 
 357 |5.62579e-05 
 358 |5.64045e-05 
 359 |5.60824e-05 
 360 |5.54492e-05 
 361 |5.60801e-05 
 362 |0.000497085 
 363 |0.000495259 
 364 |0.000496623 
 365 |0.000497123 
 366 |0.000496532 
 367 |0.000495554 
 368 |0.000496141 
 369 |0.00049641 
 370 |0.000496321 
 371 |0.000497592 
 372 |0.000494721 
 373 |0.000497729 
 374 |0.000496152 
 375 |0.000498249 
 376 |0.000496901 
 377 |0.000494912 
 378 |0.000495381 
 379 |0.000497032 
 380 |0.000494988 
 381 |0.000496903 
 382 |0.000496439 
 383 |0.000498032 
 384 |0.000497258 
 385 |0.000496034 
 386 |0.000491637 
 387 |0.000491908 
 388 |0.000491919 
 389 |0.00049084 
 390 |0.000493097 
 391 |0.000491635 
 392 |0.000492837 
 393 |0.000491973 
 394 |0.000492941 
 395 |0.000492753 
 396 |0.000493026 
 397 |0.000492106 
 398 |0.000492901 
 399 |0.000491684 
 400 |0.000494897 
 401 |0.000492733 
 402 |0.000490789 
 403 |0.000490606 
 404 |0.000491706 
 405 |0.000491433 
 406 |0.000493983 
 407 |0.000491204 
 408 |0.000491046 
 409 |0.000493172 
 410 |0.000526784 
 411 |0.000528263 
 412 |0.000525933 
 413 |0.000526477 
 414 |0.000526739 
 415 |0.000525722 
 416 |0.000526884 
 417 |0.000525677 
 418 |0.000526986 
 419 |0.000527868 
 420 |0.000526302 
 421 |0.000526533 
 422 |0.000528377 
 423 |0.000528423 
 424 |0.00052534 
 425 |0.000528277 
 426 |0.000528752 
 427 |0.000527168 
 428 |0.000525975 
 429 |0.000526861 
 430 |0.000528934 
 431 |0.000527692 
 432 |0.000526748 
 433 |0.000529361 
 434 |0.000503988 
 435 |0.000505399 
 436 |0.000502813 
 437 |0.000504752 
 438 |0.00050463 
 439 |0.000502884 
 440 |0.000505397 
 441 |0.000503659 
 442 |0.000503702 
 443 |0.000503346 
 444 |0.000505448 
 445 |0.000501695 
 446 |0.000504517 
 447 |0.00050541 
 448 |0.000502297 
 449 |0.000503133 
 450 |0.000504235 
 451 |0.000504208 
 452 |0.000503464 
 453 |0.000503273 
 454 |0.000502926 
 455 |0.000502857 
 456 |0.000504324 
 457 |0.000503113 
 458 |0.000346454 
 459 |0.000345517 
 460 |0.000344497 
 461 |0.000347665 
 462 |0.000345041 
 463 |0.000344595 
 464 |0.000343693 
 465 |0.000344379 
 466 |0.000345237 
 467 |0.000344386 
 468 |0.000343497 
 469 |0.000344639 
 470 |0.000343486 
 471 |0.000345517 
 472 |0.000343122 
 473 |0.000344515 
 474 |0.000342551 
 475 |0.000345073 
 476 |0.000345724 
 477 |0.00034449 
 478 |0.000344946 
 479 |0.000344355 
 480 |0.000344042 
 481 |0.000343786 
 482 |7.64251e-05 
 483 |7.66828e-05 
 484 |7.68805e-05 
 485 |7.68339e-05 
 486 |7.6905e-05 
 487 |7.66695e-05 
 488 |7.60496e-05 
 489 |7.68539e-05 
 490 |7.74071e-05 
 491 |7.68161e-05 
 492 |7.58607e-05 
 493 |7.74693e-05 
 494 |7.68916e-05 
 495 |7.65961e-05 
 496 |7.60851e-05 
 497 |7.68428e-05 
 498 |7.69761e-05 
 499 |7.71694e-05 
 500 |7.65361e-05 
 501 |7.6945e-05 
 502 |7.68139e-05 
 503 |7.66628e-05 
 504 |7.70049e-05 
 505 |7.68961e-05 
 506 |0.000891408 
 507 |0.000890524 
 508 |0.000893014 
 509 |0.000892765 
 510 |0.000892372 
 511 |0.000892488 
 512 |0.000891508 
 513 |0.000891441 
 514 |0.000893528 
 515 |0.000891024 
 516 |0.000892594 
 517 |0.00089329 
 518 |0.000891435 
 519 |0.000892268 
 520 |0.000892426 
 521 |0.00089039 
 522 |0.000893145 
 523 |0.000892297 
 524 |0.000893659 
 525 |0.000891546 
 526 |0.000891181 
 527 |0.000891481 
 528 |0.000893305 
 529 |0.00089001 
 530 |0.000883118 
 531 |0.000881637 
 532 |0.000884991 
 533 |0.000884074 
 534 |0.000880537 
 535 |0.000883247 
 536 |0.000878855 
 537 |0.000881634 
 538 |0.000880834 
 539 |0.000882361 
 540 |0.000882647 
 541 |0.000882336 
 542 |0.00088235 
 543 |0.000881988 
 544 |0.000883303 
 545 |0.00088125 
 546 |0.000882612 
 547 |0.000880848 
 548 |0.000880603 
 549 |0.000883036 
 550 |0.000882743 
 551 |0.00088454 
 552 |0.000880768 
 553 |0.000881705 
 554 |0.00092661 
 555 |0.000925781 
 556 |0.000928032 
 557 |0.000930418 
 558 |0.000926872 
 559 |0.000928676 
 560 |0.000927701 
 561 |0.000927799 
 562 |0.000930427 
 563 |0.000929634 
 564 |0.000930354 
 565 |0.000928279 
 566 |0.000929407 
 567 |0.000927961 
 568 |0.00092807 
 569 |0.000927003 
 570 |0.000928396 
 571 |0.0009305 
 572 |0.000929563 
 573 |0.000929507 
 574 |0.000929123 
 575 |0.000928272 
 576 |0.000929643 
 577 |0.000926706 
 578 |0.000875622 
 579 |0.000874905 
 580 |0.00087404 
 581 |0.000873547 
 582 |0.000874785 
 583 |0.000877511 
 584 |0.000875629 
 585 |0.000874558 
 586 |0.000877797 
 587 |0.000876446 
 588 |0.000877497 
 589 |0.000874905 
 590 |0.000876293 
 591 |0.000874476 
 592 |0.000874627 
 593 |0.000872478 
 594 |0.000876135 
 595 |0.000874976 
 596 |0.000876444 
 597 |0.000875938 
 598 |0.000874922 
 599 |0.000874598 
 600 |0.000873745 
 601 |0.000873034 

Now unfolding...
Iteration : 0
Chi^2 of change 174997
Iteration : 1
Chi^2 of change 10158.6
Iteration : 2
Chi^2 of change 2519.43
Iteration : 3
Chi^2 of change 924.958
Iteration : 4
Chi^2 of change 407.143
Iteration : 5
Chi^2 of change 212.756
Iteration : 6
Chi^2 of change 131.038
Iteration : 7
Chi^2 of change 92.7
Iteration : 8
Chi^2 of change 72.7143
Iteration : 9
Chi^2 of change 61.242
Iteration : 10
Chi^2 of change 54.0761
Iteration : 11
Chi^2 of change 49.2605
Iteration : 12
Chi^2 of change 45.811
Iteration : 13
Chi^2 of change 43.1967
Iteration : 14
Chi^2 of change 41.1141
Iteration : 15
Chi^2 of change 39.3818
Iteration : 16
Chi^2 of change 37.8874
Iteration : 17
Chi^2 of change 36.5593
Iteration : 18
Chi^2 of change 35.3509
Iteration : 19
Chi^2 of change 34.2315
Iteration : 20
Chi^2 of change 33.1804
Iteration : 21
Chi^2 of change 32.1836
Iteration : 22
Chi^2 of change 31.2313
Iteration : 23
Chi^2 of change 30.3168
Iteration : 24
Chi^2 of change 29.4352
Using response matrix priors
Calculating covariances due to number of measured events
TH1D::Sumw2:0: RuntimeWarning: Sum of squares of weights structure already created
/w/ceph24/hallb/clas12/users/richcap/SIDIS_Analysis_CLAS12_RichCap/Simple_RooUnfold_SelfContained.py:1740: FutureWarning: 
TObject.__eq__ is deprecated and will be removed in ROOT 6.40.

It forwards to TObject::Equals(), which uses pointer comparison if not overridden in derived classes.
This may be confusing, because people expect value comparisons.
Use Pythons `is` for pointer comparison, or request/implement `operator==` on the C++ side if you need value-based equality checks.
  if(MC_BGS_1D not in ["None"]):
/w/ceph24/hallb/clas12/users/richcap/SIDIS_Analysis_CLAS12_RichCap/Simple_RooUnfold_SelfContained.py:1835: FutureWarning: 
TObject.__eq__ is deprecated and will be removed in ROOT 6.40.

It forwards to TObject::Equals(), which uses pointer comparison if not overridden in derived classes.
This may be confusing, because people expect value comparisons.
Use Pythons `is` for pointer comparison, or request/implement `operator==` on the C++ side if you need value-based equality checks.
  if(MC_BGS_1D not in ["None"]):
/w/ceph24/hallb/clas12/users/richcap/SIDIS_Analysis_CLAS12_RichCap/Simple_RooUnfold_SelfContained.py:1866: FutureWarning: 
TObject.__eq__ is deprecated and will be removed in ROOT 6.40.

It forwards to TObject::Equals(), which uses pointer comparison if not overridden in derived classes.
This may be confusing, because people expect value comparisons.
Use Pythons `is` for pointer comparison, or request/implement `operator==` on the C++ side if you need value-based equality checks.
  if(MC_BGS_1D not in ["None"]):
/w/ceph24/hallb/clas12/users/richcap/SIDIS_Analysis_CLAS12_RichCap/Simple_RooUnfold_SelfContained.py:3331: FutureWarning: 
TObject.__eq__ is deprecated and will be removed in ROOT 6.40.

It forwards to TObject::Equals(), which uses pointer comparison if not overridden in derived classes.
This may be confusing, because people expect value comparisons.
Use Pythons `is` for pointer comparison, or request/implement `operator==` on the C++ side if you need value-based equality checks.
  if(tdf not in ["N/A"]):

Adding the following extra title to the histograms:
	rho0 Normalized Subtraction Run


[1m[94mSmear option selected is: Smear[0m


[91mRunning Bin 'All' for Q2-y Bins by default (will skip at end)[0m


Running for Q2-xB/Q2-y Bins: '4', '0'
[1m
Starting RG-A SIDIS Analysis
[0m

Started running on [1m9-9-2026[0m at [1m01:28 p.m.[0m

The total number of histograms available for the [1mRDataFrame[0m in '[1m[94m/w/ceph24/hallb/clas12/users/richcap/SIDIS_Analysis_CLAS12_RichCap/Histo_Files_ROOT/DataFrames/hadd_ROOT_files_From_using_RDataFrames/SIDIS_epip_Response_Matrices_from_RDataFrames_Only_3D_Final_Thesis_Bank_Response_Matrices_Final_Thesis_Files_All.root[0m' is [1m1002[0m


[1mDone Loading RDataFrame files...
[0m
[1m[94m

Starting Unfolding Procedures...
[0m
Bin 1 is not in Q2_y_Bin_List = ['4', '0']
Bin 10 is not in Q2_y_Bin_List = ['4', '0']
Bin 11 is not in Q2_y_Bin_List = ['4', '0']
Bin 12 is not in Q2_y_Bin_List = ['4', '0']
Bin 13 is not in Q2_y_Bin_List = ['4', '0']
Bin 14 is not in Q2_y_Bin_List = ['4', '0']
Bin 15 is not in Q2_y_Bin_List = ['4', '0']
Bin 16 is not in Q2_y_Bin_List = ['4', '0']
Bin 17 is not in Q2_y_Bin_List = ['4', '0']
Bin 2 is not in Q2_y_Bin_List = ['4', '0']
Bin 3 is not in Q2_y_Bin_List = ['4', '0']

Unfolding: ((Histo-Group='Response_Matrix_Normal'), (Data-Type='DataFrame_Type'), (Data-Cut='cut_Complete_SIDIS'), (Smear-Type='smear'), (Binning-Type='Y_bin'-[Q2-y-Bin=4, z-PT-Bin=All]), (Var-D1='MultiDim_z_pT_Bin_Y_bin_phi_t'-[NumBins=602, MinBin=-1.5, MaxBin=600.5]), (Var-D2='z_pT_Bin_Y_bin_smeared'-[NumBins=38, MinBin=-0.5, MaxBin=37.5]))
[1m[92mSubtracting the 'lundvpk' files to the 'ExREAL_1D_initial' histogram[0m
[1m[96mStarting [4m[95mBin-by-Bin[0m[1m[96m Unfolding Procedure...[0m
	[1mAcceptance Correction of Histogram:[0m
	((Histo-Group='Response_Matrix_Normal_1D'), (Data-Cut='cut_Complete_SIDIS'), (Smear-Type='smear'), (Binning-Type='Y_bin'-[Q2-y-Bin=4, z-PT-Bin=All]), (Var-D1='MultiDim_z_pT_Bin_Y_bin_phi_t'))
[91m
Bin 75 had a very low acceptance...
	(cut_criteria = 0.0005)
	(Bin_Content  = 0.00027475462885228886)[0m
[91m
Bin 98 had a very low acceptance...
	(cut_criteria = 0.0005)
	(Bin_Content  = 3.044047365377005e-05)[0m
[91m
Bin 171 had a very low acceptance...
	(cut_criteria = 0.0005)
	(Bin_Content  = 6.938355861964564e-05)[0m
[91m
Bin 194 had a very low acceptance...
	(cut_criteria = 0.0005)
	(Bin_Content  = 2.5328318326304724e-05)[0m
[91m
Bin 195 had a very low acceptance...
	(cut_criteria = 0.0005)
	(Bin_Content  = 0.00016630287911859474)[0m
[91m
Bin 218 had a very low acceptance...
	(cut_criteria = 0.0005)
	(Bin_Content  = 2.0793479164933875e-05)[0m
[91m
Bin 411 had a very low acceptance...
	(cut_criteria = 0.0005)
	(Bin_Content  = 0.0003880235682141215)[0m
[91m
Bin 434 had a very low acceptance...
	(cut_criteria = 0.0005)
	(Bin_Content  = 0.00026861524643350304)[0m
[91m
Bin 458 had a very low acceptance...
	(cut_criteria = 0.0005)
	(Bin_Content  = 0.00037536708693060127)[0m
[91m
Bin 493 had a very low acceptance...
	(cut_criteria = 0.0005)
	(Bin_Content  = 0.00011715089034676664)[0m
[91m
Bin 495 had a very low acceptance...
	(cut_criteria = 0.0005)
	(Bin_Content  = 2.8895053166897826e-05)[0m
[91m
Bin 496 had a very low acceptance...
	(cut_criteria = 0.0005)
	(Bin_Content  = 0.00026105873821609865)[0m
[91m
Bin 555 had a very low acceptance...
	(cut_criteria = 0.0005)
	(Bin_Content  = 7.193278600475715e-06)[0m
[91m
Bin 578 had a very low acceptance...
	(cut_criteria = 0.0005)
	(Bin_Content  = 7.1925370235843285e-06)[0m
[1m[96mFinished [95mBin-by-Bin[0m[1m[96m Unfolding Procedure.[0m

Current Time: [1m01:28 p.m.[0m
Time Elapsed Up To Now:
0 Day(s), 0 Hour(s), 0 Minute(s), and 0 Second(s).

[1m[96mStarting [4m[92mRooUnfold[0m[1m[96m Unfolding Procedure...[0m
	[1mUnfolding Histogram:[0m
	((Histo-Group='Response_Matrix_Normal'), (Data-Cut='cut_Complete_SIDIS'), (Smear-Type='smear'), (Binning-Type='Y_bin'-[Q2-y-Bin=4, z-PT-Bin=All]), (Var-D1='MultiDim_z_pT_Bin_Y_bin_phi_t'))
	[96mUsing [1m[92mRooUnfold (Bin-by-Bin)[0m[96m Unfolding Procedure...[0m
[1m[96mFinished [92mRooUnfold (Bin-by-Bin)[0m[1m[96m Unfolding Procedure.
[0m
[1m[96mStarting [4m[92mRooUnfold[0m[1m[96m Unfolding Procedure...[0m

	[1mBegan Unfolding Histogram:[0m
	((Histo-Group='Response_Matrix_Normal'), (Data-Cut='cut_Complete_SIDIS'), (Smear-Type='smear'), (Binning-Type='Y_bin'-[Q2-y-Bin=4, z-PT-Bin=All]), (Var-D1='MultiDim_z_pT_Bin_Y_bin_phi_t'))
Time Elapsed Up To Now: 0 Day(s), 0 Hour(s), 0 Minute(s), and 1 Second(s). 
	[96mUsing [1m[92mRooUnfold (Bayesian)[0m[96m method to unfold...[0m
[1mPerforming Unfolding with [4m25[0m[1m iteration(s)...[0m

Current Time: [1m01:28 p.m.[0m
Time Elapsed Up To Now:
0 Day(s), 0 Hour(s), 0 Minute(s), and 19 Second(s).

[1m[96mFinished [92mRooUnfold (Bayesian)[0m[1m[96m Unfolding Procedure.
[0m

[94mRunning Multi3D_Slice(...)[0m


[94mRunning Multi3D_Slice(...)[0m


[94mRunning Multi3D_Slice(...)[0m


[94mRunning Multi3D_Slice(...)[0m


[94mRunning Multi3D_Slice(...)[0m


[94mRunning Multi3D_Slice(...)[0m


[94mRunning Multi3D_Slice(...)[0m

Bin 5 is not in Q2_y_Bin_List = ['4', '0']
Bin 6 is not in Q2_y_Bin_List = ['4', '0']
Bin 7 is not in Q2_y_Bin_List = ['4', '0']
Bin 8 is not in Q2_y_Bin_List = ['4', '0']
Bin 9 is not in Q2_y_Bin_List = ['4', '0']

Unfolding: ((Histo-Group='Response_Matrix_Normal'), (Data-Type='DataFrame_Type'), (Data-Cut='cut_Complete_SIDIS'), (Smear-Type='smear'), (Binning-Type='Y_bin'-[Q2-y-Bin=All, z-PT-Bin=All]), (Var-D1='MultiDim_z_pT_Bin_Y_bin_phi_t'-[NumBins=770, MinBin=-1.5, MaxBin=768.5]), (Var-D2='z_pT_Bin_Y_bin_smeared'-[NumBins=38, MinBin=-0.5, MaxBin=37.5]))
[1m[92mSubtracting the 'lundvpk' files to the 'ExREAL_1D_initial' histogram[0m
Total: 2


Counting Total Number of/Saving collected histograms...
[1m[94mSaving to: [1m[92m/w/ceph24/hallb/clas12/users/richcap/SIDIS_Analysis_CLAS12_RichCap/Unfolded_Parallel_SIDIS_epip_from_Only_3D_Final_Thesis_Bank_V1.root[0m

[1m[96mDone Saving![0m

Final Count = 192


Current Time: [1m01:28 p.m.[0m
Time Elapsed Up To Now:
0 Day(s), 0 Hour(s), 0 Minute(s), and 19 Second(s).

Conditions for running 'Create_Fits_and_Apply_RC_and_BC' were not set...
Need to run: '(args.fit and args.Use_TTree) or args.Apply_RC'


Counting Total Number of/Saving collected histograms...
[1m[94mSaving to: [1m[92m/w/ceph24/hallb/clas12/users/richcap/SIDIS_Analysis_CLAS12_RichCap/Unfolded_Parallel_SIDIS_epip_from_Only_3D_Final_Thesis_Bank_V1.root[0m

[1m[96mDone Saving![0m

Final Count = 192


Current Time: [1m01:28 p.m.[0m
Time Elapsed Up To Now:
0 Day(s), 0 Hour(s), 0 Minute(s), and 20 Second(s).





[1m[43mEMAIL MESSAGE TO SEND:[0m


The 'Simple_RooUnfold_SelfContained.py' script has finished running.
Started running on [1m9-9-2026[0m at [1m01:28 p.m.[0m

Input File:
	/w/ceph24/hallb/clas12/users/richcap/SIDIS_Analysis_CLAS12_RichCap/Histo_Files_ROOT/DataFrames/hadd_ROOT_files_From_using_RDataFrames/SIDIS_epip_Response_Matrices_from_RDataFrames_Only_3D_Final_Thesis_Bank_Response_Matrices_Final_Thesis_Files_All.root
Output File:
	/w/ceph24/hallb/clas12/users/richcap/SIDIS_Analysis_CLAS12_RichCap/Unfolded_Parallel_SIDIS_epip_from_Only_3D_Final_Thesis_Bank_V1.root

Coordinated 3D unfolding through the 'Run_simple_unfold_parallel.py' script. Ran 3D Unfolding with updated kinematic bins (based on the BC correction limitations). Used the work_b directory. Ran with 25 bayesian iterations (for testing of each Q2-y Bin). Ran with 1 Toy Unfoldings (for testing). Ran with Harut's exclusive 'lundvpk' rho0 events subtracted directly from data as background. Ran in tmuxSIDIS_2.

	[1mBegan Unfolding Histogram:[0m
	((Histo-Group='Response_Matrix_Normal'), (Data-Cut='cut_Complete_SIDIS'), (Smear-Type='smear'), (Binning-Type='Y_bin'-[Q2-y-Bin=4, z-PT-Bin=All]), (Var-D1='MultiDim_z_pT_Bin_Y_bin_phi_t'))
Time Elapsed Up To Now: 0 Day(s), 0 Hour(s), 0 Minute(s), and 1 Second(s). 
	Finished Unfolding the histogram at:
Time Elapsed Up To Now: 0 Day(s), 0 Hour(s), 0 Minute(s), and 19 Second(s). 

Arguments:
--unfolding_3D (3D Unfolding Only)                  --> True
--unfolding_5D (Ran 5D Unfolding Fits)              --> False
--run_sectors                                       --> False
--sectors_to_unfold                                 --> None
--allow_other_variables (for unfolding)             --> False
--simulation (unfolding synthetic data)             --> False
--modulation (data unfolded with modulated MC)      --> False
--closure  (modulated MC unfolded with itself)      --> False
--weighed_acceptance (use acceptance weights only)  --> False
--test                                              --> False
--verbose                                           --> False
--weight_tag                                        --> ''
--fit                                               --> False
--remake_fit                                        --> False
--CrossSection_Norm                                 --> False
--tag_proton                                        --> False
--cut_proton                                        --> False
--Common_Int_Bins                                   --> False
--bayes_iterations                                  --> 25
--Num_Toys                                          --> 1
--Unfold_Methods                                    --> ['Bayesian']
--title                                             --> 'rho0 Normalized Subtraction Run'
--EvGen                                             --> False
--Min_Allowed_Acceptance_Cut                        --> 0.0005
--Use_TTree                                         --> False
--Apply_RC                                          --> False
--Apply_BC                                          --> False
--Add_Uncertainties                                 --> False
--save_json                                         --> False
--json_name                                         --> None
--old_json                                          --> False
--background_source                                 --> 'lundvpk'
--use_spline_init                                   --> False
--fit_init_file                                     --> None
--data_root                                         --> 'work_b'
--pass_version                                      --> 'Pass 2'
--smearing_options                                  --> 'smear'
--Q2_y_Bin_List                                     --> ['4', '0']
--Run_5D_Unfold                                     --> False
--run_sec_unfold                                    --> False


The time that this code finished is [1m01:28 p.m.[0m
The total time the code took to run is:
0 Day(s), 0 Hour(s), 0 Minute(s), and 20 Second(s).
Saved 192 Histograms...
Rate = 9.60 Histograms/Seconds
    

[1m[92m[43m
    	                                   	   
    	This code has now finished running.	   
    	                                   	   [0m
    
    
