Full command: /w/ceph24/hallb/clas12/users/richcap/SIDIS_Analysis_CLAS12_RichCap/Simple_RooUnfold_SelfContained.py --data_root work_b --unfolding_3D --smear --root /w/ceph24/hallb/clas12/users/richcap/SIDIS_Analysis_CLAS12_RichCap/Unfolded_Parallel_SIDIS_epip_from_Only_3D_Final_Thesis_Bank_V1.root --single_file_input /w/ceph24/hallb/clas12/users/richcap/SIDIS_Analysis_CLAS12_RichCap/Histo_Files_ROOT/DataFrames/hadd_ROOT_files_From_using_RDataFrames/SIDIS_epip_Response_Matrices_from_RDataFrames_Only_3D_Final_Thesis_Bank_Response_Matrices_Final_Thesis_Files_All.root --background_source lundvpk --bayes_iterations 25 --Num_Toys 1 -em 'Coordinated 3D unfolding through the '"'"'Run_simple_unfold_parallel.py'"'"' script. Ran 3D Unfolding with updated kinematic bins (based on the BC correction limitations). Used the work_b directory. Ran with 25 bayesian iterations (for testing of each Q2-y Bin). Ran with 1 Toy Unfoldings (for testing). Ran with Harut'"'"'s exclusive '"'"'lundvpk'"'"' rho0 events subtracted directly from data as background. Ran in tmuxSIDIS_2.' -ti 'rho0 Normalized Subtraction Run' 2
/w/ceph24/hallb/clas12/users/richcap/SIDIS_Analysis_CLAS12_RichCap/Simple_RooUnfold_SelfContained.py:2853: FutureWarning: 
TObject.__eq__ is deprecated and will be removed in ROOT 6.40.

It forwards to TObject::Equals(), which uses pointer comparison if not overridden in derived classes.
This may be confusing, because people expect value comparisons.
Use Pythons `is` for pointer comparison, or request/implement `operator==` on the C++ side if you need value-based equality checks.
  if((tdf not in ["N/A"]) and out_print_main_tdf):
/w/ceph24/hallb/clas12/users/richcap/SIDIS_Analysis_CLAS12_RichCap/Simple_RooUnfold_SelfContained.py:3029: FutureWarning: 
TObject.__eq__ is deprecated and will be removed in ROOT 6.40.

It forwards to TObject::Equals(), which uses pointer comparison if not overridden in derived classes.
This may be confusing, because people expect value comparisons.
Use Pythons `is` for pointer comparison, or request/implement `operator==` on the C++ side if you need value-based equality checks.
  if((tdf not in ["N/A"]) and ExTRUE_1D_initial):
/w/ceph24/hallb/clas12/users/richcap/SIDIS_Analysis_CLAS12_RichCap/Simple_RooUnfold_SelfContained.py:3111: FutureWarning: 
TObject.__eq__ is deprecated and will be removed in ROOT 6.40.

It forwards to TObject::Equals(), which uses pointer comparison if not overridden in derived classes.
This may be confusing, because people expect value comparisons.
Use Pythons `is` for pointer comparison, or request/implement `operator==` on the C++ side if you need value-based equality checks.
  if("N/A" not in [tdf, ExTRUE_1D]):
/w/ceph24/hallb/clas12/users/richcap/SIDIS_Analysis_CLAS12_RichCap/Simple_RooUnfold_SelfContained.py:3121: FutureWarning: 
TObject.__eq__ is deprecated and will be removed in ROOT 6.40.

It forwards to TObject::Equals(), which uses pointer comparison if not overridden in derived classes.
This may be confusing, because people expect value comparisons.
Use Pythons `is` for pointer comparison, or request/implement `operator==` on the C++ side if you need value-based equality checks.
  if("N/A" not in [tdf, ExTRUE_1D]):
/w/ceph24/hallb/clas12/users/richcap/SIDIS_Analysis_CLAS12_RichCap/Simple_RooUnfold_SelfContained.py:3140: FutureWarning: 
TObject.__eq__ is deprecated and will be removed in ROOT 6.40.

It forwards to TObject::Equals(), which uses pointer comparison if not overridden in derived classes.
This may be confusing, because people expect value comparisons.
Use Pythons `is` for pointer comparison, or request/implement `operator==` on the C++ side if you need value-based equality checks.
  if("N/A" not in [tdf, ExTRUE_1D]):
/w/ceph24/hallb/clas12/users/richcap/SIDIS_Analysis_CLAS12_RichCap/Simple_RooUnfold_SelfContained.py:3147: FutureWarning: 
TObject.__eq__ is deprecated and will be removed in ROOT 6.40.

It forwards to TObject::Equals(), which uses pointer comparison if not overridden in derived classes.
This may be confusing, because people expect value comparisons.
Use Pythons `is` for pointer comparison, or request/implement `operator==` on the C++ side if you need value-based equality checks.
  if("N/A" not in [tdf, ExTRUE_1D]):
/w/ceph24/hallb/clas12/users/richcap/SIDIS_Analysis_CLAS12_RichCap/Simple_RooUnfold_SelfContained.py:3154: FutureWarning: 
TObject.__eq__ is deprecated and will be removed in ROOT 6.40.

It forwards to TObject::Equals(), which uses pointer comparison if not overridden in derived classes.
This may be confusing, because people expect value comparisons.
Use Pythons `is` for pointer comparison, or request/implement `operator==` on the C++ side if you need value-based equality checks.
  if("N/A" not in [tdf, ExTRUE_1D]):
/w/ceph24/hallb/clas12/users/richcap/SIDIS_Analysis_CLAS12_RichCap/Simple_RooUnfold_SelfContained.py:3161: FutureWarning: 
TObject.__eq__ is deprecated and will be removed in ROOT 6.40.

It forwards to TObject::Equals(), which uses pointer comparison if not overridden in derived classes.
This may be confusing, because people expect value comparisons.
Use Pythons `is` for pointer comparison, or request/implement `operator==` on the C++ side if you need value-based equality checks.
  if("N/A" not in [tdf, ExTRUE_1D]):
/w/ceph24/hallb/clas12/users/richcap/SIDIS_Analysis_CLAS12_RichCap/Simple_RooUnfold_SelfContained.py:3187: FutureWarning: 
TObject.__eq__ is deprecated and will be removed in ROOT 6.40.

It forwards to TObject::Equals(), which uses pointer comparison if not overridden in derived classes.
This may be confusing, because people expect value comparisons.
Use Pythons `is` for pointer comparison, or request/implement `operator==` on the C++ side if you need value-based equality checks.
  if("N/A" not in [tdf, ExTRUE_1D]):
/w/ceph24/hallb/clas12/users/richcap/SIDIS_Analysis_CLAS12_RichCap/Simple_RooUnfold_SelfContained.py:506: FutureWarning: 
TObject.__eq__ is deprecated and will be removed in ROOT 6.40.

It forwards to TObject::Equals(), which uses pointer comparison if not overridden in derived classes.
This may be confusing, because people expect value comparisons.
Use Pythons `is` for pointer comparison, or request/implement `operator==` on the C++ side if you need value-based equality checks.
  if(Response_2D in ["N/A", "None", "Error"]):
/w/ceph24/hallb/clas12/users/richcap/SIDIS_Analysis_CLAS12_RichCap/Simple_RooUnfold_SelfContained.py:517: FutureWarning: 
TObject.__eq__ is deprecated and will be removed in ROOT 6.40.

It forwards to TObject::Equals(), which uses pointer comparison if not overridden in derived classes.
This may be confusing, because people expect value comparisons.
Use Pythons `is` for pointer comparison, or request/implement `operator==` on the C++ side if you need value-based equality checks.
  if(MC_BGS_1D not in ["None"]):
TH1D::Sumw2:0: RuntimeWarning: Sum of squares of weights structure already created
/w/ceph24/hallb/clas12/users/richcap/SIDIS_Analysis_CLAS12_RichCap/Simple_RooUnfold_SelfContained.py:546: FutureWarning: 
TObject.__eq__ is deprecated and will be removed in ROOT 6.40.

It forwards to TObject::Equals(), which uses pointer comparison if not overridden in derived classes.
This may be confusing, because people expect value comparisons.
Use Pythons `is` for pointer comparison, or request/implement `operator==` on the C++ side if you need value-based equality checks.
  if(Response_2D in ["N/A", "None", "Error"]):
/w/ceph24/hallb/clas12/users/richcap/SIDIS_Analysis_CLAS12_RichCap/Simple_RooUnfold_SelfContained.py:557: FutureWarning: 
TObject.__eq__ is deprecated and will be removed in ROOT 6.40.

It forwards to TObject::Equals(), which uses pointer comparison if not overridden in derived classes.
This may be confusing, because people expect value comparisons.
Use Pythons `is` for pointer comparison, or request/implement `operator==` on the C++ side if you need value-based equality checks.
  if((("RooUnfold" in str(Method)) or (str(Method) in ["Default"]) or (Method in ["Bin", "bin", "Bin-by-Bin", "Bin by Bin"])) and (Response_2D not in ["N/A", "None", "Error"])):
Subtract 53556.6 fakes from measured distribution
/w/ceph24/hallb/clas12/users/richcap/SIDIS_Analysis_CLAS12_RichCap/Simple_RooUnfold_SelfContained.py:504: FutureWarning: 
TObject.__eq__ is deprecated and will be removed in ROOT 6.40.

It forwards to TObject::Equals(), which uses pointer comparison if not overridden in derived classes.
This may be confusing, because people expect value comparisons.
Use Pythons `is` for pointer comparison, or request/implement `operator==` on the C++ side if you need value-based equality checks.
  elif((Method in ["Bin", "bin", "Bin-by-Bin", "Bin by Bin"]) or (Response_2D in ["N/A", "None", "Error"])):
Using response matrix priors
Priors:

Vector (770)  is as follows

     |        1  |
------------------
   0 |0 
   1 |0.674757 
   2 |0.000525224 
   3 |0.000522255 
   4 |0.000522326 
   5 |0.000525246 
   6 |0.000520897 
   7 |0.000520967 
   8 |0.000523285 
   9 |0.00052159 
  10 |0.000521369 
  11 |0.000523255 
  12 |0.000524633 
  13 |0.000522953 
  14 |0.000523431 
  15 |0.000523893 
  16 |0.000523473 
  17 |0.000520422 
  18 |0.000525105 
  19 |0.000522122 
  20 |0.000521386 
  21 |0.000524171 
  22 |0.00052158 
  23 |0.000522175 
  24 |0.000523192 
  25 |0.000522614 
  26 |0.00041253 
  27 |0.000414215 
  28 |0.000413168 
  29 |0.00041423 
  30 |0.000411722 
  31 |0.000412337 
  32 |0.000412598 
  33 |0.000411676 
  34 |0.000412847 
  35 |0.000412806 
  36 |0.00041298 
  37 |0.000414147 
  38 |0.000414712 
  39 |0.000413939 
  40 |0.000412111 
  41 |0.000413186 
  42 |0.000413397 
  43 |0.000412909 
  44 |0.00041143 
  45 |0.000412221 
  46 |0.000413268 
  47 |0.000413078 
  48 |0.000412354 
  49 |0.000412739 
  50 |0.000413143 
  51 |0.000412221 
  52 |0.000414401 
  53 |0.000412972 
  54 |0.000413115 
  55 |0.00041301 
  56 |0.000413477 
  57 |0.000413673 
  58 |0.000413823 
  59 |0.000412126 
  60 |0.000414401 
  61 |0.000414311 
  62 |0.000412241 
  63 |0.000413846 
  64 |0.00041141 
  65 |0.000413527 
  66 |0.000412688 
  67 |0.000415026 
  68 |0.000414245 
  69 |0.000413088 
  70 |0.000413512 
  71 |0.000413655 
  72 |0.000415021 
  73 |0.000412985 
  74 |0.000319397 
  75 |0.000320042 
  76 |0.000318849 
  77 |0.000319306 
  78 |0.000319346 
  79 |0.000319103 
  80 |0.00032078 
  81 |0.000318327 
  82 |0.000320321 
  83 |0.000319695 
  84 |0.000320512 
  85 |0.000320456 
  86 |0.000321084 
  87 |0.00031959 
  88 |0.000321554 
  89 |0.000319532 
  90 |0.000319816 
  91 |0.000319846 
  92 |0.000319095 
  93 |0.000320728 
  94 |0.000320205 
  95 |0.000320238 
  96 |0.000318555 
  97 |0.000319824 
  98 |0.000326873 
  99 |0.000326054 
 100 |0.000324848 
 101 |0.000326566 
 102 |0.00032584 
 103 |0.000324816 
 104 |0.000326415 
 105 |0.000327556 
 106 |0.000327171 
 107 |0.000325007 
 108 |0.000326403 
 109 |0.000328271 
 110 |0.000326285 
 111 |0.000326187 
 112 |0.00032695 
 113 |0.000326041 
 114 |0.000326993 
 115 |0.000327292 
 116 |0.000324251 
 117 |0.0003252 
 118 |0.000326873 
 119 |0.000324246 
 120 |0.00032414 
 121 |0.000327603 
 122 |0.00023171 
 123 |0.000232197 
 124 |0.000232443 
 125 |0.00023226 
 126 |0.000232099 
 127 |0.000232971 
 128 |0.000232827 
 129 |0.000231944 
 130 |0.000231831 
 131 |0.00023281 
 132 |0.000234949 
 133 |0.000234638 
 134 |0.0002339 
 135 |0.000233156 
 136 |0.000234236 
 137 |0.000234334 
 138 |0.000233405 
 139 |0.000232451 
 140 |0.000233403 
 141 |0.000232521 
 142 |0.000233091 
 143 |0.000232853 
 144 |0.000233114 
 145 |0.000232559 
 146 |0.000652228 
 147 |0.000652469 
 148 |0.000652042 
 149 |0.000650887 
 150 |0.000651422 
 151 |0.000653532 
 152 |0.000653341 
 153 |0.000651445 
 154 |0.000651952 
 155 |0.00065266 
 156 |0.00065033 
 157 |0.00065208 
 158 |0.000652828 
 159 |0.000651543 
 160 |0.000651859 
 161 |0.000651726 
 162 |0.000654689 
 163 |0.000650644 
 164 |0.000651362 
 165 |0.000652761 
 166 |0.000655741 
 167 |0.000653173 
 168 |0.00065206 
 169 |0.000650943 
 170 |0.000504991 
 171 |0.000509601 
 172 |0.000507678 
 173 |0.000507105 
 174 |0.00050661 
 175 |0.000508386 
 176 |0.000507354 
 177 |0.000509182 
 178 |0.000507944 
 179 |0.000505955 
 180 |0.000505553 
 181 |0.000508167 
 182 |0.000509915 
 183 |0.00050828 
 184 |0.000508838 
 185 |0.000508024 
 186 |0.000508331 
 187 |0.000508423 
 188 |0.000507755 
 189 |0.000507587 
 190 |0.000507926 
 191 |0.000508592 
 192 |0.000507371 
 193 |0.000510626 
 194 |0.00049817 
 195 |0.000496987 
 196 |0.000500044 
 197 |0.000497163 
 198 |0.00049877 
 199 |0.000499039 
 200 |0.00049929 
 201 |0.00049866 
 202 |0.000497781 
 203 |0.000496641 
 204 |0.000499604 
 205 |0.000497515 
 206 |0.000500152 
 207 |0.000497979 
 208 |0.000499366 
 209 |0.000500744 
 210 |0.00049914 
 211 |0.000499519 
 212 |0.000499044 
 213 |0.000498524 
 214 |0.000498916 
 215 |0.000497495 
 216 |0.000496686 
 217 |0.000499792 
 218 |0.000377217 
 219 |0.000378101 
 220 |0.000377192 
 221 |0.0003766 
 222 |0.000377092 
 223 |0.00037662 
 224 |0.000376273 
 225 |0.000375743 
 226 |0.000377712 
 227 |0.000377099 
 228 |0.000378734 
 229 |0.000375846 
 230 |0.000376286 
 231 |0.000376916 
 232 |0.000377986 
 233 |0.000378179 
 234 |0.000376939 
 235 |0.000376725 
 236 |0.00037665 
 237 |0.00037565 
 238 |0.000376667 
 239 |0.000377888 
 240 |0.000377328 
 241 |0.000376989 
 242 |0.000375756 
 243 |0.00037504 
 244 |0.000375859 
 245 |0.00037396 
 246 |0.000375095 
 247 |0.000375638 
 248 |0.000374028 
 249 |0.000375512 
 250 |0.000373564 
 251 |0.000375334 
 252 |0.000375972 
 253 |0.000375105 
 254 |0.000375306 
 255 |0.000375585 
 256 |0.00037447 
 257 |0.000373807 
 258 |0.000374824 
 259 |0.000373935 
 260 |0.000374252 
 261 |0.000375849 
 262 |0.000374513 
 263 |0.000373554 
 264 |0.000374031 
 265 |0.000375485 
 266 |0.000280912 
 267 |0.000277844 
 268 |0.000278986 
 269 |0.000279132 
 270 |0.000280139 
 271 |0.00027989 
 272 |0.000280382 
 273 |0.000281754 
 274 |0.000280583 
 275 |0.000281389 
 276 |0.000281181 
 277 |0.000280915 
 278 |0.000281171 
 279 |0.000279981 
 280 |0.000281713 
 281 |0.000280146 
 282 |0.000280837 
 283 |0.000281678 
 284 |0.000279662 
 285 |0.000279943 
 286 |0.000279727 
 287 |0.000279737 
 288 |0.000279177 
 289 |0.000278333 
 290 |0.000619846 
 291 |0.000622669 
 292 |0.00061905 
 293 |0.000619364 
 294 |0.000618676 
 295 |0.000620035 
 296 |0.000619319 
 297 |0.000621795 
 298 |0.000618026 
 299 |0.000621988 
 300 |0.000621935 
 301 |0.000616893 
 302 |0.000618746 
 303 |0.000618154 
 304 |0.000621031 
 305 |0.000619891 
 306 |0.000619128 
 307 |0.000619294 
 308 |0.000619695 
 309 |0.000620148 
 310 |0.000619276 
 311 |0.000621835 
 312 |0.000618483 
 313 |0.000618985 
 314 |0.000477184 
 315 |0.000476976 
 316 |0.000477804 
 317 |0.000478269 
 318 |0.000476684 
 319 |0.000476365 
 320 |0.000476862 
 321 |0.000476669 
 322 |0.000477468 
 323 |0.000477043 
 324 |0.00047637 
 325 |0.000478 
 326 |0.000477541 
 327 |0.000475403 
 328 |0.000478422 
 329 |0.000477445 
 330 |0.000478116 
 331 |0.000475961 
 332 |0.000476586 
 333 |0.00047678 
 334 |0.000476313 
 335 |0.000475559 
 336 |0.000477219 
 337 |0.000475979 
 338 |0.000452825 
 339 |0.000454194 
 340 |0.000454425 
 341 |0.000453204 
 342 |0.0004534 
 343 |0.000454299 
 344 |0.000454764 
 345 |0.00045555 
 346 |0.000453782 
 347 |0.000454925 
 348 |0.000453285 
 349 |0.000452752 
 350 |0.000453267 
 351 |0.000453907 
 352 |0.000454056 
 353 |0.000455231 
 354 |0.000453895 
 355 |0.000454048 
 356 |0.000456308 
 357 |0.00045552 
 358 |0.000451205 
 359 |0.000453327 
 360 |0.000455213 
 361 |0.000453124 
 362 |0.00032571 
 363 |0.000324894 
 364 |0.000326549 
 365 |0.000325923 
 366 |0.000327417 
 367 |0.000326511 
 368 |0.00032687 
 369 |0.000327335 
 370 |0.000327664 
 371 |0.000326584 
 372 |0.000327033 
 373 |0.000325695 
 374 |0.000326456 
 375 |0.000326669 
 376 |0.000324695 
 377 |0.000328633 
 378 |0.00032634 
 379 |0.000325991 
 380 |0.000325461 
 381 |0.000325162 
 382 |0.00032639 
 383 |0.000325373 
 384 |0.000327304 
 385 |0.00032509 
 386 |0.000301602 
 387 |0.000302654 
 388 |0.000304872 
 389 |0.000302737 
 390 |0.000301615 
 391 |0.000302752 
 392 |0.000303352 
 393 |0.000304046 
 394 |0.00030399 
 395 |0.000302792 
 396 |0.000303074 
 397 |0.000303317 
 398 |0.000303491 
 399 |0.000301841 
 400 |0.000303375 
 401 |0.000303031 
 402 |0.000302968 
 403 |0.000304098 
 404 |0.000302351 
 405 |0.000304128 
 406 |0.0003027 
 407 |0.000302991 
 408 |0.000303405 
 409 |0.000301075 
 410 |0.000212642 
 411 |0.000212665 
 412 |0.000213576 
 413 |0.0002122 
 414 |0.000213499 
 415 |0.000213165 
 416 |0.000213654 
 417 |0.000214777 
 418 |0.0002149 
 419 |0.00021539 
 420 |0.000213463 
 421 |0.000213268 
 422 |0.000213951 
 423 |0.000214945 
 424 |0.000213966 
 425 |0.000214332 
 426 |0.000214189 
 427 |0.00021377 
 428 |0.000213396 
 429 |0.000214578 
 430 |0.000213966 
 431 |0.000213024 
 432 |0.000213265 
 433 |0.000214109 
 434 |0.000623764 
 435 |0.000620815 
 436 |0.000621486 
 437 |0.000622907 
 438 |0.000623412 
 439 |0.000622922 
 440 |0.000623101 
 441 |0.000624334 
 442 |0.000621134 
 443 |0.000624002 
 444 |0.000624959 
 445 |0.000625856 
 446 |0.00062342 
 447 |0.000623859 
 448 |0.000624366 
 449 |0.000625484 
 450 |0.000623678 
 451 |0.000624211 
 452 |0.000624391 
 453 |0.000624678 
 454 |0.000622671 
 455 |0.000626586 
 456 |0.000621951 
 457 |0.000622059 
 458 |0.000478849 
 459 |0.000480993 
 460 |0.000477887 
 461 |0.000479537 
 462 |0.000478201 
 463 |0.000479326 
 464 |0.000482636 
 465 |0.000481081 
 466 |0.000478628 
 467 |0.000480328 
 468 |0.00047912 
 469 |0.00048124 
 470 |0.000481139 
 471 |0.00047968 
 472 |0.000482329 
 473 |0.000481958 
 474 |0.00048187 
 475 |0.000482317 
 476 |0.000480152 
 477 |0.000479931 
 478 |0.000480823 
 479 |0.000480767 
 480 |0.000479663 
 481 |0.000478851 
 482 |0.000446213 
 483 |0.00044559 
 484 |0.000445015 
 485 |0.000446916 
 486 |0.00044722 
 487 |0.000446936 
 488 |0.000446567 
 489 |0.00044729 
 490 |0.000444493 
 491 |0.000446437 
 492 |0.000447564 
 493 |0.000446226 
 494 |0.000446401 
 495 |0.000446394 
 496 |0.000447107 
 497 |0.000448184 
 498 |0.000446226 
 499 |0.000446758 
 500 |0.000447225 
 501 |0.000446198 
 502 |0.000444902 
 503 |0.00044712 
 504 |0.000446361 
 505 |0.000446509 
 506 |0.000309879 
 507 |0.000310866 
 508 |0.000311436 
 509 |0.000310085 
 510 |0.000309914 
 511 |0.000309987 
 512 |0.000311775 
 513 |0.000310936 
 514 |0.000310567 
 515 |0.000310422 
 516 |0.000308408 
 517 |0.000310708 
 518 |0.000309518 
 519 |0.000310196 
 520 |0.000309186 
 521 |0.000312252 
 522 |0.000310437 
 523 |0.000310567 
 524 |0.000308726 
 525 |0.000310497 
 526 |0.000310889 
 527 |0.00031057 
 528 |0.000309877 
 529 |0.000308531 
 530 |0.00028046 
 531 |0.000279197 
 532 |0.000278825 
 533 |0.000278082 
 534 |0.000278162 
 535 |0.000278743 
 536 |0.000277919 
 537 |0.000277846 
 538 |0.000277741 
 539 |0.000278419 
 540 |0.000279365 
 541 |0.000278758 
 542 |0.000278537 
 543 |0.000278788 
 544 |0.000278647 
 545 |0.000278414 
 546 |0.000278451 
 547 |0.000278717 
 548 |0.000280634 
 549 |0.000277263 
 550 |0.000277324 
 551 |0.000279006 
 552 |0.000279011 
 553 |0.000278753 
 554 |0.000485325 
 555 |0.000485915 
 556 |0.000485037 
 557 |0.000488098 
 558 |0.000486729 
 559 |0.000487693 
 560 |0.000484145 
 561 |0.000487171 
 562 |0.000487169 
 563 |0.000485275 
 564 |0.000485853 
 565 |0.000485142 
 566 |0.000486601 
 567 |0.000487806 
 568 |0.000485265 
 569 |0.000486521 
 570 |0.00048591 
 571 |0.000485089 
 572 |0.000486202 
 573 |0.000488183 
 574 |0.000483726 
 575 |0.00048411 
 576 |0.000486129 
 577 |0.000485817 
 578 |0.000373463 
 579 |0.000375166 
 580 |0.000373104 
 581 |0.00037383 
 582 |0.000374684 
 583 |0.00037551 
 584 |0.000374955 
 585 |0.000375284 
 586 |0.000375542 
 587 |0.00037449 
 588 |0.000373802 
 589 |0.000374684 
 590 |0.000374769 
 591 |0.000373883 
 592 |0.000373674 
 593 |0.000373159 
 594 |0.000373975 
 595 |0.000374799 
 596 |0.000375886 
 597 |0.000374955 
 598 |0.00037451 
 599 |0.000375934 
 600 |0.000375058 
 601 |0.000374643 
 602 |0.000342711 
 603 |0.000341274 
 604 |0.000341367 
 605 |0.000341287 
 606 |0.000338796 
 607 |0.000340197 
 608 |0.000341001 
 609 |0.000342013 
 610 |0.000340496 
 611 |0.000339953 
 612 |0.000340832 
 613 |0.000339499 
 614 |0.000342188 
 615 |0.00034193 
 616 |0.000342173 
 617 |0.000342492 
 618 |0.000341751 
 619 |0.00034078 
 620 |0.000339901 
 621 |0.000340637 
 622 |0.000341365 
 623 |0.000340621 
 624 |0.000339971 
 625 |0.000340348 
 626 |0.000230452 
 627 |0.000228789 
 628 |0.000229766 
 629 |0.000229844 
 630 |0.000229631 
 631 |0.000230274 
 632 |0.000229884 
 633 |0.000230462 
 634 |0.000231497 
 635 |0.000232262 
 636 |0.000231245 
 637 |0.000230731 
 638 |0.00022995 
 639 |0.000230419 
 640 |0.000231002 
 641 |0.000230457 
 642 |0.000230751 
 643 |0.000230909 
 644 |0.000230399 
 645 |0.000228943 
 646 |0.000230851 
 647 |0.000231112 
 648 |0.000229483 
 649 |0.000230309 
 650 |0.000204041 
 651 |0.000204112 
 652 |0.000202482 
 653 |0.00020478 
 654 |0.000204692 
 655 |0.000204215 
 656 |0.000203012 
 657 |0.000204466 
 658 |0.000203268 
 659 |0.000204046 
 660 |0.000204463 
 661 |0.000206186 
 662 |0.000204594 
 663 |0.000204149 
 664 |0.00020429 
 665 |0.00020323 
 666 |0.000203931 
 667 |0.000203783 
 668 |0.000203722 
 669 |0.0002031 
 670 |0.000204614 
 671 |0.00020487 
 672 |0.000204649 
 673 |0.000202854 
 674 |0.000850893 
 675 |0.00085179 
 676 |0.000854527 
 677 |0.000851036 
 678 |0.000852787 
 679 |0.00085126 
 680 |0.000850567 
 681 |0.000850341 
 682 |0.000851531 
 683 |0.000852739 
 684 |0.000852834 
 685 |0.000851323 
 686 |0.000851473 
 687 |0.000852068 
 688 |0.000850356 
 689 |0.000851875 
 690 |0.000852375 
 691 |0.000848929 
 692 |0.000854045 
 693 |0.000849273 
 694 |0.000851441 
 695 |0.000852171 
 696 |0.000851709 
 697 |0.000852191 
 698 |0.000652073 
 699 |0.000652788 
 700 |0.000653027 
 701 |0.000653451 
 702 |0.000652376 
 703 |0.000654046 
 704 |0.00065266 
 705 |0.000652263 
 706 |0.000655262 
 707 |0.000651485 
 708 |0.000652879 
 709 |0.000653421 
 710 |0.000651282 
 711 |0.000654195 
 712 |0.000653705 
 713 |0.000652844 
 714 |0.000652145 
 715 |0.000652474 
 716 |0.000653672 
 717 |0.00065429 
 718 |0.00065251 
 719 |0.000654154 
 720 |0.000652253 
 721 |0.000652726 
 722 |0.000574378 
 723 |0.000577821 
 724 |0.000577494 
 725 |0.000577419 
 726 |0.000578911 
 727 |0.000576598 
 728 |0.000579401 
 729 |0.000577633 
 730 |0.000579164 
 731 |0.000578941 
 732 |0.000579215 
 733 |0.000579343 
 734 |0.000578712 
 735 |0.000576189 
 736 |0.000577816 
 737 |0.000577462 
 738 |0.000580001 
 739 |0.000579672 
 740 |0.00057867 
 741 |0.000577859 
 742 |0.000577399 
 743 |0.000577437 
 744 |0.000577334 
 745 |0.000578529 
 746 |0.000381258 
 747 |0.000381728 
 748 |0.000382157 
 749 |0.000381843 
 750 |0.000380279 
 751 |0.000381075 
 752 |0.000379412 
 753 |0.00038286 
 754 |0.000380118 
 755 |0.000380241 
 756 |0.000381263 
 757 |0.000381007 
 758 |0.000380055 
 759 |0.000380151 
 760 |0.000382009 
 761 |0.000380487 
 762 |0.000380736 
 763 |0.000378815 
 764 |0.000379862 
 765 |0.000381358 
 766 |0.000382963 
 767 |0.000380527 
 768 |0.000379698 
 769 |0.000380572 

Now unfolding...
Iteration : 0
Chi^2 of change 144585
Iteration : 1
Chi^2 of change 6616.56
Iteration : 2
Chi^2 of change 1707.1
Iteration : 3
Chi^2 of change 965.356
Iteration : 4
Chi^2 of change 736.753
Iteration : 5
Chi^2 of change 633.15
Iteration : 6
Chi^2 of change 574.261
Iteration : 7
Chi^2 of change 535.23
Iteration : 8
Chi^2 of change 506.023
Iteration : 9
Chi^2 of change 481.876
Iteration : 10
Chi^2 of change 460.31
Iteration : 11
Chi^2 of change 439.982
Iteration : 12
Chi^2 of change 420.168
Iteration : 13
Chi^2 of change 400.507
Iteration : 14
Chi^2 of change 380.85
Iteration : 15
Chi^2 of change 361.181
Iteration : 16
Chi^2 of change 341.559
Iteration : 17
Chi^2 of change 322.083
Iteration : 18
Chi^2 of change 302.87
Iteration : 19
Chi^2 of change 284.037
Iteration : 20
Chi^2 of change 265.695
Iteration : 21
Chi^2 of change 247.943
Iteration : 22
Chi^2 of change 230.86
Iteration : 23
Chi^2 of change 214.511
Iteration : 24
Chi^2 of change 198.942
Using response matrix priors
Calculating covariances due to number of measured events
TH1D::Sumw2:0: RuntimeWarning: Sum of squares of weights structure already created
/w/ceph24/hallb/clas12/users/richcap/SIDIS_Analysis_CLAS12_RichCap/Simple_RooUnfold_SelfContained.py:1740: FutureWarning: 
TObject.__eq__ is deprecated and will be removed in ROOT 6.40.

It forwards to TObject::Equals(), which uses pointer comparison if not overridden in derived classes.
This may be confusing, because people expect value comparisons.
Use Pythons `is` for pointer comparison, or request/implement `operator==` on the C++ side if you need value-based equality checks.
  if(MC_BGS_1D not in ["None"]):
/w/ceph24/hallb/clas12/users/richcap/SIDIS_Analysis_CLAS12_RichCap/Simple_RooUnfold_SelfContained.py:1835: FutureWarning: 
TObject.__eq__ is deprecated and will be removed in ROOT 6.40.

It forwards to TObject::Equals(), which uses pointer comparison if not overridden in derived classes.
This may be confusing, because people expect value comparisons.
Use Pythons `is` for pointer comparison, or request/implement `operator==` on the C++ side if you need value-based equality checks.
  if(MC_BGS_1D not in ["None"]):
/w/ceph24/hallb/clas12/users/richcap/SIDIS_Analysis_CLAS12_RichCap/Simple_RooUnfold_SelfContained.py:1866: FutureWarning: 
TObject.__eq__ is deprecated and will be removed in ROOT 6.40.

It forwards to TObject::Equals(), which uses pointer comparison if not overridden in derived classes.
This may be confusing, because people expect value comparisons.
Use Pythons `is` for pointer comparison, or request/implement `operator==` on the C++ side if you need value-based equality checks.
  if(MC_BGS_1D not in ["None"]):
/w/ceph24/hallb/clas12/users/richcap/SIDIS_Analysis_CLAS12_RichCap/Simple_RooUnfold_SelfContained.py:3331: FutureWarning: 
TObject.__eq__ is deprecated and will be removed in ROOT 6.40.

It forwards to TObject::Equals(), which uses pointer comparison if not overridden in derived classes.
This may be confusing, because people expect value comparisons.
Use Pythons `is` for pointer comparison, or request/implement `operator==` on the C++ side if you need value-based equality checks.
  if(tdf not in ["N/A"]):

Adding the following extra title to the histograms:
	rho0 Normalized Subtraction Run


[1m[94mSmear option selected is: Smear[0m


[91mRunning Bin 'All' for Q2-y Bins by default (will skip at end)[0m


Running for Q2-xB/Q2-y Bins: '2', '0'
[1m
Starting RG-A SIDIS Analysis
[0m

Started running on [1m9-9-2026[0m at [1m01:28 p.m.[0m

The total number of histograms available for the [1mRDataFrame[0m in '[1m[94m/w/ceph24/hallb/clas12/users/richcap/SIDIS_Analysis_CLAS12_RichCap/Histo_Files_ROOT/DataFrames/hadd_ROOT_files_From_using_RDataFrames/SIDIS_epip_Response_Matrices_from_RDataFrames_Only_3D_Final_Thesis_Bank_Response_Matrices_Final_Thesis_Files_All.root[0m' is [1m1002[0m


[1mDone Loading RDataFrame files...
[0m
[1m[94m

Starting Unfolding Procedures...
[0m
Bin 1 is not in Q2_y_Bin_List = ['2', '0']
Bin 10 is not in Q2_y_Bin_List = ['2', '0']
Bin 11 is not in Q2_y_Bin_List = ['2', '0']
Bin 12 is not in Q2_y_Bin_List = ['2', '0']
Bin 13 is not in Q2_y_Bin_List = ['2', '0']
Bin 14 is not in Q2_y_Bin_List = ['2', '0']
Bin 15 is not in Q2_y_Bin_List = ['2', '0']
Bin 16 is not in Q2_y_Bin_List = ['2', '0']
Bin 17 is not in Q2_y_Bin_List = ['2', '0']

Unfolding: ((Histo-Group='Response_Matrix_Normal'), (Data-Type='DataFrame_Type'), (Data-Cut='cut_Complete_SIDIS'), (Smear-Type='smear'), (Binning-Type='Y_bin'-[Q2-y-Bin=2, z-PT-Bin=All]), (Var-D1='MultiDim_z_pT_Bin_Y_bin_phi_t'-[NumBins=770, MinBin=-1.5, MaxBin=768.5]), (Var-D2='z_pT_Bin_Y_bin_smeared'-[NumBins=38, MinBin=-0.5, MaxBin=37.5]))
[1m[92mSubtracting the 'lundvpk' files to the 'ExREAL_1D_initial' histogram[0m
[1m[96mStarting [4m[95mBin-by-Bin[0m[1m[96m Unfolding Procedure...[0m
	[1mAcceptance Correction of Histogram:[0m
	((Histo-Group='Response_Matrix_Normal_1D'), (Data-Cut='cut_Complete_SIDIS'), (Smear-Type='smear'), (Binning-Type='Y_bin'-[Q2-y-Bin=2, z-PT-Bin=All]), (Var-D1='MultiDim_z_pT_Bin_Y_bin_phi_t'))
[91m
Bin 27 had a very low acceptance...
	(cut_criteria = 0.0005)
	(Bin_Content  = 0.0001887079592147314)[0m
[91m
Bin 49 had a very low acceptance...
	(cut_criteria = 0.0005)
	(Bin_Content  = 5.4809536859413536e-05)[0m
[91m
Bin 50 had a very low acceptance...
	(cut_criteria = 0.0005)
	(Bin_Content  = 1.216855887757213e-05)[0m
[91m
Bin 52 had a very low acceptance...
	(cut_criteria = 0.0005)
	(Bin_Content  = 1.2183829621326576e-05)[0m
[91m
Bin 73 had a very low acceptance...
	(cut_criteria = 0.0005)
	(Bin_Content  = 1.2101629484410076e-05)[0m
[91m
Bin 100 had a very low acceptance...
	(cut_criteria = 0.0005)
	(Bin_Content  = 2.3105538397553892e-05)[0m
[91m
Bin 172 had a very low acceptance...
	(cut_criteria = 0.0005)
	(Bin_Content  = 6.89893066574681e-05)[0m
[91m
Bin 193 had a very low acceptance...
	(cut_criteria = 0.0005)
	(Bin_Content  = 1.9797863810494847e-05)[0m
[91m
Bin 196 had a very low acceptance...
	(cut_criteria = 0.0005)
	(Bin_Content  = 2.5264391860823518e-05)[0m
[91m
Bin 217 had a very low acceptance...
	(cut_criteria = 0.0005)
	(Bin_Content  = 5.055944020587804e-05)[0m
[91m
Bin 219 had a very low acceptance...
	(cut_criteria = 0.0005)
	(Bin_Content  = 6.657213423605147e-06)[0m
[91m
Bin 316 had a very low acceptance...
	(cut_criteria = 0.0005)
	(Bin_Content  = 1.5794627720624623e-05)[0m
[91m
Bin 337 had a very low acceptance...
	(cut_criteria = 0.0005)
	(Bin_Content  = 1.0524377088431079e-05)[0m
[91m
Bin 339 had a very low acceptance...
	(cut_criteria = 0.0005)
	(Bin_Content  = 6.654798941886968e-05)[0m
[91m
Bin 362 had a very low acceptance...
	(cut_criteria = 0.0005)
	(Bin_Content  = 4.433606739082243e-05)[0m
[91m
Bin 458 had a very low acceptance...
	(cut_criteria = 0.0005)
	(Bin_Content  = 0.0002018473065495414)[0m
[91m
Bin 555 had a very low acceptance...
	(cut_criteria = 0.0005)
	(Bin_Content  = 0.0003880722124772978)[0m
[91m
Bin 578 had a very low acceptance...
	(cut_criteria = 0.0005)
	(Bin_Content  = 0.00011371918597739055)[0m
[91m
Bin 675 had a very low acceptance...
	(cut_criteria = 0.0005)
	(Bin_Content  = 3.541525866419547e-05)[0m
[91m
Bin 698 had a very low acceptance...
	(cut_criteria = 0.0005)
	(Bin_Content  = 0.00010608391237468838)[0m
[1m[96mFinished [95mBin-by-Bin[0m[1m[96m Unfolding Procedure.[0m

Current Time: [1m01:28 p.m.[0m
Time Elapsed Up To Now:
0 Day(s), 0 Hour(s), 0 Minute(s), and 0 Second(s).

[1m[96mStarting [4m[92mRooUnfold[0m[1m[96m Unfolding Procedure...[0m
	[1mUnfolding Histogram:[0m
	((Histo-Group='Response_Matrix_Normal'), (Data-Cut='cut_Complete_SIDIS'), (Smear-Type='smear'), (Binning-Type='Y_bin'-[Q2-y-Bin=2, z-PT-Bin=All]), (Var-D1='MultiDim_z_pT_Bin_Y_bin_phi_t'))
	[96mUsing [1m[92mRooUnfold (Bin-by-Bin)[0m[96m Unfolding Procedure...[0m
[1m[96mFinished [92mRooUnfold (Bin-by-Bin)[0m[1m[96m Unfolding Procedure.
[0m
[1m[96mStarting [4m[92mRooUnfold[0m[1m[96m Unfolding Procedure...[0m

	[1mBegan Unfolding Histogram:[0m
	((Histo-Group='Response_Matrix_Normal'), (Data-Cut='cut_Complete_SIDIS'), (Smear-Type='smear'), (Binning-Type='Y_bin'-[Q2-y-Bin=2, z-PT-Bin=All]), (Var-D1='MultiDim_z_pT_Bin_Y_bin_phi_t'))
Time Elapsed Up To Now: 0 Day(s), 0 Hour(s), 0 Minute(s), and 2 Second(s). 
	[96mUsing [1m[92mRooUnfold (Bayesian)[0m[96m method to unfold...[0m
[1mPerforming Unfolding with [4m25[0m[1m iteration(s)...[0m

Current Time: [1m01:29 p.m.[0m
Time Elapsed Up To Now:
0 Day(s), 0 Hour(s), 0 Minute(s), and 39 Second(s).

[1m[96mFinished [92mRooUnfold (Bayesian)[0m[1m[96m Unfolding Procedure.
[0m

[94mRunning Multi3D_Slice(...)[0m


[94mRunning Multi3D_Slice(...)[0m


[94mRunning Multi3D_Slice(...)[0m


[94mRunning Multi3D_Slice(...)[0m


[94mRunning Multi3D_Slice(...)[0m


[94mRunning Multi3D_Slice(...)[0m


[94mRunning Multi3D_Slice(...)[0m

Bin 3 is not in Q2_y_Bin_List = ['2', '0']
Bin 4 is not in Q2_y_Bin_List = ['2', '0']
Bin 5 is not in Q2_y_Bin_List = ['2', '0']
Bin 6 is not in Q2_y_Bin_List = ['2', '0']
Bin 7 is not in Q2_y_Bin_List = ['2', '0']
Bin 8 is not in Q2_y_Bin_List = ['2', '0']
Bin 9 is not in Q2_y_Bin_List = ['2', '0']

Unfolding: ((Histo-Group='Response_Matrix_Normal'), (Data-Type='DataFrame_Type'), (Data-Cut='cut_Complete_SIDIS'), (Smear-Type='smear'), (Binning-Type='Y_bin'-[Q2-y-Bin=All, z-PT-Bin=All]), (Var-D1='MultiDim_z_pT_Bin_Y_bin_phi_t'-[NumBins=770, MinBin=-1.5, MaxBin=768.5]), (Var-D2='z_pT_Bin_Y_bin_smeared'-[NumBins=38, MinBin=-0.5, MaxBin=37.5]))
[1m[92mSubtracting the 'lundvpk' files to the 'ExREAL_1D_initial' histogram[0m
Total: 2


Counting Total Number of/Saving collected histograms...
[1m[94mSaving to: [1m[92m/w/ceph24/hallb/clas12/users/richcap/SIDIS_Analysis_CLAS12_RichCap/Unfolded_Parallel_SIDIS_epip_from_Only_3D_Final_Thesis_Bank_V1.root[0m

[1m[96mDone Saving![0m

Final Count = 241


Current Time: [1m01:29 p.m.[0m
Time Elapsed Up To Now:
0 Day(s), 0 Hour(s), 0 Minute(s), and 43 Second(s).

Conditions for running 'Create_Fits_and_Apply_RC_and_BC' were not set...
Need to run: '(args.fit and args.Use_TTree) or args.Apply_RC'


Counting Total Number of/Saving collected histograms...
[1m[94mSaving to: [1m[92m/w/ceph24/hallb/clas12/users/richcap/SIDIS_Analysis_CLAS12_RichCap/Unfolded_Parallel_SIDIS_epip_from_Only_3D_Final_Thesis_Bank_V1.root[0m

[1m[96mDone Saving![0m

Final Count = 241


Current Time: [1m01:29 p.m.[0m
Time Elapsed Up To Now:
0 Day(s), 0 Hour(s), 0 Minute(s), and 45 Second(s).





[1m[43mEMAIL MESSAGE TO SEND:[0m


The 'Simple_RooUnfold_SelfContained.py' script has finished running.
Started running on [1m9-9-2026[0m at [1m01:28 p.m.[0m

Input File:
	/w/ceph24/hallb/clas12/users/richcap/SIDIS_Analysis_CLAS12_RichCap/Histo_Files_ROOT/DataFrames/hadd_ROOT_files_From_using_RDataFrames/SIDIS_epip_Response_Matrices_from_RDataFrames_Only_3D_Final_Thesis_Bank_Response_Matrices_Final_Thesis_Files_All.root
Output File:
	/w/ceph24/hallb/clas12/users/richcap/SIDIS_Analysis_CLAS12_RichCap/Unfolded_Parallel_SIDIS_epip_from_Only_3D_Final_Thesis_Bank_V1.root

Coordinated 3D unfolding through the 'Run_simple_unfold_parallel.py' script. Ran 3D Unfolding with updated kinematic bins (based on the BC correction limitations). Used the work_b directory. Ran with 25 bayesian iterations (for testing of each Q2-y Bin). Ran with 1 Toy Unfoldings (for testing). Ran with Harut's exclusive 'lundvpk' rho0 events subtracted directly from data as background. Ran in tmuxSIDIS_2.

	[1mBegan Unfolding Histogram:[0m
	((Histo-Group='Response_Matrix_Normal'), (Data-Cut='cut_Complete_SIDIS'), (Smear-Type='smear'), (Binning-Type='Y_bin'-[Q2-y-Bin=2, z-PT-Bin=All]), (Var-D1='MultiDim_z_pT_Bin_Y_bin_phi_t'))
Time Elapsed Up To Now: 0 Day(s), 0 Hour(s), 0 Minute(s), and 2 Second(s). 
	Finished Unfolding the histogram at:
Time Elapsed Up To Now: 0 Day(s), 0 Hour(s), 0 Minute(s), and 39 Second(s). 

Arguments:
--unfolding_3D (3D Unfolding Only)                  --> True
--unfolding_5D (Ran 5D Unfolding Fits)              --> False
--run_sectors                                       --> False
--sectors_to_unfold                                 --> None
--allow_other_variables (for unfolding)             --> False
--simulation (unfolding synthetic data)             --> False
--modulation (data unfolded with modulated MC)      --> False
--closure  (modulated MC unfolded with itself)      --> False
--weighed_acceptance (use acceptance weights only)  --> False
--test                                              --> False
--verbose                                           --> False
--weight_tag                                        --> ''
--fit                                               --> False
--remake_fit                                        --> False
--CrossSection_Norm                                 --> False
--tag_proton                                        --> False
--cut_proton                                        --> False
--Common_Int_Bins                                   --> False
--bayes_iterations                                  --> 25
--Num_Toys                                          --> 1
--Unfold_Methods                                    --> ['Bayesian']
--title                                             --> 'rho0 Normalized Subtraction Run'
--EvGen                                             --> False
--Min_Allowed_Acceptance_Cut                        --> 0.0005
--Use_TTree                                         --> False
--Apply_RC                                          --> False
--Apply_BC                                          --> False
--Add_Uncertainties                                 --> False
--save_json                                         --> False
--json_name                                         --> None
--old_json                                          --> False
--background_source                                 --> 'lundvpk'
--use_spline_init                                   --> False
--fit_init_file                                     --> None
--data_root                                         --> 'work_b'
--pass_version                                      --> 'Pass 2'
--smearing_options                                  --> 'smear'
--Q2_y_Bin_List                                     --> ['2', '0']
--Run_5D_Unfold                                     --> False
--run_sec_unfold                                    --> False


The time that this code finished is [1m01:29 p.m.[0m
The total time the code took to run is:
0 Day(s), 0 Hour(s), 0 Minute(s), and 45 Second(s).
Saved 241 Histograms...
Rate = 5.36 Histograms/Seconds
    

[1m[92m[43m
    	                                   	   
    	This code has now finished running.	   
    	                                   	   [0m
    
    
