

[1m[92m[43m

    Will be Fitting Plots    
[0m



[1m[94mSmear option selected is: Smear[0m


[91mRunning Bin 'All' for Q2-y Bins by default (will skip at end)[0m


Running for Q2-xB/Q2-y Bins: '4', '6', '0'
[1m
Starting RG-A SIDIS Analysis
[0m

Started running on [1m8-20-2026[0m at [1m08:58 p.m.[0m


[91m[1mUsing Existing TTree [0m[1m(File is: [4mHybrid_Unfolded_Parallel_SIDIS_epip_from_3D_and_5D_1st_Order_V2.root[0m[1m)[91m[1m instead of Creating New Unfolded Histograms[0m

[1m[94mRecovered: [1m[92m66175[0m[1m[94m items[0m


Current Time: [1m08:58 p.m.[0m
Time Elapsed Up To Now:
0 Day(s), 0 Hour(s), 0 Minute(s), and 4 Second(s).

[94mNormal Unfolding Fits Already Included? -> [91m[1mFalse[0m
[1mNot running RC... Did not check for RC fits.[0m
[1mNot running BC... Did not check for BC fits.[0m

[1m[94mMaking the fits...[0m

[91mSkipping: (MultiDim_3D_Histo)_(Bayesian)_(SMEAR=Smear)_(Q2_y_Bin_6)_(z_pT_Bin_1)_(MultiDim_z_pT_Bin_Y_bin_phi_t)[0m (Histo Num 39888)
[91mSkipping: (MultiDim_3D_Histo)_(Bayesian)_(SMEAR=Smear)_(Q2_y_Bin_6)_(z_pT_Bin_2)_(MultiDim_z_pT_Bin_Y_bin_phi_t)[0m (Histo Num 39889)
[91mSkipping: (MultiDim_3D_Histo)_(Bayesian)_(SMEAR=Smear)_(Q2_y_Bin_6)_(z_pT_Bin_3)_(MultiDim_z_pT_Bin_Y_bin_phi_t)[0m (Histo Num 39890)
[91mSkipping: (MultiDim_3D_Histo)_(Bayesian)_(SMEAR=Smear)_(Q2_y_Bin_6)_(z_pT_Bin_4)_(MultiDim_z_pT_Bin_Y_bin_phi_t)[0m (Histo Num 39891)
[91mSkipping: (MultiDim_3D_Histo)_(Bayesian)_(SMEAR=Smear)_(Q2_y_Bin_6)_(z_pT_Bin_5)_(MultiDim_z_pT_Bin_Y_bin_phi_t)[0m (Histo Num 39892)
[91mSkipping: (MultiDim_3D_Histo)_(Bayesian)_(SMEAR=Smear)_(Q2_y_Bin_6)_(z_pT_Bin_6)_(MultiDim_z_pT_Bin_Y_bin_phi_t)[0m (Histo Num 39893)
[91mSkipping: (MultiDim_3D_Histo)_(Bayesian)_(SMEAR=Smear)_(Q2_y_Bin_6)_(z_pT_Bin_7)_(MultiDim_z_pT_Bin_Y_bin_phi_t)[0m (Histo Num 39894)
[91mSkipping: (MultiDim_3D_Histo)_(Bayesian)_(SMEAR=Smear)_(Q2_y_Bin_6)_(z_pT_Bin_8)_(MultiDim_z_pT_Bin_Y_bin_phi_t)[0m (Histo Num 39895)
[91mSkipping: (MultiDim_3D_Histo)_(Bayesian)_(SMEAR=Smear)_(Q2_y_Bin_6)_(z_pT_Bin_9)_(MultiDim_z_pT_Bin_Y_bin_phi_t)[0m (Histo Num 39896)
[91mSkipping: (MultiDim_3D_Histo)_(Bayesian)_(SMEAR=Smear)_(Q2_y_Bin_6)_(z_pT_Bin_10)_(MultiDim_z_pT_Bin_Y_bin_phi_t)[0m (Histo Num 39897)
[91mSkipping: (MultiDim_3D_Histo)_(Bayesian)_(SMEAR=Smear)_(Q2_y_Bin_6)_(z_pT_Bin_11)_(MultiDim_z_pT_Bin_Y_bin_phi_t)[0m (Histo Num 39898)
[91mSkipping: (MultiDim_3D_Histo)_(Bayesian)_(SMEAR=Smear)_(Q2_y_Bin_6)_(z_pT_Bin_12)_(MultiDim_z_pT_Bin_Y_bin_phi_t)[0m (Histo Num 39899)
[91mSkipping: (MultiDim_3D_Histo)_(Bayesian)_(SMEAR=Smear)_(Q2_y_Bin_6)_(z_pT_Bin_13)_(MultiDim_z_pT_Bin_Y_bin_phi_t)[0m (Histo Num 39900)
[91mSkipping: (MultiDim_3D_Histo)_(Bayesian)_(SMEAR=Smear)_(Q2_y_Bin_6)_(z_pT_Bin_14)_(MultiDim_z_pT_Bin_Y_bin_phi_t)[0m (Histo Num 39901)
[91mSkipping: (MultiDim_3D_Histo)_(Bayesian)_(SMEAR=Smear)_(Q2_y_Bin_6)_(z_pT_Bin_15)_(MultiDim_z_pT_Bin_Y_bin_phi_t)[0m (Histo Num 39902)
[91mSkipping: (MultiDim_3D_Histo)_(Bayesian)_(SMEAR=Smear)_(Q2_y_Bin_6)_(z_pT_Bin_16)_(MultiDim_z_pT_Bin_Y_bin_phi_t)[0m (Histo Num 39903)
[91mSkipping: (MultiDim_3D_Histo)_(Bayesian)_(SMEAR=Smear)_(Q2_y_Bin_6)_(z_pT_Bin_17)_(MultiDim_z_pT_Bin_Y_bin_phi_t)[0m (Histo Num 39904)
[91mSkipping: (MultiDim_3D_Histo)_(Bayesian)_(SMEAR=Smear)_(Q2_y_Bin_6)_(z_pT_Bin_19)_(MultiDim_z_pT_Bin_Y_bin_phi_t)[0m (Histo Num 39905)
[91mSkipping: (MultiDim_3D_Histo)_(Bayesian)_(SMEAR=Smear)_(Q2_y_Bin_6)_(z_pT_Bin_20)_(MultiDim_z_pT_Bin_Y_bin_phi_t)[0m (Histo Num 39906)
[91mSkipping: (MultiDim_3D_Histo)_(Bayesian)_(SMEAR=Smear)_(Q2_y_Bin_6)_(z_pT_Bin_21)_(MultiDim_z_pT_Bin_Y_bin_phi_t)[0m (Histo Num 39907)
[91mSkipping: (MultiDim_3D_Histo)_(Bayesian)_(SMEAR=Smear)_(Q2_y_Bin_6)_(z_pT_Bin_22)_(MultiDim_z_pT_Bin_Y_bin_phi_t)[0m (Histo Num 39908)
[91mSkipping: (MultiDim_3D_Histo)_(Bayesian)_(SMEAR=Smear)_(Q2_y_Bin_6)_(z_pT_Bin_23)_(MultiDim_z_pT_Bin_Y_bin_phi_t)[0m (Histo Num 39909)
[91mSkipping: (MultiDim_3D_Histo)_(Bayesian)_(SMEAR=Smear)_(Q2_y_Bin_6)_(z_pT_Bin_25)_(MultiDim_z_pT_Bin_Y_bin_phi_t)[0m (Histo Num 39910)
[91mSkipping: (MultiDim_3D_Histo)_(Bayesian)_(SMEAR=Smear)_(Q2_y_Bin_6)_(z_pT_Bin_26)_(MultiDim_z_pT_Bin_Y_bin_phi_t)[0m (Histo Num 39911)
[91mSkipping: (MultiDim_3D_Histo)_(Bayesian)_(SMEAR=Smear)_(Q2_y_Bin_6)_(z_pT_Bin_27)_(MultiDim_z_pT_Bin_Y_bin_phi_t)[0m (Histo Num 39912)
[91mSkipping: (MultiDim_3D_Histo)_(Bayesian)_(SMEAR=Smear)_(Q2_y_Bin_6)_(z_pT_Bin_28)_(MultiDim_z_pT_Bin_Y_bin_phi_t)[0m (Histo Num 39913)
[91mSkipping: (MultiDim_3D_Histo)_(Bayesian)_(SMEAR=Smear)_(Q2_y_Bin_4)_(z_pT_Bin_7)_(MultiDim_z_pT_Bin_Y_bin_phi_t)[0m (Histo Num 40120)
[91mSkipping: (MultiDim_3D_Histo)_(Bayesian)_(SMEAR=Smear)_(Q2_y_Bin_4)_(z_pT_Bin_8)_(MultiDim_z_pT_Bin_Y_bin_phi_t)[0m (Histo Num 40121)
[91mSkipping: (MultiDim_3D_Histo)_(Bayesian)_(SMEAR=Smear)_(Q2_y_Bin_4)_(z_pT_Bin_9)_(MultiDim_z_pT_Bin_Y_bin_phi_t)[0m (Histo Num 40122)
[91mSkipping: (MultiDim_3D_Histo)_(Bayesian)_(SMEAR=Smear)_(Q2_y_Bin_4)_(z_pT_Bin_10)_(MultiDim_z_pT_Bin_Y_bin_phi_t)[0m (Histo Num 40123)
[91mSkipping: (MultiDim_3D_Histo)_(Bayesian)_(SMEAR=Smear)_(Q2_y_Bin_4)_(z_pT_Bin_11)_(MultiDim_z_pT_Bin_Y_bin_phi_t)[0m (Histo Num 40124)
[91mSkipping: (MultiDim_3D_Histo)_(Bayesian)_(SMEAR=Smear)_(Q2_y_Bin_4)_(z_pT_Bin_13)_(MultiDim_z_pT_Bin_Y_bin_phi_t)[0m (Histo Num 40125)
[91mSkipping: (MultiDim_3D_Histo)_(Bayesian)_(SMEAR=Smear)_(Q2_y_Bin_4)_(z_pT_Bin_14)_(MultiDim_z_pT_Bin_Y_bin_phi_t)[0m (Histo Num 40126)
[91mSkipping: (MultiDim_3D_Histo)_(Bayesian)_(SMEAR=Smear)_(Q2_y_Bin_4)_(z_pT_Bin_15)_(MultiDim_z_pT_Bin_Y_bin_phi_t)[0m (Histo Num 40127)
[91mSkipping: (MultiDim_3D_Histo)_(Bayesian)_(SMEAR=Smear)_(Q2_y_Bin_4)_(z_pT_Bin_16)_(MultiDim_z_pT_Bin_Y_bin_phi_t)[0m (Histo Num 40128)
[91mSkipping: (MultiDim_3D_Histo)_(Bayesian)_(SMEAR=Smear)_(Q2_y_Bin_4)_(z_pT_Bin_17)_(MultiDim_z_pT_Bin_Y_bin_phi_t)[0m (Histo Num 40129)
[91mSkipping: (MultiDim_3D_Histo)_(Bayesian)_(SMEAR=Smear)_(Q2_y_Bin_4)_(z_pT_Bin_19)_(MultiDim_z_pT_Bin_Y_bin_phi_t)[0m (Histo Num 40130)
[91mSkipping: (MultiDim_3D_Histo)_(Bayesian)_(SMEAR=Smear)_(Q2_y_Bin_4)_(z_pT_Bin_20)_(MultiDim_z_pT_Bin_Y_bin_phi_t)[0m (Histo Num 40131)
[91mSkipping: (MultiDim_3D_Histo)_(Bayesian)_(SMEAR=Smear)_(Q2_y_Bin_4)_(z_pT_Bin_21)_(MultiDim_z_pT_Bin_Y_bin_phi_t)[0m (Histo Num 40132)
[91mSkipping: (MultiDim_3D_Histo)_(Bayesian)_(SMEAR=Smear)_(Q2_y_Bin_4)_(z_pT_Bin_22)_(MultiDim_z_pT_Bin_Y_bin_phi_t)[0m (Histo Num 40133)
[91mSkipping: (MultiDim_3D_Histo)_(Bayesian)_(SMEAR=Smear)_(Q2_y_Bin_4)_(z_pT_Bin_23)_(MultiDim_z_pT_Bin_Y_bin_phi_t)[0m (Histo Num 40134)
[91mSkipping: (MultiDim_3D_Histo)_(Bayesian)_(SMEAR=Smear)_(Q2_y_Bin_4)_(z_pT_Bin_25)_(MultiDim_z_pT_Bin_Y_bin_phi_t)[0m (Histo Num 40135)
[91mSkipping: (MultiDim_3D_Histo)_(Bayesian)_(SMEAR=Smear)_(Q2_y_Bin_4)_(z_pT_Bin_26)_(MultiDim_z_pT_Bin_Y_bin_phi_t)[0m (Histo Num 40136)
[91mSkipping: (MultiDim_3D_Histo)_(Bayesian)_(SMEAR=Smear)_(Q2_y_Bin_4)_(z_pT_Bin_27)_(MultiDim_z_pT_Bin_Y_bin_phi_t)[0m (Histo Num 40137)
[91mSkipping: (MultiDim_3D_Histo)_(Bayesian)_(SMEAR=Smear)_(Q2_y_Bin_4)_(z_pT_Bin_28)_(MultiDim_z_pT_Bin_Y_bin_phi_t)[0m (Histo Num 40138)
[91mSkipping: (MultiDim_3D_Histo)_(Bayesian)_(SMEAR=Smear)_(Q2_y_Bin_4)_(z_pT_Bin_29)_(MultiDim_z_pT_Bin_Y_bin_phi_t)[0m (Histo Num 40139)
[91mSkipping: (MultiDim_3D_Histo)_(Bayesian)_(SMEAR=Smear)_(Q2_y_Bin_4)_(z_pT_Bin_31)_(MultiDim_z_pT_Bin_Y_bin_phi_t)[0m (Histo Num 40140)
[91mSkipping: (MultiDim_3D_Histo)_(Bayesian)_(SMEAR=Smear)_(Q2_y_Bin_4)_(z_pT_Bin_32)_(MultiDim_z_pT_Bin_Y_bin_phi_t)[0m (Histo Num 40141)
[91mSkipping: (MultiDim_3D_Histo)_(Bayesian)_(SMEAR=Smear)_(Q2_y_Bin_4)_(z_pT_Bin_33)_(MultiDim_z_pT_Bin_Y_bin_phi_t)[0m (Histo Num 40142)
[91mSkipping: (MultiDim_3D_Histo)_(Bayesian)_(SMEAR=Smear)_(Q2_y_Bin_4)_(z_pT_Bin_34)_(MultiDim_z_pT_Bin_Y_bin_phi_t)[0m (Histo Num 40143)
[91mSkipping: (MultiDim_3D_Histo)_(RC_Bayesian)_(SMEAR=Smear)_(Q2_y_Bin_4)_(z_pT_Bin_7)_(MultiDim_z_pT_Bin_Y_bin_phi_t)[0m (Histo Num 43175)
[91mSkipping: (MultiDim_3D_Histo)_(RC_Bayesian)_(SMEAR=Smear)_(Q2_y_Bin_4)_(z_pT_Bin_8)_(MultiDim_z_pT_Bin_Y_bin_phi_t)[0m (Histo Num 43176)
[91mSkipping: (MultiDim_3D_Histo)_(RC_Bayesian)_(SMEAR=Smear)_(Q2_y_Bin_4)_(z_pT_Bin_9)_(MultiDim_z_pT_Bin_Y_bin_phi_t)[0m (Histo Num 43177)
[91mSkipping: (MultiDim_3D_Histo)_(RC_Bayesian)_(SMEAR=Smear)_(Q2_y_Bin_4)_(z_pT_Bin_10)_(MultiDim_z_pT_Bin_Y_bin_phi_t)[0m (Histo Num 43178)
[91mSkipping: (MultiDim_3D_Histo)_(RC_Bayesian)_(SMEAR=Smear)_(Q2_y_Bin_4)_(z_pT_Bin_11)_(MultiDim_z_pT_Bin_Y_bin_phi_t)[0m (Histo Num 43179)
[91mSkipping: (MultiDim_3D_Histo)_(RC_Bayesian)_(SMEAR=Smear)_(Q2_y_Bin_4)_(z_pT_Bin_13)_(MultiDim_z_pT_Bin_Y_bin_phi_t)[0m (Histo Num 43180)
[91mSkipping: (MultiDim_3D_Histo)_(RC_Bayesian)_(SMEAR=Smear)_(Q2_y_Bin_4)_(z_pT_Bin_14)_(MultiDim_z_pT_Bin_Y_bin_phi_t)[0m (Histo Num 43181)
[91mSkipping: (MultiDim_3D_Histo)_(RC_Bayesian)_(SMEAR=Smear)_(Q2_y_Bin_4)_(z_pT_Bin_15)_(MultiDim_z_pT_Bin_Y_bin_phi_t)[0m (Histo Num 43182)
[91mSkipping: (MultiDim_3D_Histo)_(RC_Bayesian)_(SMEAR=Smear)_(Q2_y_Bin_4)_(z_pT_Bin_16)_(MultiDim_z_pT_Bin_Y_bin_phi_t)[0m (Histo Num 43183)
[91mSkipping: (MultiDim_3D_Histo)_(RC_Bayesian)_(SMEAR=Smear)_(Q2_y_Bin_4)_(z_pT_Bin_17)_(MultiDim_z_pT_Bin_Y_bin_phi_t)[0m (Histo Num 43184)
[91mSkipping: (MultiDim_3D_Histo)_(RC_Bayesian)_(SMEAR=Smear)_(Q2_y_Bin_4)_(z_pT_Bin_19)_(MultiDim_z_pT_Bin_Y_bin_phi_t)[0m (Histo Num 43185)
[91mSkipping: (MultiDim_3D_Histo)_(RC_Bayesian)_(SMEAR=Smear)_(Q2_y_Bin_4)_(z_pT_Bin_20)_(MultiDim_z_pT_Bin_Y_bin_phi_t)[0m (Histo Num 43186)
[91mSkipping: (MultiDim_3D_Histo)_(RC_Bayesian)_(SMEAR=Smear)_(Q2_y_Bin_4)_(z_pT_Bin_21)_(MultiDim_z_pT_Bin_Y_bin_phi_t)[0m (Histo Num 43187)
[91mSkipping: (MultiDim_3D_Histo)_(RC_Bayesian)_(SMEAR=Smear)_(Q2_y_Bin_4)_(z_pT_Bin_22)_(MultiDim_z_pT_Bin_Y_bin_phi_t)[0m (Histo Num 43188)
[91mSkipping: (MultiDim_3D_Histo)_(RC_Bayesian)_(SMEAR=Smear)_(Q2_y_Bin_4)_(z_pT_Bin_23)_(MultiDim_z_pT_Bin_Y_bin_phi_t)[0m (Histo Num 43189)
[91mSkipping: (MultiDim_3D_Histo)_(RC_Bayesian)_(SMEAR=Smear)_(Q2_y_Bin_4)_(z_pT_Bin_25)_(MultiDim_z_pT_Bin_Y_bin_phi_t)[0m (Histo Num 43190)
[91mSkipping: (MultiDim_3D_Histo)_(RC_Bayesian)_(SMEAR=Smear)_(Q2_y_Bin_4)_(z_pT_Bin_26)_(MultiDim_z_pT_Bin_Y_bin_phi_t)[0m (Histo Num 43191)
[91mSkipping: (MultiDim_3D_Histo)_(RC_Bayesian)_(SMEAR=Smear)_(Q2_y_Bin_4)_(z_pT_Bin_27)_(MultiDim_z_pT_Bin_Y_bin_phi_t)[0m (Histo Num 43192)
[91mSkipping: (MultiDim_3D_Histo)_(RC_Bayesian)_(SMEAR=Smear)_(Q2_y_Bin_4)_(z_pT_Bin_28)_(MultiDim_z_pT_Bin_Y_bin_phi_t)[0m (Histo Num 43193)
[91mSkipping: (MultiDim_3D_Histo)_(RC_Bayesian)_(SMEAR=Smear)_(Q2_y_Bin_4)_(z_pT_Bin_29)_(MultiDim_z_pT_Bin_Y_bin_phi_t)[0m (Histo Num 43194)
[91mSkipping: (MultiDim_3D_Histo)_(RC_Bayesian)_(SMEAR=Smear)_(Q2_y_Bin_4)_(z_pT_Bin_31)_(MultiDim_z_pT_Bin_Y_bin_phi_t)[0m (Histo Num 43195)
[91mSkipping: (MultiDim_3D_Histo)_(RC_Bayesian)_(SMEAR=Smear)_(Q2_y_Bin_4)_(z_pT_Bin_32)_(MultiDim_z_pT_Bin_Y_bin_phi_t)[0m (Histo Num 43196)
[91mSkipping: (MultiDim_3D_Histo)_(RC_Bayesian)_(SMEAR=Smear)_(Q2_y_Bin_4)_(z_pT_Bin_33)_(MultiDim_z_pT_Bin_Y_bin_phi_t)[0m (Histo Num 43197)
[91mSkipping: (MultiDim_3D_Histo)_(RC_Bayesian)_(SMEAR=Smear)_(Q2_y_Bin_4)_(z_pT_Bin_34)_(MultiDim_z_pT_Bin_Y_bin_phi_t)[0m (Histo Num 43198)
[91mSkipping: (MultiDim_3D_Histo)_(RC_Bayesian)_(SMEAR=Smear)_(Q2_y_Bin_6)_(z_pT_Bin_1)_(MultiDim_z_pT_Bin_Y_bin_phi_t)[0m (Histo Num 43233)
[91mSkipping: (MultiDim_3D_Histo)_(RC_Bayesian)_(SMEAR=Smear)_(Q2_y_Bin_6)_(z_pT_Bin_2)_(MultiDim_z_pT_Bin_Y_bin_phi_t)[0m (Histo Num 43234)
[91mSkipping: (MultiDim_3D_Histo)_(RC_Bayesian)_(SMEAR=Smear)_(Q2_y_Bin_6)_(z_pT_Bin_3)_(MultiDim_z_pT_Bin_Y_bin_phi_t)[0m (Histo Num 43235)
[91mSkipping: (MultiDim_3D_Histo)_(RC_Bayesian)_(SMEAR=Smear)_(Q2_y_Bin_6)_(z_pT_Bin_4)_(MultiDim_z_pT_Bin_Y_bin_phi_t)[0m (Histo Num 43236)
[91mSkipping: (MultiDim_3D_Histo)_(RC_Bayesian)_(SMEAR=Smear)_(Q2_y_Bin_6)_(z_pT_Bin_5)_(MultiDim_z_pT_Bin_Y_bin_phi_t)[0m (Histo Num 43237)
[91mSkipping: (MultiDim_3D_Histo)_(RC_Bayesian)_(SMEAR=Smear)_(Q2_y_Bin_6)_(z_pT_Bin_6)_(MultiDim_z_pT_Bin_Y_bin_phi_t)[0m (Histo Num 43238)
[91mSkipping: (MultiDim_3D_Histo)_(RC_Bayesian)_(SMEAR=Smear)_(Q2_y_Bin_6)_(z_pT_Bin_7)_(MultiDim_z_pT_Bin_Y_bin_phi_t)[0m (Histo Num 43239)
[91mSkipping: (MultiDim_3D_Histo)_(RC_Bayesian)_(SMEAR=Smear)_(Q2_y_Bin_6)_(z_pT_Bin_8)_(MultiDim_z_pT_Bin_Y_bin_phi_t)[0m (Histo Num 43240)
[91mSkipping: (MultiDim_3D_Histo)_(RC_Bayesian)_(SMEAR=Smear)_(Q2_y_Bin_6)_(z_pT_Bin_9)_(MultiDim_z_pT_Bin_Y_bin_phi_t)[0m (Histo Num 43241)
[91mSkipping: (MultiDim_3D_Histo)_(RC_Bayesian)_(SMEAR=Smear)_(Q2_y_Bin_6)_(z_pT_Bin_10)_(MultiDim_z_pT_Bin_Y_bin_phi_t)[0m (Histo Num 43242)
[91mSkipping: (MultiDim_3D_Histo)_(RC_Bayesian)_(SMEAR=Smear)_(Q2_y_Bin_6)_(z_pT_Bin_11)_(MultiDim_z_pT_Bin_Y_bin_phi_t)[0m (Histo Num 43243)
[91mSkipping: (MultiDim_3D_Histo)_(RC_Bayesian)_(SMEAR=Smear)_(Q2_y_Bin_6)_(z_pT_Bin_12)_(MultiDim_z_pT_Bin_Y_bin_phi_t)[0m (Histo Num 43244)
[91mSkipping: (MultiDim_3D_Histo)_(RC_Bayesian)_(SMEAR=Smear)_(Q2_y_Bin_6)_(z_pT_Bin_13)_(MultiDim_z_pT_Bin_Y_bin_phi_t)[0m (Histo Num 43245)
[91mSkipping: (MultiDim_3D_Histo)_(RC_Bayesian)_(SMEAR=Smear)_(Q2_y_Bin_6)_(z_pT_Bin_14)_(MultiDim_z_pT_Bin_Y_bin_phi_t)[0m (Histo Num 43246)
[91mSkipping: (MultiDim_3D_Histo)_(RC_Bayesian)_(SMEAR=Smear)_(Q2_y_Bin_6)_(z_pT_Bin_15)_(MultiDim_z_pT_Bin_Y_bin_phi_t)[0m (Histo Num 43247)
[91mSkipping: (MultiDim_3D_Histo)_(RC_Bayesian)_(SMEAR=Smear)_(Q2_y_Bin_6)_(z_pT_Bin_16)_(MultiDim_z_pT_Bin_Y_bin_phi_t)[0m (Histo Num 43248)
[91mSkipping: (MultiDim_3D_Histo)_(RC_Bayesian)_(SMEAR=Smear)_(Q2_y_Bin_6)_(z_pT_Bin_17)_(MultiDim_z_pT_Bin_Y_bin_phi_t)[0m (Histo Num 43249)
[91mSkipping: (MultiDim_3D_Histo)_(RC_Bayesian)_(SMEAR=Smear)_(Q2_y_Bin_6)_(z_pT_Bin_19)_(MultiDim_z_pT_Bin_Y_bin_phi_t)[0m (Histo Num 43250)
[91mSkipping: (MultiDim_3D_Histo)_(RC_Bayesian)_(SMEAR=Smear)_(Q2_y_Bin_6)_(z_pT_Bin_20)_(MultiDim_z_pT_Bin_Y_bin_phi_t)[0m (Histo Num 43251)
[91mSkipping: (MultiDim_3D_Histo)_(RC_Bayesian)_(SMEAR=Smear)_(Q2_y_Bin_6)_(z_pT_Bin_21)_(MultiDim_z_pT_Bin_Y_bin_phi_t)[0m (Histo Num 43252)
[91mSkipping: (MultiDim_3D_Histo)_(RC_Bayesian)_(SMEAR=Smear)_(Q2_y_Bin_6)_(z_pT_Bin_22)_(MultiDim_z_pT_Bin_Y_bin_phi_t)[0m (Histo Num 43253)
[91mSkipping: (MultiDim_3D_Histo)_(RC_Bayesian)_(SMEAR=Smear)_(Q2_y_Bin_6)_(z_pT_Bin_23)_(MultiDim_z_pT_Bin_Y_bin_phi_t)[0m (Histo Num 43254)
[91mSkipping: (MultiDim_3D_Histo)_(RC_Bayesian)_(SMEAR=Smear)_(Q2_y_Bin_6)_(z_pT_Bin_25)_(MultiDim_z_pT_Bin_Y_bin_phi_t)[0m (Histo Num 43255)
[91mSkipping: (MultiDim_3D_Histo)_(RC_Bayesian)_(SMEAR=Smear)_(Q2_y_Bin_6)_(z_pT_Bin_26)_(MultiDim_z_pT_Bin_Y_bin_phi_t)[0m (Histo Num 43256)
[91mSkipping: (MultiDim_3D_Histo)_(RC_Bayesian)_(SMEAR=Smear)_(Q2_y_Bin_6)_(z_pT_Bin_27)_(MultiDim_z_pT_Bin_Y_bin_phi_t)[0m (Histo Num 43257)
[91mSkipping: (MultiDim_3D_Histo)_(RC_Bayesian)_(SMEAR=Smear)_(Q2_y_Bin_6)_(z_pT_Bin_28)_(MultiDim_z_pT_Bin_Y_bin_phi_t)[0m (Histo Num 43258)
[91mSkipping: (MultiDim_3D_Histo)_(BC_RC_Bayesian)_(SMEAR=Smear)_(Q2_y_Bin_4)_(z_pT_Bin_7)_(MultiDim_z_pT_Bin_Y_bin_phi_t)[0m (Histo Num 43653)
[91mSkipping: (MultiDim_3D_Histo)_(BC_RC_Bayesian)_(SMEAR=Smear)_(Q2_y_Bin_4)_(z_pT_Bin_8)_(MultiDim_z_pT_Bin_Y_bin_phi_t)[0m (Histo Num 43654)
[91mSkipping: (MultiDim_3D_Histo)_(BC_RC_Bayesian)_(SMEAR=Smear)_(Q2_y_Bin_4)_(z_pT_Bin_9)_(MultiDim_z_pT_Bin_Y_bin_phi_t)[0m (Histo Num 43655)
[91mSkipping: (MultiDim_3D_Histo)_(BC_RC_Bayesian)_(SMEAR=Smear)_(Q2_y_Bin_4)_(z_pT_Bin_10)_(MultiDim_z_pT_Bin_Y_bin_phi_t)[0m (Histo Num 43656)
[91mSkipping: (MultiDim_3D_Histo)_(BC_RC_Bayesian)_(SMEAR=Smear)_(Q2_y_Bin_4)_(z_pT_Bin_11)_(MultiDim_z_pT_Bin_Y_bin_phi_t)[0m (Histo Num 43657)
[91mSkipping: (MultiDim_3D_Histo)_(BC_RC_Bayesian)_(SMEAR=Smear)_(Q2_y_Bin_4)_(z_pT_Bin_13)_(MultiDim_z_pT_Bin_Y_bin_phi_t)[0m (Histo Num 43658)
[91mSkipping: (MultiDim_3D_Histo)_(BC_RC_Bayesian)_(SMEAR=Smear)_(Q2_y_Bin_4)_(z_pT_Bin_14)_(MultiDim_z_pT_Bin_Y_bin_phi_t)[0m (Histo Num 43659)
[91mSkipping: (MultiDim_3D_Histo)_(BC_RC_Bayesian)_(SMEAR=Smear)_(Q2_y_Bin_4)_(z_pT_Bin_15)_(MultiDim_z_pT_Bin_Y_bin_phi_t)[0m (Histo Num 43660)
[91mSkipping: (MultiDim_3D_Histo)_(BC_RC_Bayesian)_(SMEAR=Smear)_(Q2_y_Bin_4)_(z_pT_Bin_16)_(MultiDim_z_pT_Bin_Y_bin_phi_t)[0m (Histo Num 43661)Info in <TCanvas::MakeDefCanvas>:  created default TCanvas with name c1

[91mSkipping: (MultiDim_3D_Histo)_(BC_RC_Bayesian)_(SMEAR=Smear)_(Q2_y_Bin_4)_(z_pT_Bin_17)_(MultiDim_z_pT_Bin_Y_bin_phi_t)[0m (Histo Num 43662)
[91mSkipping: (MultiDim_3D_Histo)_(BC_RC_Bayesian)_(SMEAR=Smear)_(Q2_y_Bin_4)_(z_pT_Bin_19)_(MultiDim_z_pT_Bin_Y_bin_phi_t)[0m (Histo Num 43663)
[91mSkipping: (MultiDim_3D_Histo)_(BC_RC_Bayesian)_(SMEAR=Smear)_(Q2_y_Bin_4)_(z_pT_Bin_20)_(MultiDim_z_pT_Bin_Y_bin_phi_t)[0m (Histo Num 43664)
[91mSkipping: (MultiDim_3D_Histo)_(BC_RC_Bayesian)_(SMEAR=Smear)_(Q2_y_Bin_4)_(z_pT_Bin_21)_(MultiDim_z_pT_Bin_Y_bin_phi_t)[0m (Histo Num 43665)
[91mSkipping: (MultiDim_3D_Histo)_(BC_RC_Bayesian)_(SMEAR=Smear)_(Q2_y_Bin_4)_(z_pT_Bin_22)_(MultiDim_z_pT_Bin_Y_bin_phi_t)[0m (Histo Num 43666)
[91mSkipping: (MultiDim_3D_Histo)_(BC_RC_Bayesian)_(SMEAR=Smear)_(Q2_y_Bin_4)_(z_pT_Bin_23)_(MultiDim_z_pT_Bin_Y_bin_phi_t)[0m (Histo Num 43667)
[91mSkipping: (MultiDim_3D_Histo)_(BC_RC_Bayesian)_(SMEAR=Smear)_(Q2_y_Bin_4)_(z_pT_Bin_25)_(MultiDim_z_pT_Bin_Y_bin_phi_t)[0m (Histo Num 43668)
[91mSkipping: (MultiDim_3D_Histo)_(BC_RC_Bayesian)_(SMEAR=Smear)_(Q2_y_Bin_4)_(z_pT_Bin_26)_(MultiDim_z_pT_Bin_Y_bin_phi_t)[0m (Histo Num 43669)
[91mSkipping: (MultiDim_3D_Histo)_(BC_RC_Bayesian)_(SMEAR=Smear)_(Q2_y_Bin_4)_(z_pT_Bin_27)_(MultiDim_z_pT_Bin_Y_bin_phi_t)[0m (Histo Num 43670)
[91mSkipping: (MultiDim_3D_Histo)_(BC_RC_Bayesian)_(SMEAR=Smear)_(Q2_y_Bin_4)_(z_pT_Bin_28)_(MultiDim_z_pT_Bin_Y_bin_phi_t)[0m (Histo Num 43671)
[91mSkipping: (MultiDim_3D_Histo)_(BC_RC_Bayesian)_(SMEAR=Smear)_(Q2_y_Bin_4)_(z_pT_Bin_29)_(MultiDim_z_pT_Bin_Y_bin_phi_t)[0m (Histo Num 43672)
[91mSkipping: (MultiDim_3D_Histo)_(BC_RC_Bayesian)_(SMEAR=Smear)_(Q2_y_Bin_4)_(z_pT_Bin_31)_(MultiDim_z_pT_Bin_Y_bin_phi_t)[0m (Histo Num 43673)
[91mSkipping: (MultiDim_3D_Histo)_(BC_RC_Bayesian)_(SMEAR=Smear)_(Q2_y_Bin_4)_(z_pT_Bin_32)_(MultiDim_z_pT_Bin_Y_bin_phi_t)[0m (Histo Num 43674)
[91mSkipping: (MultiDim_3D_Histo)_(BC_RC_Bayesian)_(SMEAR=Smear)_(Q2_y_Bin_4)_(z_pT_Bin_33)_(MultiDim_z_pT_Bin_Y_bin_phi_t)[0m (Histo Num 43675)
[91mSkipping: (MultiDim_3D_Histo)_(BC_RC_Bayesian)_(SMEAR=Smear)_(Q2_y_Bin_4)_(z_pT_Bin_34)_(MultiDim_z_pT_Bin_Y_bin_phi_t)[0m (Histo Num 43676)
[91mSkipping: (MultiDim_3D_Histo)_(BC_RC_Bayesian)_(SMEAR=Smear)_(Q2_y_Bin_6)_(z_pT_Bin_1)_(MultiDim_z_pT_Bin_Y_bin_phi_t)[0m (Histo Num 43709)
[91mSkipping: (MultiDim_3D_Histo)_(BC_RC_Bayesian)_(SMEAR=Smear)_(Q2_y_Bin_6)_(z_pT_Bin_2)_(MultiDim_z_pT_Bin_Y_bin_phi_t)[0m (Histo Num 43710)
[91mSkipping: (MultiDim_3D_Histo)_(BC_RC_Bayesian)_(SMEAR=Smear)_(Q2_y_Bin_6)_(z_pT_Bin_3)_(MultiDim_z_pT_Bin_Y_bin_phi_t)[0m (Histo Num 43711)
[91mSkipping: (MultiDim_3D_Histo)_(BC_RC_Bayesian)_(SMEAR=Smear)_(Q2_y_Bin_6)_(z_pT_Bin_4)_(MultiDim_z_pT_Bin_Y_bin_phi_t)[0m (Histo Num 43712)
[91mSkipping: (MultiDim_3D_Histo)_(BC_RC_Bayesian)_(SMEAR=Smear)_(Q2_y_Bin_6)_(z_pT_Bin_5)_(MultiDim_z_pT_Bin_Y_bin_phi_t)[0m (Histo Num 43713)
[91mSkipping: (MultiDim_3D_Histo)_(BC_RC_Bayesian)_(SMEAR=Smear)_(Q2_y_Bin_6)_(z_pT_Bin_6)_(MultiDim_z_pT_Bin_Y_bin_phi_t)[0m (Histo Num 43714)
[91mSkipping: (MultiDim_3D_Histo)_(BC_RC_Bayesian)_(SMEAR=Smear)_(Q2_y_Bin_6)_(z_pT_Bin_7)_(MultiDim_z_pT_Bin_Y_bin_phi_t)[0m (Histo Num 43715)
[91mSkipping: (MultiDim_3D_Histo)_(BC_RC_Bayesian)_(SMEAR=Smear)_(Q2_y_Bin_6)_(z_pT_Bin_8)_(MultiDim_z_pT_Bin_Y_bin_phi_t)[0m (Histo Num 43716)
[91mSkipping: (MultiDim_3D_Histo)_(BC_RC_Bayesian)_(SMEAR=Smear)_(Q2_y_Bin_6)_(z_pT_Bin_9)_(MultiDim_z_pT_Bin_Y_bin_phi_t)[0m (Histo Num 43717)
[91mSkipping: (MultiDim_3D_Histo)_(BC_RC_Bayesian)_(SMEAR=Smear)_(Q2_y_Bin_6)_(z_pT_Bin_10)_(MultiDim_z_pT_Bin_Y_bin_phi_t)[0m (Histo Num 43718)
[91mSkipping: (MultiDim_3D_Histo)_(BC_RC_Bayesian)_(SMEAR=Smear)_(Q2_y_Bin_6)_(z_pT_Bin_11)_(MultiDim_z_pT_Bin_Y_bin_phi_t)[0m (Histo Num 43719)
[91mSkipping: (MultiDim_3D_Histo)_(BC_RC_Bayesian)_(SMEAR=Smear)_(Q2_y_Bin_6)_(z_pT_Bin_12)_(MultiDim_z_pT_Bin_Y_bin_phi_t)[0m (Histo Num 43720)
[91mSkipping: (MultiDim_3D_Histo)_(BC_RC_Bayesian)_(SMEAR=Smear)_(Q2_y_Bin_6)_(z_pT_Bin_13)_(MultiDim_z_pT_Bin_Y_bin_phi_t)[0m (Histo Num 43721)
[91mSkipping: (MultiDim_3D_Histo)_(BC_RC_Bayesian)_(SMEAR=Smear)_(Q2_y_Bin_6)_(z_pT_Bin_14)_(MultiDim_z_pT_Bin_Y_bin_phi_t)[0m (Histo Num 43722)
[91mSkipping: (MultiDim_3D_Histo)_(BC_RC_Bayesian)_(SMEAR=Smear)_(Q2_y_Bin_6)_(z_pT_Bin_15)_(MultiDim_z_pT_Bin_Y_bin_phi_t)[0m (Histo Num 43723)
[91mSkipping: (MultiDim_3D_Histo)_(BC_RC_Bayesian)_(SMEAR=Smear)_(Q2_y_Bin_6)_(z_pT_Bin_16)_(MultiDim_z_pT_Bin_Y_bin_phi_t)[0m (Histo Num 43724)
[91mSkipping: (MultiDim_3D_Histo)_(BC_RC_Bayesian)_(SMEAR=Smear)_(Q2_y_Bin_6)_(z_pT_Bin_17)_(MultiDim_z_pT_Bin_Y_bin_phi_t)[0m (Histo Num 43725)
[91mSkipping: (MultiDim_3D_Histo)_(BC_RC_Bayesian)_(SMEAR=Smear)_(Q2_y_Bin_6)_(z_pT_Bin_19)_(MultiDim_z_pT_Bin_Y_bin_phi_t)[0m (Histo Num 43726)
[91mSkipping: (MultiDim_3D_Histo)_(BC_RC_Bayesian)_(SMEAR=Smear)_(Q2_y_Bin_6)_(z_pT_Bin_20)_(MultiDim_z_pT_Bin_Y_bin_phi_t)[0m (Histo Num 43727)
[91mSkipping: (MultiDim_3D_Histo)_(BC_RC_Bayesian)_(SMEAR=Smear)_(Q2_y_Bin_6)_(z_pT_Bin_21)_(MultiDim_z_pT_Bin_Y_bin_phi_t)[0m (Histo Num 43728)
[91mSkipping: (MultiDim_3D_Histo)_(BC_RC_Bayesian)_(SMEAR=Smear)_(Q2_y_Bin_6)_(z_pT_Bin_22)_(MultiDim_z_pT_Bin_Y_bin_phi_t)[0m (Histo Num 43729)
[91mSkipping: (MultiDim_3D_Histo)_(BC_RC_Bayesian)_(SMEAR=Smear)_(Q2_y_Bin_6)_(z_pT_Bin_23)_(MultiDim_z_pT_Bin_Y_bin_phi_t)[0m (Histo Num 43730)
[91mSkipping: (MultiDim_3D_Histo)_(BC_RC_Bayesian)_(SMEAR=Smear)_(Q2_y_Bin_6)_(z_pT_Bin_25)_(MultiDim_z_pT_Bin_Y_bin_phi_t)[0m (Histo Num 43731)
[91mSkipping: (MultiDim_3D_Histo)_(BC_RC_Bayesian)_(SMEAR=Smear)_(Q2_y_Bin_6)_(z_pT_Bin_26)_(MultiDim_z_pT_Bin_Y_bin_phi_t)[0m (Histo Num 43732)
[91mSkipping: (MultiDim_3D_Histo)_(BC_RC_Bayesian)_(SMEAR=Smear)_(Q2_y_Bin_6)_(z_pT_Bin_27)_(MultiDim_z_pT_Bin_Y_bin_phi_t)[0m (Histo Num 43733)
[91mSkipping: (MultiDim_3D_Histo)_(BC_RC_Bayesian)_(SMEAR=Smear)_(Q2_y_Bin_6)_(z_pT_Bin_28)_(MultiDim_z_pT_Bin_Y_bin_phi_t)[0m (Histo Num 43734)
Fitting for: [1m(MultiDim_5D_Histo)_(Bayesian)_(SMEAR=Smear)_(Q2_y_Bin_4)_(z_pT_Bin_7)_(MultiDim_Q2_y_z_pT_phi_h)[0m (Histo Num 46975)
[92mLoaded special_fit_parameters_set from Prepare_Next_Iteration/Phi_h_Fit_Parameters_from_Spline.py[0m
Fitting for: [1m(MultiDim_5D_Histo)_(Bayesian)_(SMEAR=Smear)_(Q2_y_Bin_4)_(z_pT_Bin_8)_(MultiDim_Q2_y_z_pT_phi_h)[0m (Histo Num 46976)
Fitting for: [1m(MultiDim_5D_Histo)_(Bayesian)_(SMEAR=Smear)_(Q2_y_Bin_4)_(z_pT_Bin_9)_(MultiDim_Q2_y_z_pT_phi_h)[0m (Histo Num 46977)
Fitting for: [1m(MultiDim_5D_Histo)_(Bayesian)_(SMEAR=Smear)_(Q2_y_Bin_4)_(z_pT_Bin_10)_(MultiDim_Q2_y_z_pT_phi_h)[0m (Histo Num 46978)
Fitting for: [1m(MultiDim_5D_Histo)_(Bayesian)_(SMEAR=Smear)_(Q2_y_Bin_4)_(z_pT_Bin_11)_(MultiDim_Q2_y_z_pT_phi_h)[0m (Histo Num 46979)
Fitting for: [1m(MultiDim_5D_Histo)_(Bayesian)_(SMEAR=Smear)_(Q2_y_Bin_4)_(z_pT_Bin_13)_(MultiDim_Q2_y_z_pT_phi_h)[0m (Histo Num 46980)
Fitting for: [1m(MultiDim_5D_Histo)_(Bayesian)_(SMEAR=Smear)_(Q2_y_Bin_4)_(z_pT_Bin_14)_(MultiDim_Q2_y_z_pT_phi_h)[0m (Histo Num 46981)
Fitting for: [1m(MultiDim_5D_Histo)_(Bayesian)_(SMEAR=Smear)_(Q2_y_Bin_4)_(z_pT_Bin_15)_(MultiDim_Q2_y_z_pT_phi_h)[0m (Histo Num 46982)
Fitting for: [1m(MultiDim_5D_Histo)_(Bayesian)_(SMEAR=Smear)_(Q2_y_Bin_4)_(z_pT_Bin_16)_(MultiDim_Q2_y_z_pT_phi_h)[0m (Histo Num 46983)
Fitting for: [1m(MultiDim_5D_Histo)_(Bayesian)_(SMEAR=Smear)_(Q2_y_Bin_4)_(z_pT_Bin_17)_(MultiDim_Q2_y_z_pT_phi_h)[0m (Histo Num 46984)
Fitting for: [1m(MultiDim_5D_Histo)_(Bayesian)_(SMEAR=Smear)_(Q2_y_Bin_4)_(z_pT_Bin_19)_(MultiDim_Q2_y_z_pT_phi_h)[0m (Histo Num 46985)
Fitting for: [1m(MultiDim_5D_Histo)_(Bayesian)_(SMEAR=Smear)_(Q2_y_Bin_4)_(z_pT_Bin_20)_(MultiDim_Q2_y_z_pT_phi_h)[0m (Histo Num 46986)
Fitting for: [1m(MultiDim_5D_Histo)_(Bayesian)_(SMEAR=Smear)_(Q2_y_Bin_4)_(z_pT_Bin_21)_(MultiDim_Q2_y_z_pT_phi_h)[0m (Histo Num 46987)
Fitting for: [1m(MultiDim_5D_Histo)_(Bayesian)_(SMEAR=Smear)_(Q2_y_Bin_4)_(z_pT_Bin_22)_(MultiDim_Q2_y_z_pT_phi_h)[0m (Histo Num 46988)
Fitting for: [1m(MultiDim_5D_Histo)_(Bayesian)_(SMEAR=Smear)_(Q2_y_Bin_4)_(z_pT_Bin_23)_(MultiDim_Q2_y_z_pT_phi_h)[0m (Histo Num 46989)
Fitting for: [1m(MultiDim_5D_Histo)_(Bayesian)_(SMEAR=Smear)_(Q2_y_Bin_4)_(z_pT_Bin_25)_(MultiDim_Q2_y_z_pT_phi_h)[0m (Histo Num 46990)
Fitting for: [1m(MultiDim_5D_Histo)_(Bayesian)_(SMEAR=Smear)_(Q2_y_Bin_4)_(z_pT_Bin_26)_(MultiDim_Q2_y_z_pT_phi_h)[0m (Histo Num 46991)
Fitting for: [1m(MultiDim_5D_Histo)_(Bayesian)_(SMEAR=Smear)_(Q2_y_Bin_4)_(z_pT_Bin_27)_(MultiDim_Q2_y_z_pT_phi_h)[0m (Histo Num 46992)
Fitting for: [1m(MultiDim_5D_Histo)_(Bayesian)_(SMEAR=Smear)_(Q2_y_Bin_4)_(z_pT_Bin_28)_(MultiDim_Q2_y_z_pT_phi_h)[0m (Histo Num 46993)
Fitting for: [1m(MultiDim_5D_Histo)_(Bayesian)_(SMEAR=Smear)_(Q2_y_Bin_4)_(z_pT_Bin_29)_(MultiDim_Q2_y_z_pT_phi_h)[0m (Histo Num 46994)
Fitting for: [1m(MultiDim_5D_Histo)_(Bayesian)_(SMEAR=Smear)_(Q2_y_Bin_4)_(z_pT_Bin_31)_(MultiDim_Q2_y_z_pT_phi_h)[0m (Histo Num 46995)
Fitting for: [1m(MultiDim_5D_Histo)_(Bayesian)_(SMEAR=Smear)_(Q2_y_Bin_4)_(z_pT_Bin_32)_(MultiDim_Q2_y_z_pT_phi_h)[0m (Histo Num 46996)
Fitting for: [1m(MultiDim_5D_Histo)_(Bayesian)_(SMEAR=Smear)_(Q2_y_Bin_4)_(z_pT_Bin_33)_(MultiDim_Q2_y_z_pT_phi_h)[0m (Histo Num 46997)
Fitting for: [1m(MultiDim_5D_Histo)_(Bayesian)_(SMEAR=Smear)_(Q2_y_Bin_4)_(z_pT_Bin_34)_(MultiDim_Q2_y_z_pT_phi_h)[0m (Histo Num 46998)
Fitting for: [1m(MultiDim_5D_Histo)_(Bayesian)_(SMEAR=Smear)_(Q2_y_Bin_6)_(z_pT_Bin_1)_(MultiDim_Q2_y_z_pT_phi_h)[0m (Histo Num 47033)
Fitting for: [1m(MultiDim_5D_Histo)_(Bayesian)_(SMEAR=Smear)_(Q2_y_Bin_6)_(z_pT_Bin_2)_(MultiDim_Q2_y_z_pT_phi_h)[0m (Histo Num 47034)
Fitting for: [1m(MultiDim_5D_Histo)_(Bayesian)_(SMEAR=Smear)_(Q2_y_Bin_6)_(z_pT_Bin_3)_(MultiDim_Q2_y_z_pT_phi_h)[0m (Histo Num 47035)
Fitting for: [1m(MultiDim_5D_Histo)_(Bayesian)_(SMEAR=Smear)_(Q2_y_Bin_6)_(z_pT_Bin_4)_(MultiDim_Q2_y_z_pT_phi_h)[0m (Histo Num 47036)
Fitting for: [1m(MultiDim_5D_Histo)_(Bayesian)_(SMEAR=Smear)_(Q2_y_Bin_6)_(z_pT_Bin_5)_(MultiDim_Q2_y_z_pT_phi_h)[0m (Histo Num 47037)
Fitting for: [1m(MultiDim_5D_Histo)_(Bayesian)_(SMEAR=Smear)_(Q2_y_Bin_6)_(z_pT_Bin_6)_(MultiDim_Q2_y_z_pT_phi_h)[0m (Histo Num 47038)
Fitting for: [1m(MultiDim_5D_Histo)_(Bayesian)_(SMEAR=Smear)_(Q2_y_Bin_6)_(z_pT_Bin_7)_(MultiDim_Q2_y_z_pT_phi_h)[0m (Histo Num 47039)
Fitting for: [1m(MultiDim_5D_Histo)_(Bayesian)_(SMEAR=Smear)_(Q2_y_Bin_6)_(z_pT_Bin_8)_(MultiDim_Q2_y_z_pT_phi_h)[0m (Histo Num 47040)
Fitting for: [1m(MultiDim_5D_Histo)_(Bayesian)_(SMEAR=Smear)_(Q2_y_Bin_6)_(z_pT_Bin_9)_(MultiDim_Q2_y_z_pT_phi_h)[0m (Histo Num 47041)
Fitting for: [1m(MultiDim_5D_Histo)_(Bayesian)_(SMEAR=Smear)_(Q2_y_Bin_6)_(z_pT_Bin_10)_(MultiDim_Q2_y_z_pT_phi_h)[0m (Histo Num 47042)
Fitting for: [1m(MultiDim_5D_Histo)_(Bayesian)_(SMEAR=Smear)_(Q2_y_Bin_6)_(z_pT_Bin_11)_(MultiDim_Q2_y_z_pT_phi_h)[0m (Histo Num 47043)
Fitting for: [1m(MultiDim_5D_Histo)_(Bayesian)_(SMEAR=Smear)_(Q2_y_Bin_6)_(z_pT_Bin_12)_(MultiDim_Q2_y_z_pT_phi_h)[0m (Histo Num 47044)
Fitting for: [1m(MultiDim_5D_Histo)_(Bayesian)_(SMEAR=Smear)_(Q2_y_Bin_6)_(z_pT_Bin_13)_(MultiDim_Q2_y_z_pT_phi_h)[0m (Histo Num 47045)
Fitting for: [1m(MultiDim_5D_Histo)_(Bayesian)_(SMEAR=Smear)_(Q2_y_Bin_6)_(z_pT_Bin_14)_(MultiDim_Q2_y_z_pT_phi_h)[0m (Histo Num 47046)
Fitting for: [1m(MultiDim_5D_Histo)_(Bayesian)_(SMEAR=Smear)_(Q2_y_Bin_6)_(z_pT_Bin_15)_(MultiDim_Q2_y_z_pT_phi_h)[0m (Histo Num 47047)
Fitting for: [1m(MultiDim_5D_Histo)_(Bayesian)_(SMEAR=Smear)_(Q2_y_Bin_6)_(z_pT_Bin_16)_(MultiDim_Q2_y_z_pT_phi_h)[0m (Histo Num 47048)
Fitting for: [1m(MultiDim_5D_Histo)_(Bayesian)_(SMEAR=Smear)_(Q2_y_Bin_6)_(z_pT_Bin_17)_(MultiDim_Q2_y_z_pT_phi_h)[0m (Histo Num 47049)
Fitting for: [1m(MultiDim_5D_Histo)_(Bayesian)_(SMEAR=Smear)_(Q2_y_Bin_6)_(z_pT_Bin_19)_(MultiDim_Q2_y_z_pT_phi_h)[0m (Histo Num 47050)
Fitting for: [1m(MultiDim_5D_Histo)_(Bayesian)_(SMEAR=Smear)_(Q2_y_Bin_6)_(z_pT_Bin_20)_(MultiDim_Q2_y_z_pT_phi_h)[0m (Histo Num 47051)
Fitting for: [1m(MultiDim_5D_Histo)_(Bayesian)_(SMEAR=Smear)_(Q2_y_Bin_6)_(z_pT_Bin_21)_(MultiDim_Q2_y_z_pT_phi_h)[0m (Histo Num 47052)
Fitting for: [1m(MultiDim_5D_Histo)_(Bayesian)_(SMEAR=Smear)_(Q2_y_Bin_6)_(z_pT_Bin_22)_(MultiDim_Q2_y_z_pT_phi_h)[0m (Histo Num 47053)
Fitting for: [1m(MultiDim_5D_Histo)_(Bayesian)_(SMEAR=Smear)_(Q2_y_Bin_6)_(z_pT_Bin_23)_(MultiDim_Q2_y_z_pT_phi_h)[0m (Histo Num 47054)
Fitting for: [1m(MultiDim_5D_Histo)_(Bayesian)_(SMEAR=Smear)_(Q2_y_Bin_6)_(z_pT_Bin_25)_(MultiDim_Q2_y_z_pT_phi_h)[0m (Histo Num 47055)
Fitting for: [1m(MultiDim_5D_Histo)_(Bayesian)_(SMEAR=Smear)_(Q2_y_Bin_6)_(z_pT_Bin_26)_(MultiDim_Q2_y_z_pT_phi_h)[0m (Histo Num 47056)
Fitting for: [1m(MultiDim_5D_Histo)_(Bayesian)_(SMEAR=Smear)_(Q2_y_Bin_6)_(z_pT_Bin_27)_(MultiDim_Q2_y_z_pT_phi_h)[0m (Histo Num 47057)
Fitting for: [1m(MultiDim_5D_Histo)_(Bayesian)_(SMEAR=Smear)_(Q2_y_Bin_6)_(z_pT_Bin_28)_(MultiDim_Q2_y_z_pT_phi_h)[0m (Histo Num 47058)
Fitting for: [1m(MultiDim_5D_Histo)_(RC_Bayesian)_(SMEAR=Smear)_(Q2_y_Bin_4)_(z_pT_Bin_7)_(MultiDim_Q2_y_z_pT_phi_h)[0m (Histo Num 47463)
Fitting for: [1m(MultiDim_5D_Histo)_(RC_Bayesian)_(SMEAR=Smear)_(Q2_y_Bin_4)_(z_pT_Bin_8)_(MultiDim_Q2_y_z_pT_phi_h)[0m (Histo Num 47464)
Fitting for: [1m(MultiDim_5D_Histo)_(RC_Bayesian)_(SMEAR=Smear)_(Q2_y_Bin_4)_(z_pT_Bin_9)_(MultiDim_Q2_y_z_pT_phi_h)[0m (Histo Num 47465)
Fitting for: [1m(MultiDim_5D_Histo)_(RC_Bayesian)_(SMEAR=Smear)_(Q2_y_Bin_4)_(z_pT_Bin_10)_(MultiDim_Q2_y_z_pT_phi_h)[0m (Histo Num 47466)
Fitting for: [1m(MultiDim_5D_Histo)_(RC_Bayesian)_(SMEAR=Smear)_(Q2_y_Bin_4)_(z_pT_Bin_11)_(MultiDim_Q2_y_z_pT_phi_h)[0m (Histo Num 47467)
Fitting for: [1m(MultiDim_5D_Histo)_(RC_Bayesian)_(SMEAR=Smear)_(Q2_y_Bin_4)_(z_pT_Bin_13)_(MultiDim_Q2_y_z_pT_phi_h)[0m (Histo Num 47468)
Fitting for: [1m(MultiDim_5D_Histo)_(RC_Bayesian)_(SMEAR=Smear)_(Q2_y_Bin_4)_(z_pT_Bin_14)_(MultiDim_Q2_y_z_pT_phi_h)[0m (Histo Num 47469)
Fitting for: [1m(MultiDim_5D_Histo)_(RC_Bayesian)_(SMEAR=Smear)_(Q2_y_Bin_4)_(z_pT_Bin_15)_(MultiDim_Q2_y_z_pT_phi_h)[0m (Histo Num 47470)
Fitting for: [1m(MultiDim_5D_Histo)_(RC_Bayesian)_(SMEAR=Smear)_(Q2_y_Bin_4)_(z_pT_Bin_16)_(MultiDim_Q2_y_z_pT_phi_h)[0m (Histo Num 47471)
Fitting for: [1m(MultiDim_5D_Histo)_(RC_Bayesian)_(SMEAR=Smear)_(Q2_y_Bin_4)_(z_pT_Bin_17)_(MultiDim_Q2_y_z_pT_phi_h)[0m (Histo Num 47472)
Fitting for: [1m(MultiDim_5D_Histo)_(RC_Bayesian)_(SMEAR=Smear)_(Q2_y_Bin_4)_(z_pT_Bin_19)_(MultiDim_Q2_y_z_pT_phi_h)[0m (Histo Num 47473)
Fitting for: [1m(MultiDim_5D_Histo)_(RC_Bayesian)_(SMEAR=Smear)_(Q2_y_Bin_4)_(z_pT_Bin_20)_(MultiDim_Q2_y_z_pT_phi_h)[0m (Histo Num 47474)
Fitting for: [1m(MultiDim_5D_Histo)_(RC_Bayesian)_(SMEAR=Smear)_(Q2_y_Bin_4)_(z_pT_Bin_21)_(MultiDim_Q2_y_z_pT_phi_h)[0m (Histo Num 47475)
Fitting for: [1m(MultiDim_5D_Histo)_(RC_Bayesian)_(SMEAR=Smear)_(Q2_y_Bin_4)_(z_pT_Bin_22)_(MultiDim_Q2_y_z_pT_phi_h)[0m (Histo Num 47476)
Fitting for: [1m(MultiDim_5D_Histo)_(RC_Bayesian)_(SMEAR=Smear)_(Q2_y_Bin_4)_(z_pT_Bin_23)_(MultiDim_Q2_y_z_pT_phi_h)[0m (Histo Num 47477)
Fitting for: [1m(MultiDim_5D_Histo)_(RC_Bayesian)_(SMEAR=Smear)_(Q2_y_Bin_4)_(z_pT_Bin_25)_(MultiDim_Q2_y_z_pT_phi_h)[0m (Histo Num 47478)
Fitting for: [1m(MultiDim_5D_Histo)_(RC_Bayesian)_(SMEAR=Smear)_(Q2_y_Bin_4)_(z_pT_Bin_26)_(MultiDim_Q2_y_z_pT_phi_h)[0m (Histo Num 47479)
Fitting for: [1m(MultiDim_5D_Histo)_(RC_Bayesian)_(SMEAR=Smear)_(Q2_y_Bin_4)_(z_pT_Bin_27)_(MultiDim_Q2_y_z_pT_phi_h)[0m (Histo Num 47480)
Fitting for: [1m(MultiDim_5D_Histo)_(RC_Bayesian)_(SMEAR=Smear)_(Q2_y_Bin_4)_(z_pT_Bin_28)_(MultiDim_Q2_y_z_pT_phi_h)[0m (Histo Num 47481)
Fitting for: [1m(MultiDim_5D_Histo)_(RC_Bayesian)_(SMEAR=Smear)_(Q2_y_Bin_4)_(z_pT_Bin_29)_(MultiDim_Q2_y_z_pT_phi_h)[0m (Histo Num 47482)
Fitting for: [1m(MultiDim_5D_Histo)_(RC_Bayesian)_(SMEAR=Smear)_(Q2_y_Bin_4)_(z_pT_Bin_31)_(MultiDim_Q2_y_z_pT_phi_h)[0m (Histo Num 47483)
Fitting for: [1m(MultiDim_5D_Histo)_(RC_Bayesian)_(SMEAR=Smear)_(Q2_y_Bin_4)_(z_pT_Bin_32)_(MultiDim_Q2_y_z_pT_phi_h)[0m (Histo Num 47484)
Fitting for: [1m(MultiDim_5D_Histo)_(RC_Bayesian)_(SMEAR=Smear)_(Q2_y_Bin_4)_(z_pT_Bin_33)_(MultiDim_Q2_y_z_pT_phi_h)[0m (Histo Num 47485)
Fitting for: [1m(MultiDim_5D_Histo)_(RC_Bayesian)_(SMEAR=Smear)_(Q2_y_Bin_4)_(z_pT_Bin_34)_(MultiDim_Q2_y_z_pT_phi_h)[0m (Histo Num 47486)
Fitting for: [1m(MultiDim_5D_Histo)_(RC_Bayesian)_(SMEAR=Smear)_(Q2_y_Bin_6)_(z_pT_Bin_1)_(MultiDim_Q2_y_z_pT_phi_h)[0m (Histo Num 47521)
Fitting for: [1m(MultiDim_5D_Histo)_(RC_Bayesian)_(SMEAR=Smear)_(Q2_y_Bin_6)_(z_pT_Bin_2)_(MultiDim_Q2_y_z_pT_phi_h)[0m (Histo Num 47522)
Fitting for: [1m(MultiDim_5D_Histo)_(RC_Bayesian)_(SMEAR=Smear)_(Q2_y_Bin_6)_(z_pT_Bin_3)_(MultiDim_Q2_y_z_pT_phi_h)[0m (Histo Num 47523)
Fitting for: [1m(MultiDim_5D_Histo)_(RC_Bayesian)_(SMEAR=Smear)_(Q2_y_Bin_6)_(z_pT_Bin_4)_(MultiDim_Q2_y_z_pT_phi_h)[0m (Histo Num 47524)
Fitting for: [1m(MultiDim_5D_Histo)_(RC_Bayesian)_(SMEAR=Smear)_(Q2_y_Bin_6)_(z_pT_Bin_5)_(MultiDim_Q2_y_z_pT_phi_h)[0m (Histo Num 47525)
Fitting for: [1m(MultiDim_5D_Histo)_(RC_Bayesian)_(SMEAR=Smear)_(Q2_y_Bin_6)_(z_pT_Bin_6)_(MultiDim_Q2_y_z_pT_phi_h)[0m (Histo Num 47526)
Fitting for: [1m(MultiDim_5D_Histo)_(RC_Bayesian)_(SMEAR=Smear)_(Q2_y_Bin_6)_(z_pT_Bin_7)_(MultiDim_Q2_y_z_pT_phi_h)[0m (Histo Num 47527)
Fitting for: [1m(MultiDim_5D_Histo)_(RC_Bayesian)_(SMEAR=Smear)_(Q2_y_Bin_6)_(z_pT_Bin_8)_(MultiDim_Q2_y_z_pT_phi_h)[0m (Histo Num 47528)
Fitting for: [1m(MultiDim_5D_Histo)_(RC_Bayesian)_(SMEAR=Smear)_(Q2_y_Bin_6)_(z_pT_Bin_9)_(MultiDim_Q2_y_z_pT_phi_h)[0m (Histo Num 47529)
Fitting for: [1m(MultiDim_5D_Histo)_(RC_Bayesian)_(SMEAR=Smear)_(Q2_y_Bin_6)_(z_pT_Bin_10)_(MultiDim_Q2_y_z_pT_phi_h)[0m (Histo Num 47530)
Fitting for: [1m(MultiDim_5D_Histo)_(RC_Bayesian)_(SMEAR=Smear)_(Q2_y_Bin_6)_(z_pT_Bin_11)_(MultiDim_Q2_y_z_pT_phi_h)[0m (Histo Num 47531)
Fitting for: [1m(MultiDim_5D_Histo)_(RC_Bayesian)_(SMEAR=Smear)_(Q2_y_Bin_6)_(z_pT_Bin_12)_(MultiDim_Q2_y_z_pT_phi_h)[0m (Histo Num 47532)
Fitting for: [1m(MultiDim_5D_Histo)_(RC_Bayesian)_(SMEAR=Smear)_(Q2_y_Bin_6)_(z_pT_Bin_13)_(MultiDim_Q2_y_z_pT_phi_h)[0m (Histo Num 47533)
Fitting for: [1m(MultiDim_5D_Histo)_(RC_Bayesian)_(SMEAR=Smear)_(Q2_y_Bin_6)_(z_pT_Bin_14)_(MultiDim_Q2_y_z_pT_phi_h)[0m (Histo Num 47534)
Fitting for: [1m(MultiDim_5D_Histo)_(RC_Bayesian)_(SMEAR=Smear)_(Q2_y_Bin_6)_(z_pT_Bin_15)_(MultiDim_Q2_y_z_pT_phi_h)[0m (Histo Num 47535)
Fitting for: [1m(MultiDim_5D_Histo)_(RC_Bayesian)_(SMEAR=Smear)_(Q2_y_Bin_6)_(z_pT_Bin_16)_(MultiDim_Q2_y_z_pT_phi_h)[0m (Histo Num 47536)
Fitting for: [1m(MultiDim_5D_Histo)_(RC_Bayesian)_(SMEAR=Smear)_(Q2_y_Bin_6)_(z_pT_Bin_17)_(MultiDim_Q2_y_z_pT_phi_h)[0m (Histo Num 47537)
Fitting for: [1m(MultiDim_5D_Histo)_(RC_Bayesian)_(SMEAR=Smear)_(Q2_y_Bin_6)_(z_pT_Bin_19)_(MultiDim_Q2_y_z_pT_phi_h)[0m (Histo Num 47538)
Fitting for: [1m(MultiDim_5D_Histo)_(RC_Bayesian)_(SMEAR=Smear)_(Q2_y_Bin_6)_(z_pT_Bin_20)_(MultiDim_Q2_y_z_pT_phi_h)[0m (Histo Num 47539)
Fitting for: [1m(MultiDim_5D_Histo)_(RC_Bayesian)_(SMEAR=Smear)_(Q2_y_Bin_6)_(z_pT_Bin_21)_(MultiDim_Q2_y_z_pT_phi_h)[0m (Histo Num 47540)
Fitting for: [1m(MultiDim_5D_Histo)_(RC_Bayesian)_(SMEAR=Smear)_(Q2_y_Bin_6)_(z_pT_Bin_22)_(MultiDim_Q2_y_z_pT_phi_h)[0m (Histo Num 47541)
Fitting for: [1m(MultiDim_5D_Histo)_(RC_Bayesian)_(SMEAR=Smear)_(Q2_y_Bin_6)_(z_pT_Bin_23)_(MultiDim_Q2_y_z_pT_phi_h)[0m (Histo Num 47542)
Fitting for: [1m(MultiDim_5D_Histo)_(RC_Bayesian)_(SMEAR=Smear)_(Q2_y_Bin_6)_(z_pT_Bin_25)_(MultiDim_Q2_y_z_pT_phi_h)[0m (Histo Num 47543)
Fitting for: [1m(MultiDim_5D_Histo)_(RC_Bayesian)_(SMEAR=Smear)_(Q2_y_Bin_6)_(z_pT_Bin_26)_(MultiDim_Q2_y_z_pT_phi_h)[0m (Histo Num 47544)
Fitting for: [1m(MultiDim_5D_Histo)_(RC_Bayesian)_(SMEAR=Smear)_(Q2_y_Bin_6)_(z_pT_Bin_27)_(MultiDim_Q2_y_z_pT_phi_h)[0m (Histo Num 47545)
Fitting for: [1m(MultiDim_5D_Histo)_(RC_Bayesian)_(SMEAR=Smear)_(Q2_y_Bin_6)_(z_pT_Bin_28)_(MultiDim_Q2_y_z_pT_phi_h)[0m (Histo Num 47546)
Fitting for: [1m(MultiDim_5D_Histo)_(BC_RC_Bayesian)_(SMEAR=Smear)_(Q2_y_Bin_4)_(z_pT_Bin_7)_(MultiDim_Q2_y_z_pT_phi_h)[0m (Histo Num 47941)
Fitting for: [1m(MultiDim_5D_Histo)_(BC_RC_Bayesian)_(SMEAR=Smear)_(Q2_y_Bin_4)_(z_pT_Bin_8)_(MultiDim_Q2_y_z_pT_phi_h)[0m (Histo Num 47942)
Fitting for: [1m(MultiDim_5D_Histo)_(BC_RC_Bayesian)_(SMEAR=Smear)_(Q2_y_Bin_4)_(z_pT_Bin_9)_(MultiDim_Q2_y_z_pT_phi_h)[0m (Histo Num 47943)
Fitting for: [1m(MultiDim_5D_Histo)_(BC_RC_Bayesian)_(SMEAR=Smear)_(Q2_y_Bin_4)_(z_pT_Bin_10)_(MultiDim_Q2_y_z_pT_phi_h)[0m (Histo Num 47944)
Fitting for: [1m(MultiDim_5D_Histo)_(BC_RC_Bayesian)_(SMEAR=Smear)_(Q2_y_Bin_4)_(z_pT_Bin_11)_(MultiDim_Q2_y_z_pT_phi_h)[0m (Histo Num 47945)
Fitting for: [1m(MultiDim_5D_Histo)_(BC_RC_Bayesian)_(SMEAR=Smear)_(Q2_y_Bin_4)_(z_pT_Bin_13)_(MultiDim_Q2_y_z_pT_phi_h)[0m (Histo Num 47946)
Fitting for: [1m(MultiDim_5D_Histo)_(BC_RC_Bayesian)_(SMEAR=Smear)_(Q2_y_Bin_4)_(z_pT_Bin_14)_(MultiDim_Q2_y_z_pT_phi_h)[0m (Histo Num 47947)
Fitting for: [1m(MultiDim_5D_Histo)_(BC_RC_Bayesian)_(SMEAR=Smear)_(Q2_y_Bin_4)_(z_pT_Bin_15)_(MultiDim_Q2_y_z_pT_phi_h)[0m (Histo Num 47948)
Fitting for: [1m(MultiDim_5D_Histo)_(BC_RC_Bayesian)_(SMEAR=Smear)_(Q2_y_Bin_4)_(z_pT_Bin_16)_(MultiDim_Q2_y_z_pT_phi_h)[0m (Histo Num 47949)
Fitting for: [1m(MultiDim_5D_Histo)_(BC_RC_Bayesian)_(SMEAR=Smear)_(Q2_y_Bin_4)_(z_pT_Bin_17)_(MultiDim_Q2_y_z_pT_phi_h)[0m (Histo Num 47950)
Fitting for: [1m(MultiDim_5D_Histo)_(BC_RC_Bayesian)_(SMEAR=Smear)_(Q2_y_Bin_4)_(z_pT_Bin_19)_(MultiDim_Q2_y_z_pT_phi_h)[0m (Histo Num 47951)
Fitting for: [1m(MultiDim_5D_Histo)_(BC_RC_Bayesian)_(SMEAR=Smear)_(Q2_y_Bin_4)_(z_pT_Bin_20)_(MultiDim_Q2_y_z_pT_phi_h)[0m (Histo Num 47952)
Fitting for: [1m(MultiDim_5D_Histo)_(BC_RC_Bayesian)_(SMEAR=Smear)_(Q2_y_Bin_4)_(z_pT_Bin_21)_(MultiDim_Q2_y_z_pT_phi_h)[0m (Histo Num 47953)
Fitting for: [1m(MultiDim_5D_Histo)_(BC_RC_Bayesian)_(SMEAR=Smear)_(Q2_y_Bin_4)_(z_pT_Bin_22)_(MultiDim_Q2_y_z_pT_phi_h)[0m (Histo Num 47954)
Fitting for: [1m(MultiDim_5D_Histo)_(BC_RC_Bayesian)_(SMEAR=Smear)_(Q2_y_Bin_4)_(z_pT_Bin_23)_(MultiDim_Q2_y_z_pT_phi_h)[0m (Histo Num 47955)
Fitting for: [1m(MultiDim_5D_Histo)_(BC_RC_Bayesian)_(SMEAR=Smear)_(Q2_y_Bin_4)_(z_pT_Bin_25)_(MultiDim_Q2_y_z_pT_phi_h)[0m (Histo Num 47956)
Fitting for: [1m(MultiDim_5D_Histo)_(BC_RC_Bayesian)_(SMEAR=Smear)_(Q2_y_Bin_4)_(z_pT_Bin_26)_(MultiDim_Q2_y_z_pT_phi_h)[0m (Histo Num 47957)
Fitting for: [1m(MultiDim_5D_Histo)_(BC_RC_Bayesian)_(SMEAR=Smear)_(Q2_y_Bin_4)_(z_pT_Bin_27)_(MultiDim_Q2_y_z_pT_phi_h)[0m (Histo Num 47958)
Fitting for: [1m(MultiDim_5D_Histo)_(BC_RC_Bayesian)_(SMEAR=Smear)_(Q2_y_Bin_4)_(z_pT_Bin_28)_(MultiDim_Q2_y_z_pT_phi_h)[0m (Histo Num 47959)
Fitting for: [1m(MultiDim_5D_Histo)_(BC_RC_Bayesian)_(SMEAR=Smear)_(Q2_y_Bin_4)_(z_pT_Bin_29)_(MultiDim_Q2_y_z_pT_phi_h)[0m (Histo Num 47960)
Fitting for: [1m(MultiDim_5D_Histo)_(BC_RC_Bayesian)_(SMEAR=Smear)_(Q2_y_Bin_4)_(z_pT_Bin_31)_(MultiDim_Q2_y_z_pT_phi_h)[0m (Histo Num 47961)
Fitting for: [1m(MultiDim_5D_Histo)_(BC_RC_Bayesian)_(SMEAR=Smear)_(Q2_y_Bin_4)_(z_pT_Bin_32)_(MultiDim_Q2_y_z_pT_phi_h)[0m (Histo Num 47962)
Fitting for: [1m(MultiDim_5D_Histo)_(BC_RC_Bayesian)_(SMEAR=Smear)_(Q2_y_Bin_4)_(z_pT_Bin_33)_(MultiDim_Q2_y_z_pT_phi_h)[0m (Histo Num 47963)
Fitting for: [1m(MultiDim_5D_Histo)_(BC_RC_Bayesian)_(SMEAR=Smear)_(Q2_y_Bin_4)_(z_pT_Bin_34)_(MultiDim_Q2_y_z_pT_phi_h)[0m (Histo Num 47964)
Fitting for: [1m(MultiDim_5D_Histo)_(BC_RC_Bayesian)_(SMEAR=Smear)_(Q2_y_Bin_6)_(z_pT_Bin_1)_(MultiDim_Q2_y_z_pT_phi_h)[0m (Histo Num 47997)
Fitting for: [1m(MultiDim_5D_Histo)_(BC_RC_Bayesian)_(SMEAR=Smear)_(Q2_y_Bin_6)_(z_pT_Bin_2)_(MultiDim_Q2_y_z_pT_phi_h)[0m (Histo Num 47998)
Fitting for: [1m(MultiDim_5D_Histo)_(BC_RC_Bayesian)_(SMEAR=Smear)_(Q2_y_Bin_6)_(z_pT_Bin_3)_(MultiDim_Q2_y_z_pT_phi_h)[0m (Histo Num 47999)
Fitting for: [1m(MultiDim_5D_Histo)_(BC_RC_Bayesian)_(SMEAR=Smear)_(Q2_y_Bin_6)_(z_pT_Bin_4)_(MultiDim_Q2_y_z_pT_phi_h)[0m (Histo Num 48000)
Fitting for: [1m(MultiDim_5D_Histo)_(BC_RC_Bayesian)_(SMEAR=Smear)_(Q2_y_Bin_6)_(z_pT_Bin_5)_(MultiDim_Q2_y_z_pT_phi_h)[0m (Histo Num 48001)
Fitting for: [1m(MultiDim_5D_Histo)_(BC_RC_Bayesian)_(SMEAR=Smear)_(Q2_y_Bin_6)_(z_pT_Bin_6)_(MultiDim_Q2_y_z_pT_phi_h)[0m (Histo Num 48002)
Fitting for: [1m(MultiDim_5D_Histo)_(BC_RC_Bayesian)_(SMEAR=Smear)_(Q2_y_Bin_6)_(z_pT_Bin_7)_(MultiDim_Q2_y_z_pT_phi_h)[0m (Histo Num 48003)
Fitting for: [1m(MultiDim_5D_Histo)_(BC_RC_Bayesian)_(SMEAR=Smear)_(Q2_y_Bin_6)_(z_pT_Bin_8)_(MultiDim_Q2_y_z_pT_phi_h)[0m (Histo Num 48004)
Fitting for: [1m(MultiDim_5D_Histo)_(BC_RC_Bayesian)_(SMEAR=Smear)_(Q2_y_Bin_6)_(z_pT_Bin_9)_(MultiDim_Q2_y_z_pT_phi_h)[0m (Histo Num 48005)
Fitting for: [1m(MultiDim_5D_Histo)_(BC_RC_Bayesian)_(SMEAR=Smear)_(Q2_y_Bin_6)_(z_pT_Bin_10)_(MultiDim_Q2_y_z_pT_phi_h)[0m (Histo Num 48006)
Fitting for: [1m(MultiDim_5D_Histo)_(BC_RC_Bayesian)_(SMEAR=Smear)_(Q2_y_Bin_6)_(z_pT_Bin_11)_(MultiDim_Q2_y_z_pT_phi_h)[0m (Histo Num 48007)
Fitting for: [1m(MultiDim_5D_Histo)_(BC_RC_Bayesian)_(SMEAR=Smear)_(Q2_y_Bin_6)_(z_pT_Bin_12)_(MultiDim_Q2_y_z_pT_phi_h)[0m (Histo Num 48008)
Fitting for: [1m(MultiDim_5D_Histo)_(BC_RC_Bayesian)_(SMEAR=Smear)_(Q2_y_Bin_6)_(z_pT_Bin_13)_(MultiDim_Q2_y_z_pT_phi_h)[0m (Histo Num 48009)
Fitting for: [1m(MultiDim_5D_Histo)_(BC_RC_Bayesian)_(SMEAR=Smear)_(Q2_y_Bin_6)_(z_pT_Bin_14)_(MultiDim_Q2_y_z_pT_phi_h)[0m (Histo Num 48010)
Fitting for: [1m(MultiDim_5D_Histo)_(BC_RC_Bayesian)_(SMEAR=Smear)_(Q2_y_Bin_6)_(z_pT_Bin_15)_(MultiDim_Q2_y_z_pT_phi_h)[0m (Histo Num 48011)
Fitting for: [1m(MultiDim_5D_Histo)_(BC_RC_Bayesian)_(SMEAR=Smear)_(Q2_y_Bin_6)_(z_pT_Bin_16)_(MultiDim_Q2_y_z_pT_phi_h)[0m (Histo Num 48012)
Fitting for: [1m(MultiDim_5D_Histo)_(BC_RC_Bayesian)_(SMEAR=Smear)_(Q2_y_Bin_6)_(z_pT_Bin_17)_(MultiDim_Q2_y_z_pT_phi_h)[0m (Histo Num 48013)
Fitting for: [1m(MultiDim_5D_Histo)_(BC_RC_Bayesian)_(SMEAR=Smear)_(Q2_y_Bin_6)_(z_pT_Bin_19)_(MultiDim_Q2_y_z_pT_phi_h)[0m (Histo Num 48014)
Fitting for: [1m(MultiDim_5D_Histo)_(BC_RC_Bayesian)_(SMEAR=Smear)_(Q2_y_Bin_6)_(z_pT_Bin_20)_(MultiDim_Q2_y_z_pT_phi_h)[0m (Histo Num 48015)
Fitting for: [1m(MultiDim_5D_Histo)_(BC_RC_Bayesian)_(SMEAR=Smear)_(Q2_y_Bin_6)_(z_pT_Bin_21)_(MultiDim_Q2_y_z_pT_phi_h)[0m (Histo Num 48016)
Fitting for: [1m(MultiDim_5D_Histo)_(BC_RC_Bayesian)_(SMEAR=Smear)_(Q2_y_Bin_6)_(z_pT_Bin_22)_(MultiDim_Q2_y_z_pT_phi_h)[0m (Histo Num 48017)
Fitting for: [1m(MultiDim_5D_Histo)_(BC_RC_Bayesian)_(SMEAR=Smear)_(Q2_y_Bin_6)_(z_pT_Bin_23)_(MultiDim_Q2_y_z_pT_phi_h)[0m (Histo Num 48018)
Fitting for: [1m(MultiDim_5D_Histo)_(BC_RC_Bayesian)_(SMEAR=Smear)_(Q2_y_Bin_6)_(z_pT_Bin_25)_(MultiDim_Q2_y_z_pT_phi_h)[0m (Histo Num 48019)
Fitting for: [1m(MultiDim_5D_Histo)_(BC_RC_Bayesian)_(SMEAR=Smear)_(Q2_y_Bin_6)_(z_pT_Bin_26)_(MultiDim_Q2_y_z_pT_phi_h)[0m (Histo Num 48020)
Fitting for: [1m(MultiDim_5D_Histo)_(BC_RC_Bayesian)_(SMEAR=Smear)_(Q2_y_Bin_6)_(z_pT_Bin_27)_(MultiDim_Q2_y_z_pT_phi_h)[0m (Histo Num 48021)
Fitting for: [1m(MultiDim_5D_Histo)_(BC_RC_Bayesian)_(SMEAR=Smear)_(Q2_y_Bin_6)_(z_pT_Bin_28)_(MultiDim_Q2_y_z_pT_phi_h)[0m (Histo Num 48022)
[91mSkipping: (MultiDim_3D_Histo)_(Bayesian)_(SMEAR=Smear)_(Q2_y_Bin_4)_(z_pT_Bin_7)_(MultiDim_z_pT_Bin_Y_bin_phi_t)_(Normalized)[0m (Histo Num 48974)
[91mSkipping: (MultiDim_3D_Histo)_(RC_Bayesian)_(SMEAR=Smear)_(Q2_y_Bin_4)_(z_pT_Bin_7)_(MultiDim_z_pT_Bin_Y_bin_phi_t)_(Normalized)[0m (Histo Num 48975)
[91mSkipping: (MultiDim_3D_Histo)_(BC_RC_Bayesian)_(SMEAR=Smear)_(Q2_y_Bin_4)_(z_pT_Bin_7)_(MultiDim_z_pT_Bin_Y_bin_phi_t)_(Normalized)[0m (Histo Num 48976)
[91mSkipping: (MultiDim_3D_Histo)_(Bayesian)_(SMEAR=Smear)_(Q2_y_Bin_4)_(z_pT_Bin_8)_(MultiDim_z_pT_Bin_Y_bin_phi_t)_(Normalized)[0m (Histo Num 48980)
[91mSkipping: (MultiDim_3D_Histo)_(RC_Bayesian)_(SMEAR=Smear)_(Q2_y_Bin_4)_(z_pT_Bin_8)_(MultiDim_z_pT_Bin_Y_bin_phi_t)_(Normalized)[0m (Histo Num 48981)
[91mSkipping: (MultiDim_3D_Histo)_(BC_RC_Bayesian)_(SMEAR=Smear)_(Q2_y_Bin_4)_(z_pT_Bin_8)_(MultiDim_z_pT_Bin_Y_bin_phi_t)_(Normalized)[0m (Histo Num 48982)
[91mSkipping: (MultiDim_3D_Histo)_(Bayesian)_(SMEAR=Smear)_(Q2_y_Bin_4)_(z_pT_Bin_9)_(MultiDim_z_pT_Bin_Y_bin_phi_t)_(Normalized)[0m (Histo Num 48986)
[91mSkipping: (MultiDim_3D_Histo)_(RC_Bayesian)_(SMEAR=Smear)_(Q2_y_Bin_4)_(z_pT_Bin_9)_(MultiDim_z_pT_Bin_Y_bin_phi_t)_(Normalized)[0m (Histo Num 48987)
[91mSkipping: (MultiDim_3D_Histo)_(BC_RC_Bayesian)_(SMEAR=Smear)_(Q2_y_Bin_4)_(z_pT_Bin_9)_(MultiDim_z_pT_Bin_Y_bin_phi_t)_(Normalized)[0m (Histo Num 48988)
[91mSkipping: (MultiDim_3D_Histo)_(Bayesian)_(SMEAR=Smear)_(Q2_y_Bin_4)_(z_pT_Bin_10)_(MultiDim_z_pT_Bin_Y_bin_phi_t)_(Normalized)[0m (Histo Num 48992)
[91mSkipping: (MultiDim_3D_Histo)_(RC_Bayesian)_(SMEAR=Smear)_(Q2_y_Bin_4)_(z_pT_Bin_10)_(MultiDim_z_pT_Bin_Y_bin_phi_t)_(Normalized)[0m (Histo Num 48993)
[91mSkipping: (MultiDim_3D_Histo)_(BC_RC_Bayesian)_(SMEAR=Smear)_(Q2_y_Bin_4)_(z_pT_Bin_10)_(MultiDim_z_pT_Bin_Y_bin_phi_t)_(Normalized)[0m (Histo Num 48994)
[91mSkipping: (MultiDim_3D_Histo)_(Bayesian)_(SMEAR=Smear)_(Q2_y_Bin_4)_(z_pT_Bin_11)_(MultiDim_z_pT_Bin_Y_bin_phi_t)_(Normalized)[0m (Histo Num 48998)
[91mSkipping: (MultiDim_3D_Histo)_(RC_Bayesian)_(SMEAR=Smear)_(Q2_y_Bin_4)_(z_pT_Bin_11)_(MultiDim_z_pT_Bin_Y_bin_phi_t)_(Normalized)[0m (Histo Num 48999)
[91mSkipping: (MultiDim_3D_Histo)_(BC_RC_Bayesian)_(SMEAR=Smear)_(Q2_y_Bin_4)_(z_pT_Bin_11)_(MultiDim_z_pT_Bin_Y_bin_phi_t)_(Normalized)[0m (Histo Num 49000)
[91mSkipping: (MultiDim_3D_Histo)_(Bayesian)_(SMEAR=Smear)_(Q2_y_Bin_4)_(z_pT_Bin_13)_(MultiDim_z_pT_Bin_Y_bin_phi_t)_(Normalized)[0m (Histo Num 49004)
[91mSkipping: (MultiDim_3D_Histo)_(RC_Bayesian)_(SMEAR=Smear)_(Q2_y_Bin_4)_(z_pT_Bin_13)_(MultiDim_z_pT_Bin_Y_bin_phi_t)_(Normalized)[0m (Histo Num 49005)
[91mSkipping: (MultiDim_3D_Histo)_(BC_RC_Bayesian)_(SMEAR=Smear)_(Q2_y_Bin_4)_(z_pT_Bin_13)_(MultiDim_z_pT_Bin_Y_bin_phi_t)_(Normalized)[0m (Histo Num 49006)
[91mSkipping: (MultiDim_3D_Histo)_(Bayesian)_(SMEAR=Smear)_(Q2_y_Bin_4)_(z_pT_Bin_14)_(MultiDim_z_pT_Bin_Y_bin_phi_t)_(Normalized)[0m (Histo Num 49010)
[91mSkipping: (MultiDim_3D_Histo)_(RC_Bayesian)_(SMEAR=Smear)_(Q2_y_Bin_4)_(z_pT_Bin_14)_(MultiDim_z_pT_Bin_Y_bin_phi_t)_(Normalized)[0m (Histo Num 49011)
[91mSkipping: (MultiDim_3D_Histo)_(BC_RC_Bayesian)_(SMEAR=Smear)_(Q2_y_Bin_4)_(z_pT_Bin_14)_(MultiDim_z_pT_Bin_Y_bin_phi_t)_(Normalized)[0m (Histo Num 49012)
[91mSkipping: (MultiDim_3D_Histo)_(Bayesian)_(SMEAR=Smear)_(Q2_y_Bin_4)_(z_pT_Bin_15)_(MultiDim_z_pT_Bin_Y_bin_phi_t)_(Normalized)[0m (Histo Num 49016)
[91mSkipping: (MultiDim_3D_Histo)_(RC_Bayesian)_(SMEAR=Smear)_(Q2_y_Bin_4)_(z_pT_Bin_15)_(MultiDim_z_pT_Bin_Y_bin_phi_t)_(Normalized)[0m (Histo Num 49017)
[91mSkipping: (MultiDim_3D_Histo)_(BC_RC_Bayesian)_(SMEAR=Smear)_(Q2_y_Bin_4)_(z_pT_Bin_15)_(MultiDim_z_pT_Bin_Y_bin_phi_t)_(Normalized)[0m (Histo Num 49018)
[91mSkipping: (MultiDim_3D_Histo)_(Bayesian)_(SMEAR=Smear)_(Q2_y_Bin_4)_(z_pT_Bin_16)_(MultiDim_z_pT_Bin_Y_bin_phi_t)_(Normalized)[0m (Histo Num 49022)
[91mSkipping: (MultiDim_3D_Histo)_(RC_Bayesian)_(SMEAR=Smear)_(Q2_y_Bin_4)_(z_pT_Bin_16)_(MultiDim_z_pT_Bin_Y_bin_phi_t)_(Normalized)[0m (Histo Num 49023)
[91mSkipping: (MultiDim_3D_Histo)_(BC_RC_Bayesian)_(SMEAR=Smear)_(Q2_y_Bin_4)_(z_pT_Bin_16)_(MultiDim_z_pT_Bin_Y_bin_phi_t)_(Normalized)[0m (Histo Num 49024)
[91mSkipping: (MultiDim_3D_Histo)_(Bayesian)_(SMEAR=Smear)_(Q2_y_Bin_4)_(z_pT_Bin_17)_(MultiDim_z_pT_Bin_Y_bin_phi_t)_(Normalized)[0m (Histo Num 49028)
[91mSkipping: (MultiDim_3D_Histo)_(RC_Bayesian)_(SMEAR=Smear)_(Q2_y_Bin_4)_(z_pT_Bin_17)_(MultiDim_z_pT_Bin_Y_bin_phi_t)_(Normalized)[0m (Histo Num 49029)
[91mSkipping: (MultiDim_3D_Histo)_(BC_RC_Bayesian)_(SMEAR=Smear)_(Q2_y_Bin_4)_(z_pT_Bin_17)_(MultiDim_z_pT_Bin_Y_bin_phi_t)_(Normalized)[0m (Histo Num 49030)
[91mSkipping: (MultiDim_3D_Histo)_(Bayesian)_(SMEAR=Smear)_(Q2_y_Bin_4)_(z_pT_Bin_19)_(MultiDim_z_pT_Bin_Y_bin_phi_t)_(Normalized)[0m (Histo Num 49034)
[91mSkipping: (MultiDim_3D_Histo)_(RC_Bayesian)_(SMEAR=Smear)_(Q2_y_Bin_4)_(z_pT_Bin_19)_(MultiDim_z_pT_Bin_Y_bin_phi_t)_(Normalized)[0m (Histo Num 49035)
[91mSkipping: (MultiDim_3D_Histo)_(BC_RC_Bayesian)_(SMEAR=Smear)_(Q2_y_Bin_4)_(z_pT_Bin_19)_(MultiDim_z_pT_Bin_Y_bin_phi_t)_(Normalized)[0m (Histo Num 49036)
[91mSkipping: (MultiDim_3D_Histo)_(Bayesian)_(SMEAR=Smear)_(Q2_y_Bin_4)_(z_pT_Bin_20)_(MultiDim_z_pT_Bin_Y_bin_phi_t)_(Normalized)[0m (Histo Num 49040)
[91mSkipping: (MultiDim_3D_Histo)_(RC_Bayesian)_(SMEAR=Smear)_(Q2_y_Bin_4)_(z_pT_Bin_20)_(MultiDim_z_pT_Bin_Y_bin_phi_t)_(Normalized)[0m (Histo Num 49041)
[91mSkipping: (MultiDim_3D_Histo)_(BC_RC_Bayesian)_(SMEAR=Smear)_(Q2_y_Bin_4)_(z_pT_Bin_20)_(MultiDim_z_pT_Bin_Y_bin_phi_t)_(Normalized)[0m (Histo Num 49042)
[91mSkipping: (MultiDim_3D_Histo)_(Bayesian)_(SMEAR=Smear)_(Q2_y_Bin_4)_(z_pT_Bin_21)_(MultiDim_z_pT_Bin_Y_bin_phi_t)_(Normalized)[0m (Histo Num 49046)
[91mSkipping: (MultiDim_3D_Histo)_(RC_Bayesian)_(SMEAR=Smear)_(Q2_y_Bin_4)_(z_pT_Bin_21)_(MultiDim_z_pT_Bin_Y_bin_phi_t)_(Normalized)[0m (Histo Num 49047)
[91mSkipping: (MultiDim_3D_Histo)_(BC_RC_Bayesian)_(SMEAR=Smear)_(Q2_y_Bin_4)_(z_pT_Bin_21)_(MultiDim_z_pT_Bin_Y_bin_phi_t)_(Normalized)[0m (Histo Num 49048)
[91mSkipping: (MultiDim_3D_Histo)_(Bayesian)_(SMEAR=Smear)_(Q2_y_Bin_4)_(z_pT_Bin_22)_(MultiDim_z_pT_Bin_Y_bin_phi_t)_(Normalized)[0m (Histo Num 49052)
[91mSkipping: (MultiDim_3D_Histo)_(RC_Bayesian)_(SMEAR=Smear)_(Q2_y_Bin_4)_(z_pT_Bin_22)_(MultiDim_z_pT_Bin_Y_bin_phi_t)_(Normalized)[0m (Histo Num 49053)
[91mSkipping: (MultiDim_3D_Histo)_(BC_RC_Bayesian)_(SMEAR=Smear)_(Q2_y_Bin_4)_(z_pT_Bin_22)_(MultiDim_z_pT_Bin_Y_bin_phi_t)_(Normalized)[0m (Histo Num 49054)
[91mSkipping: (MultiDim_3D_Histo)_(Bayesian)_(SMEAR=Smear)_(Q2_y_Bin_4)_(z_pT_Bin_23)_(MultiDim_z_pT_Bin_Y_bin_phi_t)_(Normalized)[0m (Histo Num 49058)
[91mSkipping: (MultiDim_3D_Histo)_(RC_Bayesian)_(SMEAR=Smear)_(Q2_y_Bin_4)_(z_pT_Bin_23)_(MultiDim_z_pT_Bin_Y_bin_phi_t)_(Normalized)[0m (Histo Num 49059)
[91mSkipping: (MultiDim_3D_Histo)_(BC_RC_Bayesian)_(SMEAR=Smear)_(Q2_y_Bin_4)_(z_pT_Bin_23)_(MultiDim_z_pT_Bin_Y_bin_phi_t)_(Normalized)[0m (Histo Num 49060)
[91mSkipping: (MultiDim_3D_Histo)_(Bayesian)_(SMEAR=Smear)_(Q2_y_Bin_4)_(z_pT_Bin_25)_(MultiDim_z_pT_Bin_Y_bin_phi_t)_(Normalized)[0m (Histo Num 49064)
[91mSkipping: (MultiDim_3D_Histo)_(RC_Bayesian)_(SMEAR=Smear)_(Q2_y_Bin_4)_(z_pT_Bin_25)_(MultiDim_z_pT_Bin_Y_bin_phi_t)_(Normalized)[0m (Histo Num 49065)
[91mSkipping: (MultiDim_3D_Histo)_(BC_RC_Bayesian)_(SMEAR=Smear)_(Q2_y_Bin_4)_(z_pT_Bin_25)_(MultiDim_z_pT_Bin_Y_bin_phi_t)_(Normalized)[0m (Histo Num 49066)
[91mSkipping: (MultiDim_3D_Histo)_(Bayesian)_(SMEAR=Smear)_(Q2_y_Bin_4)_(z_pT_Bin_26)_(MultiDim_z_pT_Bin_Y_bin_phi_t)_(Normalized)[0m (Histo Num 49070)
[91mSkipping: (MultiDim_3D_Histo)_(RC_Bayesian)_(SMEAR=Smear)_(Q2_y_Bin_4)_(z_pT_Bin_26)_(MultiDim_z_pT_Bin_Y_bin_phi_t)_(Normalized)[0m (Histo Num 49071)
[91mSkipping: (MultiDim_3D_Histo)_(BC_RC_Bayesian)_(SMEAR=Smear)_(Q2_y_Bin_4)_(z_pT_Bin_26)_(MultiDim_z_pT_Bin_Y_bin_phi_t)_(Normalized)[0m (Histo Num 49072)
[91mSkipping: (MultiDim_3D_Histo)_(Bayesian)_(SMEAR=Smear)_(Q2_y_Bin_4)_(z_pT_Bin_27)_(MultiDim_z_pT_Bin_Y_bin_phi_t)_(Normalized)[0m (Histo Num 49076)
[91mSkipping: (MultiDim_3D_Histo)_(RC_Bayesian)_(SMEAR=Smear)_(Q2_y_Bin_4)_(z_pT_Bin_27)_(MultiDim_z_pT_Bin_Y_bin_phi_t)_(Normalized)[0m (Histo Num 49077)
[91mSkipping: (MultiDim_3D_Histo)_(BC_RC_Bayesian)_(SMEAR=Smear)_(Q2_y_Bin_4)_(z_pT_Bin_27)_(MultiDim_z_pT_Bin_Y_bin_phi_t)_(Normalized)[0m (Histo Num 49078)
[91mSkipping: (MultiDim_3D_Histo)_(Bayesian)_(SMEAR=Smear)_(Q2_y_Bin_4)_(z_pT_Bin_28)_(MultiDim_z_pT_Bin_Y_bin_phi_t)_(Normalized)[0m (Histo Num 49082)
[91mSkipping: (MultiDim_3D_Histo)_(RC_Bayesian)_(SMEAR=Smear)_(Q2_y_Bin_4)_(z_pT_Bin_28)_(MultiDim_z_pT_Bin_Y_bin_phi_t)_(Normalized)[0m (Histo Num 49083)
[91mSkipping: (MultiDim_3D_Histo)_(BC_RC_Bayesian)_(SMEAR=Smear)_(Q2_y_Bin_4)_(z_pT_Bin_28)_(MultiDim_z_pT_Bin_Y_bin_phi_t)_(Normalized)[0m (Histo Num 49084)
[91mSkipping: (MultiDim_3D_Histo)_(Bayesian)_(SMEAR=Smear)_(Q2_y_Bin_4)_(z_pT_Bin_29)_(MultiDim_z_pT_Bin_Y_bin_phi_t)_(Normalized)[0m (Histo Num 49088)
[91mSkipping: (MultiDim_3D_Histo)_(RC_Bayesian)_(SMEAR=Smear)_(Q2_y_Bin_4)_(z_pT_Bin_29)_(MultiDim_z_pT_Bin_Y_bin_phi_t)_(Normalized)[0m (Histo Num 49089)
[91mSkipping: (MultiDim_3D_Histo)_(BC_RC_Bayesian)_(SMEAR=Smear)_(Q2_y_Bin_4)_(z_pT_Bin_29)_(MultiDim_z_pT_Bin_Y_bin_phi_t)_(Normalized)[0m (Histo Num 49090)
[91mSkipping: (MultiDim_3D_Histo)_(Bayesian)_(SMEAR=Smear)_(Q2_y_Bin_4)_(z_pT_Bin_31)_(MultiDim_z_pT_Bin_Y_bin_phi_t)_(Normalized)[0m (Histo Num 49094)
[91mSkipping: (MultiDim_3D_Histo)_(RC_Bayesian)_(SMEAR=Smear)_(Q2_y_Bin_4)_(z_pT_Bin_31)_(MultiDim_z_pT_Bin_Y_bin_phi_t)_(Normalized)[0m (Histo Num 49095)
[91mSkipping: (MultiDim_3D_Histo)_(BC_RC_Bayesian)_(SMEAR=Smear)_(Q2_y_Bin_4)_(z_pT_Bin_31)_(MultiDim_z_pT_Bin_Y_bin_phi_t)_(Normalized)[0m (Histo Num 49096)
[91mSkipping: (MultiDim_3D_Histo)_(Bayesian)_(SMEAR=Smear)_(Q2_y_Bin_4)_(z_pT_Bin_32)_(MultiDim_z_pT_Bin_Y_bin_phi_t)_(Normalized)[0m (Histo Num 49100)
[91mSkipping: (MultiDim_3D_Histo)_(RC_Bayesian)_(SMEAR=Smear)_(Q2_y_Bin_4)_(z_pT_Bin_32)_(MultiDim_z_pT_Bin_Y_bin_phi_t)_(Normalized)[0m (Histo Num 49101)
[91mSkipping: (MultiDim_3D_Histo)_(BC_RC_Bayesian)_(SMEAR=Smear)_(Q2_y_Bin_4)_(z_pT_Bin_32)_(MultiDim_z_pT_Bin_Y_bin_phi_t)_(Normalized)[0m (Histo Num 49102)
[91mSkipping: (MultiDim_3D_Histo)_(Bayesian)_(SMEAR=Smear)_(Q2_y_Bin_4)_(z_pT_Bin_33)_(MultiDim_z_pT_Bin_Y_bin_phi_t)_(Normalized)[0m (Histo Num 49106)
[91mSkipping: (MultiDim_3D_Histo)_(RC_Bayesian)_(SMEAR=Smear)_(Q2_y_Bin_4)_(z_pT_Bin_33)_(MultiDim_z_pT_Bin_Y_bin_phi_t)_(Normalized)[0m (Histo Num 49107)
[91mSkipping: (MultiDim_3D_Histo)_(BC_RC_Bayesian)_(SMEAR=Smear)_(Q2_y_Bin_4)_(z_pT_Bin_33)_(MultiDim_z_pT_Bin_Y_bin_phi_t)_(Normalized)[0m (Histo Num 49108)
[91mSkipping: (MultiDim_3D_Histo)_(Bayesian)_(SMEAR=Smear)_(Q2_y_Bin_4)_(z_pT_Bin_34)_(MultiDim_z_pT_Bin_Y_bin_phi_t)_(Normalized)[0m (Histo Num 49112)
[91mSkipping: (MultiDim_3D_Histo)_(RC_Bayesian)_(SMEAR=Smear)_(Q2_y_Bin_4)_(z_pT_Bin_34)_(MultiDim_z_pT_Bin_Y_bin_phi_t)_(Normalized)[0m (Histo Num 49113)
[91mSkipping: (MultiDim_3D_Histo)_(BC_RC_Bayesian)_(SMEAR=Smear)_(Q2_y_Bin_4)_(z_pT_Bin_34)_(MultiDim_z_pT_Bin_Y_bin_phi_t)_(Normalized)[0m (Histo Num 49114)
[91mSkipping: (MultiDim_3D_Histo)_(Bayesian)_(SMEAR=Smear)_(Q2_y_Bin_6)_(z_pT_Bin_1)_(MultiDim_z_pT_Bin_Y_bin_phi_t)_(Normalized)[0m (Histo Num 49310)
[91mSkipping: (MultiDim_3D_Histo)_(RC_Bayesian)_(SMEAR=Smear)_(Q2_y_Bin_6)_(z_pT_Bin_1)_(MultiDim_z_pT_Bin_Y_bin_phi_t)_(Normalized)[0m (Histo Num 49311)
[91mSkipping: (MultiDim_3D_Histo)_(BC_RC_Bayesian)_(SMEAR=Smear)_(Q2_y_Bin_6)_(z_pT_Bin_1)_(MultiDim_z_pT_Bin_Y_bin_phi_t)_(Normalized)[0m (Histo Num 49312)
[91mSkipping: (MultiDim_3D_Histo)_(Bayesian)_(SMEAR=Smear)_(Q2_y_Bin_6)_(z_pT_Bin_2)_(MultiDim_z_pT_Bin_Y_bin_phi_t)_(Normalized)[0m (Histo Num 49316)
[91mSkipping: (MultiDim_3D_Histo)_(RC_Bayesian)_(SMEAR=Smear)_(Q2_y_Bin_6)_(z_pT_Bin_2)_(MultiDim_z_pT_Bin_Y_bin_phi_t)_(Normalized)[0m (Histo Num 49317)
[91mSkipping: (MultiDim_3D_Histo)_(BC_RC_Bayesian)_(SMEAR=Smear)_(Q2_y_Bin_6)_(z_pT_Bin_2)_(MultiDim_z_pT_Bin_Y_bin_phi_t)_(Normalized)[0m (Histo Num 49318)
[91mSkipping: (MultiDim_3D_Histo)_(Bayesian)_(SMEAR=Smear)_(Q2_y_Bin_6)_(z_pT_Bin_3)_(MultiDim_z_pT_Bin_Y_bin_phi_t)_(Normalized)[0m (Histo Num 49322)
[91mSkipping: (MultiDim_3D_Histo)_(RC_Bayesian)_(SMEAR=Smear)_(Q2_y_Bin_6)_(z_pT_Bin_3)_(MultiDim_z_pT_Bin_Y_bin_phi_t)_(Normalized)[0m (Histo Num 49323)
[91mSkipping: (MultiDim_3D_Histo)_(BC_RC_Bayesian)_(SMEAR=Smear)_(Q2_y_Bin_6)_(z_pT_Bin_3)_(MultiDim_z_pT_Bin_Y_bin_phi_t)_(Normalized)[0m (Histo Num 49324)
[91mSkipping: (MultiDim_3D_Histo)_(Bayesian)_(SMEAR=Smear)_(Q2_y_Bin_6)_(z_pT_Bin_4)_(MultiDim_z_pT_Bin_Y_bin_phi_t)_(Normalized)[0m (Histo Num 49328)
[91mSkipping: (MultiDim_3D_Histo)_(RC_Bayesian)_(SMEAR=Smear)_(Q2_y_Bin_6)_(z_pT_Bin_4)_(MultiDim_z_pT_Bin_Y_bin_phi_t)_(Normalized)[0m (Histo Num 49329)
[91mSkipping: (MultiDim_3D_Histo)_(BC_RC_Bayesian)_(SMEAR=Smear)_(Q2_y_Bin_6)_(z_pT_Bin_4)_(MultiDim_z_pT_Bin_Y_bin_phi_t)_(Normalized)[0m (Histo Num 49330)
[91mSkipping: (MultiDim_3D_Histo)_(Bayesian)_(SMEAR=Smear)_(Q2_y_Bin_6)_(z_pT_Bin_5)_(MultiDim_z_pT_Bin_Y_bin_phi_t)_(Normalized)[0m (Histo Num 49334)
[91mSkipping: (MultiDim_3D_Histo)_(RC_Bayesian)_(SMEAR=Smear)_(Q2_y_Bin_6)_(z_pT_Bin_5)_(MultiDim_z_pT_Bin_Y_bin_phi_t)_(Normalized)[0m (Histo Num 49335)
[91mSkipping: (MultiDim_3D_Histo)_(BC_RC_Bayesian)_(SMEAR=Smear)_(Q2_y_Bin_6)_(z_pT_Bin_5)_(MultiDim_z_pT_Bin_Y_bin_phi_t)_(Normalized)[0m (Histo Num 49336)
[91mSkipping: (MultiDim_3D_Histo)_(Bayesian)_(SMEAR=Smear)_(Q2_y_Bin_6)_(z_pT_Bin_6)_(MultiDim_z_pT_Bin_Y_bin_phi_t)_(Normalized)[0m (Histo Num 49340)
[91mSkipping: (MultiDim_3D_Histo)_(RC_Bayesian)_(SMEAR=Smear)_(Q2_y_Bin_6)_(z_pT_Bin_6)_(MultiDim_z_pT_Bin_Y_bin_phi_t)_(Normalized)[0m (Histo Num 49341)
[91mSkipping: (MultiDim_3D_Histo)_(BC_RC_Bayesian)_(SMEAR=Smear)_(Q2_y_Bin_6)_(z_pT_Bin_6)_(MultiDim_z_pT_Bin_Y_bin_phi_t)_(Normalized)[0m (Histo Num 49342)
[91mSkipping: (MultiDim_3D_Histo)_(Bayesian)_(SMEAR=Smear)_(Q2_y_Bin_6)_(z_pT_Bin_7)_(MultiDim_z_pT_Bin_Y_bin_phi_t)_(Normalized)[0m (Histo Num 49346)
[91mSkipping: (MultiDim_3D_Histo)_(RC_Bayesian)_(SMEAR=Smear)_(Q2_y_Bin_6)_(z_pT_Bin_7)_(MultiDim_z_pT_Bin_Y_bin_phi_t)_(Normalized)[0m (Histo Num 49347)
[91mSkipping: (MultiDim_3D_Histo)_(BC_RC_Bayesian)_(SMEAR=Smear)_(Q2_y_Bin_6)_(z_pT_Bin_7)_(MultiDim_z_pT_Bin_Y_bin_phi_t)_(Normalized)[0m (Histo Num 49348)
[91mSkipping: (MultiDim_3D_Histo)_(Bayesian)_(SMEAR=Smear)_(Q2_y_Bin_6)_(z_pT_Bin_8)_(MultiDim_z_pT_Bin_Y_bin_phi_t)_(Normalized)[0m (Histo Num 49352)
[91mSkipping: (MultiDim_3D_Histo)_(RC_Bayesian)_(SMEAR=Smear)_(Q2_y_Bin_6)_(z_pT_Bin_8)_(MultiDim_z_pT_Bin_Y_bin_phi_t)_(Normalized)[0m (Histo Num 49353)
[91mSkipping: (MultiDim_3D_Histo)_(BC_RC_Bayesian)_(SMEAR=Smear)_(Q2_y_Bin_6)_(z_pT_Bin_8)_(MultiDim_z_pT_Bin_Y_bin_phi_t)_(Normalized)[0m (Histo Num 49354)
[91mSkipping: (MultiDim_3D_Histo)_(Bayesian)_(SMEAR=Smear)_(Q2_y_Bin_6)_(z_pT_Bin_9)_(MultiDim_z_pT_Bin_Y_bin_phi_t)_(Normalized)[0m (Histo Num 49358)
[91mSkipping: (MultiDim_3D_Histo)_(RC_Bayesian)_(SMEAR=Smear)_(Q2_y_Bin_6)_(z_pT_Bin_9)_(MultiDim_z_pT_Bin_Y_bin_phi_t)_(Normalized)[0m (Histo Num 49359)
[91mSkipping: (MultiDim_3D_Histo)_(BC_RC_Bayesian)_(SMEAR=Smear)_(Q2_y_Bin_6)_(z_pT_Bin_9)_(MultiDim_z_pT_Bin_Y_bin_phi_t)_(Normalized)[0m (Histo Num 49360)
[91mSkipping: (MultiDim_3D_Histo)_(Bayesian)_(SMEAR=Smear)_(Q2_y_Bin_6)_(z_pT_Bin_10)_(MultiDim_z_pT_Bin_Y_bin_phi_t)_(Normalized)[0m (Histo Num 49364)
[91mSkipping: (MultiDim_3D_Histo)_(RC_Bayesian)_(SMEAR=Smear)_(Q2_y_Bin_6)_(z_pT_Bin_10)_(MultiDim_z_pT_Bin_Y_bin_phi_t)_(Normalized)[0m (Histo Num 49365)
[91mSkipping: (MultiDim_3D_Histo)_(BC_RC_Bayesian)_(SMEAR=Smear)_(Q2_y_Bin_6)_(z_pT_Bin_10)_(MultiDim_z_pT_Bin_Y_bin_phi_t)_(Normalized)[0m (Histo Num 49366)
[91mSkipping: (MultiDim_3D_Histo)_(Bayesian)_(SMEAR=Smear)_(Q2_y_Bin_6)_(z_pT_Bin_11)_(MultiDim_z_pT_Bin_Y_bin_phi_t)_(Normalized)[0m (Histo Num 49370)
[91mSkipping: (MultiDim_3D_Histo)_(RC_Bayesian)_(SMEAR=Smear)_(Q2_y_Bin_6)_(z_pT_Bin_11)_(MultiDim_z_pT_Bin_Y_bin_phi_t)_(Normalized)[0m (Histo Num 49371)
[91mSkipping: (MultiDim_3D_Histo)_(BC_RC_Bayesian)_(SMEAR=Smear)_(Q2_y_Bin_6)_(z_pT_Bin_11)_(MultiDim_z_pT_Bin_Y_bin_phi_t)_(Normalized)[0m (Histo Num 49372)
[91mSkipping: (MultiDim_3D_Histo)_(Bayesian)_(SMEAR=Smear)_(Q2_y_Bin_6)_(z_pT_Bin_12)_(MultiDim_z_pT_Bin_Y_bin_phi_t)_(Normalized)[0m (Histo Num 49376)
[91mSkipping: (MultiDim_3D_Histo)_(RC_Bayesian)_(SMEAR=Smear)_(Q2_y_Bin_6)_(z_pT_Bin_12)_(MultiDim_z_pT_Bin_Y_bin_phi_t)_(Normalized)[0m (Histo Num 49377)
[91mSkipping: (MultiDim_3D_Histo)_(BC_RC_Bayesian)_(SMEAR=Smear)_(Q2_y_Bin_6)_(z_pT_Bin_12)_(MultiDim_z_pT_Bin_Y_bin_phi_t)_(Normalized)[0m (Histo Num 49378)
[91mSkipping: (MultiDim_3D_Histo)_(Bayesian)_(SMEAR=Smear)_(Q2_y_Bin_6)_(z_pT_Bin_13)_(MultiDim_z_pT_Bin_Y_bin_phi_t)_(Normalized)[0m (Histo Num 49382)
[91mSkipping: (MultiDim_3D_Histo)_(RC_Bayesian)_(SMEAR=Smear)_(Q2_y_Bin_6)_(z_pT_Bin_13)_(MultiDim_z_pT_Bin_Y_bin_phi_t)_(Normalized)[0m (Histo Num 49383)
[91mSkipping: (MultiDim_3D_Histo)_(BC_RC_Bayesian)_(SMEAR=Smear)_(Q2_y_Bin_6)_(z_pT_Bin_13)_(MultiDim_z_pT_Bin_Y_bin_phi_t)_(Normalized)[0m (Histo Num 49384)
[91mSkipping: (MultiDim_3D_Histo)_(Bayesian)_(SMEAR=Smear)_(Q2_y_Bin_6)_(z_pT_Bin_14)_(MultiDim_z_pT_Bin_Y_bin_phi_t)_(Normalized)[0m (Histo Num 49388)
[91mSkipping: (MultiDim_3D_Histo)_(RC_Bayesian)_(SMEAR=Smear)_(Q2_y_Bin_6)_(z_pT_Bin_14)_(MultiDim_z_pT_Bin_Y_bin_phi_t)_(Normalized)[0m (Histo Num 49389)
[91mSkipping: (MultiDim_3D_Histo)_(BC_RC_Bayesian)_(SMEAR=Smear)_(Q2_y_Bin_6)_(z_pT_Bin_14)_(MultiDim_z_pT_Bin_Y_bin_phi_t)_(Normalized)[0m (Histo Num 49390)
[91mSkipping: (MultiDim_3D_Histo)_(Bayesian)_(SMEAR=Smear)_(Q2_y_Bin_6)_(z_pT_Bin_15)_(MultiDim_z_pT_Bin_Y_bin_phi_t)_(Normalized)[0m (Histo Num 49394)
[91mSkipping: (MultiDim_3D_Histo)_(RC_Bayesian)_(SMEAR=Smear)_(Q2_y_Bin_6)_(z_pT_Bin_15)_(MultiDim_z_pT_Bin_Y_bin_phi_t)_(Normalized)[0m (Histo Num 49395)
[91mSkipping: (MultiDim_3D_Histo)_(BC_RC_Bayesian)_(SMEAR=Smear)_(Q2_y_Bin_6)_(z_pT_Bin_15)_(MultiDim_z_pT_Bin_Y_bin_phi_t)_(Normalized)[0m (Histo Num 49396)
[91mSkipping: (MultiDim_3D_Histo)_(Bayesian)_(SMEAR=Smear)_(Q2_y_Bin_6)_(z_pT_Bin_16)_(MultiDim_z_pT_Bin_Y_bin_phi_t)_(Normalized)[0m (Histo Num 49400)
[91mSkipping: (MultiDim_3D_Histo)_(RC_Bayesian)_(SMEAR=Smear)_(Q2_y_Bin_6)_(z_pT_Bin_16)_(MultiDim_z_pT_Bin_Y_bin_phi_t)_(Normalized)[0m (Histo Num 49401)
[91mSkipping: (MultiDim_3D_Histo)_(BC_RC_Bayesian)_(SMEAR=Smear)_(Q2_y_Bin_6)_(z_pT_Bin_16)_(MultiDim_z_pT_Bin_Y_bin_phi_t)_(Normalized)[0m (Histo Num 49402)
[91mSkipping: (MultiDim_3D_Histo)_(Bayesian)_(SMEAR=Smear)_(Q2_y_Bin_6)_(z_pT_Bin_17)_(MultiDim_z_pT_Bin_Y_bin_phi_t)_(Normalized)[0m (Histo Num 49406)
[91mSkipping: (MultiDim_3D_Histo)_(RC_Bayesian)_(SMEAR=Smear)_(Q2_y_Bin_6)_(z_pT_Bin_17)_(MultiDim_z_pT_Bin_Y_bin_phi_t)_(Normalized)[0m (Histo Num 49407)
[91mSkipping: (MultiDim_3D_Histo)_(BC_RC_Bayesian)_(SMEAR=Smear)_(Q2_y_Bin_6)_(z_pT_Bin_17)_(MultiDim_z_pT_Bin_Y_bin_phi_t)_(Normalized)[0m (Histo Num 49408)
[91mSkipping: (MultiDim_3D_Histo)_(Bayesian)_(SMEAR=Smear)_(Q2_y_Bin_6)_(z_pT_Bin_19)_(MultiDim_z_pT_Bin_Y_bin_phi_t)_(Normalized)[0m (Histo Num 49412)
[91mSkipping: (MultiDim_3D_Histo)_(RC_Bayesian)_(SMEAR=Smear)_(Q2_y_Bin_6)_(z_pT_Bin_19)_(MultiDim_z_pT_Bin_Y_bin_phi_t)_(Normalized)[0m (Histo Num 49413)
[91mSkipping: (MultiDim_3D_Histo)_(BC_RC_Bayesian)_(SMEAR=Smear)_(Q2_y_Bin_6)_(z_pT_Bin_19)_(MultiDim_z_pT_Bin_Y_bin_phi_t)_(Normalized)[0m (Histo Num 49414)
[91mSkipping: (MultiDim_3D_Histo)_(Bayesian)_(SMEAR=Smear)_(Q2_y_Bin_6)_(z_pT_Bin_20)_(MultiDim_z_pT_Bin_Y_bin_phi_t)_(Normalized)[0m (Histo Num 49418)
[91mSkipping: (MultiDim_3D_Histo)_(RC_Bayesian)_(SMEAR=Smear)_(Q2_y_Bin_6)_(z_pT_Bin_20)_(MultiDim_z_pT_Bin_Y_bin_phi_t)_(Normalized)[0m (Histo Num 49419)
[91mSkipping: (MultiDim_3D_Histo)_(BC_RC_Bayesian)_(SMEAR=Smear)_(Q2_y_Bin_6)_(z_pT_Bin_20)_(MultiDim_z_pT_Bin_Y_bin_phi_t)_(Normalized)[0m (Histo Num 49420)
[91mSkipping: (MultiDim_3D_Histo)_(Bayesian)_(SMEAR=Smear)_(Q2_y_Bin_6)_(z_pT_Bin_21)_(MultiDim_z_pT_Bin_Y_bin_phi_t)_(Normalized)[0m (Histo Num 49424)
[91mSkipping: (MultiDim_3D_Histo)_(RC_Bayesian)_(SMEAR=Smear)_(Q2_y_Bin_6)_(z_pT_Bin_21)_(MultiDim_z_pT_Bin_Y_bin_phi_t)_(Normalized)[0m (Histo Num 49425)
[91mSkipping: (MultiDim_3D_Histo)_(BC_RC_Bayesian)_(SMEAR=Smear)_(Q2_y_Bin_6)_(z_pT_Bin_21)_(MultiDim_z_pT_Bin_Y_bin_phi_t)_(Normalized)[0m (Histo Num 49426)
[91mSkipping: (MultiDim_3D_Histo)_(Bayesian)_(SMEAR=Smear)_(Q2_y_Bin_6)_(z_pT_Bin_22)_(MultiDim_z_pT_Bin_Y_bin_phi_t)_(Normalized)[0m (Histo Num 49430)
[91mSkipping: (MultiDim_3D_Histo)_(RC_Bayesian)_(SMEAR=Smear)_(Q2_y_Bin_6)_(z_pT_Bin_22)_(MultiDim_z_pT_Bin_Y_bin_phi_t)_(Normalized)[0m (Histo Num 49431)
[91mSkipping: (MultiDim_3D_Histo)_(BC_RC_Bayesian)_(SMEAR=Smear)_(Q2_y_Bin_6)_(z_pT_Bin_22)_(MultiDim_z_pT_Bin_Y_bin_phi_t)_(Normalized)[0m (Histo Num 49432)
[91mSkipping: (MultiDim_3D_Histo)_(Bayesian)_(SMEAR=Smear)_(Q2_y_Bin_6)_(z_pT_Bin_23)_(MultiDim_z_pT_Bin_Y_bin_phi_t)_(Normalized)[0m (Histo Num 49436)
[91mSkipping: (MultiDim_3D_Histo)_(RC_Bayesian)_(SMEAR=Smear)_(Q2_y_Bin_6)_(z_pT_Bin_23)_(MultiDim_z_pT_Bin_Y_bin_phi_t)_(Normalized)[0m (Histo Num 49437)
[91mSkipping: (MultiDim_3D_Histo)_(BC_RC_Bayesian)_(SMEAR=Smear)_(Q2_y_Bin_6)_(z_pT_Bin_23)_(MultiDim_z_pT_Bin_Y_bin_phi_t)_(Normalized)[0m (Histo Num 49438)
[91mSkipping: (MultiDim_3D_Histo)_(Bayesian)_(SMEAR=Smear)_(Q2_y_Bin_6)_(z_pT_Bin_25)_(MultiDim_z_pT_Bin_Y_bin_phi_t)_(Normalized)[0m (Histo Num 49442)
[91mSkipping: (MultiDim_3D_Histo)_(RC_Bayesian)_(SMEAR=Smear)_(Q2_y_Bin_6)_(z_pT_Bin_25)_(MultiDim_z_pT_Bin_Y_bin_phi_t)_(Normalized)[0m (Histo Num 49443)
[91mSkipping: (MultiDim_3D_Histo)_(BC_RC_Bayesian)_(SMEAR=Smear)_(Q2_y_Bin_6)_(z_pT_Bin_25)_(MultiDim_z_pT_Bin_Y_bin_phi_t)_(Normalized)[0m (Histo Num 49444)
[91mSkipping: (MultiDim_3D_Histo)_(Bayesian)_(SMEAR=Smear)_(Q2_y_Bin_6)_(z_pT_Bin_26)_(MultiDim_z_pT_Bin_Y_bin_phi_t)_(Normalized)[0m (Histo Num 49448)
[91mSkipping: (MultiDim_3D_Histo)_(RC_Bayesian)_(SMEAR=Smear)_(Q2_y_Bin_6)_(z_pT_Bin_26)_(MultiDim_z_pT_Bin_Y_bin_phi_t)_(Normalized)[0m (Histo Num 49449)
[91mSkipping: (MultiDim_3D_Histo)_(BC_RC_Bayesian)_(SMEAR=Smear)_(Q2_y_Bin_6)_(z_pT_Bin_26)_(MultiDim_z_pT_Bin_Y_bin_phi_t)_(Normalized)[0m (Histo Num 49450)
[91mSkipping: (MultiDim_3D_Histo)_(Bayesian)_(SMEAR=Smear)_(Q2_y_Bin_6)_(z_pT_Bin_27)_(MultiDim_z_pT_Bin_Y_bin_phi_t)_(Normalized)[0m (Histo Num 49454)
[91mSkipping: (MultiDim_3D_Histo)_(RC_Bayesian)_(SMEAR=Smear)_(Q2_y_Bin_6)_(z_pT_Bin_27)_(MultiDim_z_pT_Bin_Y_bin_phi_t)_(Normalized)[0m (Histo Num 49455)
[91mSkipping: (MultiDim_3D_Histo)_(BC_RC_Bayesian)_(SMEAR=Smear)_(Q2_y_Bin_6)_(z_pT_Bin_27)_(MultiDim_z_pT_Bin_Y_bin_phi_t)_(Normalized)[0m (Histo Num 49456)
[91mSkipping: (MultiDim_3D_Histo)_(Bayesian)_(SMEAR=Smear)_(Q2_y_Bin_6)_(z_pT_Bin_28)_(MultiDim_z_pT_Bin_Y_bin_phi_t)_(Normalized)[0m (Histo Num 49460)
[91mSkipping: (MultiDim_3D_Histo)_(RC_Bayesian)_(SMEAR=Smear)_(Q2_y_Bin_6)_(z_pT_Bin_28)_(MultiDim_z_pT_Bin_Y_bin_phi_t)_(Normalized)[0m (Histo Num 49461)
[91mSkipping: (MultiDim_3D_Histo)_(BC_RC_Bayesian)_(SMEAR=Smear)_(Q2_y_Bin_6)_(z_pT_Bin_28)_(MultiDim_z_pT_Bin_Y_bin_phi_t)_(Normalized)[0m (Histo Num 49462)
Fitting for: [1m(MultiDim_5D_Histo)_(Bayesian)_(SMEAR=Smear)_(Q2_y_Bin_4)_(z_pT_Bin_7)_(MultiDim_Q2_y_z_pT_phi_h)_(Normalized)[0m (Histo Num 53047)
Fitting for: [1m(MultiDim_5D_Histo)_(RC_Bayesian)_(SMEAR=Smear)_(Q2_y_Bin_4)_(z_pT_Bin_7)_(MultiDim_Q2_y_z_pT_phi_h)_(Normalized)[0m (Histo Num 53048)
Fitting for: [1m(MultiDim_5D_Histo)_(BC_RC_Bayesian)_(SMEAR=Smear)_(Q2_y_Bin_4)_(z_pT_Bin_7)_(MultiDim_Q2_y_z_pT_phi_h)_(Normalized)[0m (Histo Num 53049)
Fitting for: [1m(MultiDim_5D_Histo)_(Bayesian)_(SMEAR=Smear)_(Q2_y_Bin_4)_(z_pT_Bin_8)_(MultiDim_Q2_y_z_pT_phi_h)_(Normalized)[0m (Histo Num 53051)
Fitting for: [1m(MultiDim_5D_Histo)_(RC_Bayesian)_(SMEAR=Smear)_(Q2_y_Bin_4)_(z_pT_Bin_8)_(MultiDim_Q2_y_z_pT_phi_h)_(Normalized)[0m (Histo Num 53052)
Fitting for: [1m(MultiDim_5D_Histo)_(BC_RC_Bayesian)_(SMEAR=Smear)_(Q2_y_Bin_4)_(z_pT_Bin_8)_(MultiDim_Q2_y_z_pT_phi_h)_(Normalized)[0m (Histo Num 53053)
Fitting for: [1m(MultiDim_5D_Histo)_(Bayesian)_(SMEAR=Smear)_(Q2_y_Bin_4)_(z_pT_Bin_9)_(MultiDim_Q2_y_z_pT_phi_h)_(Normalized)[0m (Histo Num 53055)
Fitting for: [1m(MultiDim_5D_Histo)_(RC_Bayesian)_(SMEAR=Smear)_(Q2_y_Bin_4)_(z_pT_Bin_9)_(MultiDim_Q2_y_z_pT_phi_h)_(Normalized)[0m (Histo Num 53056)
Fitting for: [1m(MultiDim_5D_Histo)_(BC_RC_Bayesian)_(SMEAR=Smear)_(Q2_y_Bin_4)_(z_pT_Bin_9)_(MultiDim_Q2_y_z_pT_phi_h)_(Normalized)[0m (Histo Num 53057)
Fitting for: [1m(MultiDim_5D_Histo)_(Bayesian)_(SMEAR=Smear)_(Q2_y_Bin_4)_(z_pT_Bin_10)_(MultiDim_Q2_y_z_pT_phi_h)_(Normalized)[0m (Histo Num 53059)
Fitting for: [1m(MultiDim_5D_Histo)_(RC_Bayesian)_(SMEAR=Smear)_(Q2_y_Bin_4)_(z_pT_Bin_10)_(MultiDim_Q2_y_z_pT_phi_h)_(Normalized)[0m (Histo Num 53060)
Fitting for: [1m(MultiDim_5D_Histo)_(BC_RC_Bayesian)_(SMEAR=Smear)_(Q2_y_Bin_4)_(z_pT_Bin_10)_(MultiDim_Q2_y_z_pT_phi_h)_(Normalized)[0m (Histo Num 53061)
Fitting for: [1m(MultiDim_5D_Histo)_(Bayesian)_(SMEAR=Smear)_(Q2_y_Bin_4)_(z_pT_Bin_11)_(MultiDim_Q2_y_z_pT_phi_h)_(Normalized)[0m (Histo Num 53063)
Fitting for: [1m(MultiDim_5D_Histo)_(RC_Bayesian)_(SMEAR=Smear)_(Q2_y_Bin_4)_(z_pT_Bin_11)_(MultiDim_Q2_y_z_pT_phi_h)_(Normalized)[0m (Histo Num 53064)
Fitting for: [1m(MultiDim_5D_Histo)_(BC_RC_Bayesian)_(SMEAR=Smear)_(Q2_y_Bin_4)_(z_pT_Bin_11)_(MultiDim_Q2_y_z_pT_phi_h)_(Normalized)[0m (Histo Num 53065)
Fitting for: [1m(MultiDim_5D_Histo)_(Bayesian)_(SMEAR=Smear)_(Q2_y_Bin_4)_(z_pT_Bin_13)_(MultiDim_Q2_y_z_pT_phi_h)_(Normalized)[0m (Histo Num 53067)
Fitting for: [1m(MultiDim_5D_Histo)_(RC_Bayesian)_(SMEAR=Smear)_(Q2_y_Bin_4)_(z_pT_Bin_13)_(MultiDim_Q2_y_z_pT_phi_h)_(Normalized)[0m (Histo Num 53068)
Fitting for: [1m(MultiDim_5D_Histo)_(BC_RC_Bayesian)_(SMEAR=Smear)_(Q2_y_Bin_4)_(z_pT_Bin_13)_(MultiDim_Q2_y_z_pT_phi_h)_(Normalized)[0m (Histo Num 53069)
Fitting for: [1m(MultiDim_5D_Histo)_(Bayesian)_(SMEAR=Smear)_(Q2_y_Bin_4)_(z_pT_Bin_14)_(MultiDim_Q2_y_z_pT_phi_h)_(Normalized)[0m (Histo Num 53071)
Fitting for: [1m(MultiDim_5D_Histo)_(RC_Bayesian)_(SMEAR=Smear)_(Q2_y_Bin_4)_(z_pT_Bin_14)_(MultiDim_Q2_y_z_pT_phi_h)_(Normalized)[0m (Histo Num 53072)
Fitting for: [1m(MultiDim_5D_Histo)_(BC_RC_Bayesian)_(SMEAR=Smear)_(Q2_y_Bin_4)_(z_pT_Bin_14)_(MultiDim_Q2_y_z_pT_phi_h)_(Normalized)[0m (Histo Num 53073)
Fitting for: [1m(MultiDim_5D_Histo)_(Bayesian)_(SMEAR=Smear)_(Q2_y_Bin_4)_(z_pT_Bin_15)_(MultiDim_Q2_y_z_pT_phi_h)_(Normalized)[0m (Histo Num 53075)
Fitting for: [1m(MultiDim_5D_Histo)_(RC_Bayesian)_(SMEAR=Smear)_(Q2_y_Bin_4)_(z_pT_Bin_15)_(MultiDim_Q2_y_z_pT_phi_h)_(Normalized)[0m (Histo Num 53076)
Fitting for: [1m(MultiDim_5D_Histo)_(BC_RC_Bayesian)_(SMEAR=Smear)_(Q2_y_Bin_4)_(z_pT_Bin_15)_(MultiDim_Q2_y_z_pT_phi_h)_(Normalized)[0m (Histo Num 53077)
Fitting for: [1m(MultiDim_5D_Histo)_(Bayesian)_(SMEAR=Smear)_(Q2_y_Bin_4)_(z_pT_Bin_16)_(MultiDim_Q2_y_z_pT_phi_h)_(Normalized)[0m (Histo Num 53079)
Fitting for: [1m(MultiDim_5D_Histo)_(RC_Bayesian)_(SMEAR=Smear)_(Q2_y_Bin_4)_(z_pT_Bin_16)_(MultiDim_Q2_y_z_pT_phi_h)_(Normalized)[0m (Histo Num 53080)
Fitting for: [1m(MultiDim_5D_Histo)_(BC_RC_Bayesian)_(SMEAR=Smear)_(Q2_y_Bin_4)_(z_pT_Bin_16)_(MultiDim_Q2_y_z_pT_phi_h)_(Normalized)[0m (Histo Num 53081)
Fitting for: [1m(MultiDim_5D_Histo)_(Bayesian)_(SMEAR=Smear)_(Q2_y_Bin_4)_(z_pT_Bin_17)_(MultiDim_Q2_y_z_pT_phi_h)_(Normalized)[0m (Histo Num 53083)
Fitting for: [1m(MultiDim_5D_Histo)_(RC_Bayesian)_(SMEAR=Smear)_(Q2_y_Bin_4)_(z_pT_Bin_17)_(MultiDim_Q2_y_z_pT_phi_h)_(Normalized)[0m (Histo Num 53084)
Fitting for: [1m(MultiDim_5D_Histo)_(BC_RC_Bayesian)_(SMEAR=Smear)_(Q2_y_Bin_4)_(z_pT_Bin_17)_(MultiDim_Q2_y_z_pT_phi_h)_(Normalized)[0m (Histo Num 53085)
Fitting for: [1m(MultiDim_5D_Histo)_(Bayesian)_(SMEAR=Smear)_(Q2_y_Bin_4)_(z_pT_Bin_19)_(MultiDim_Q2_y_z_pT_phi_h)_(Normalized)[0m (Histo Num 53087)
Fitting for: [1m(MultiDim_5D_Histo)_(RC_Bayesian)_(SMEAR=Smear)_(Q2_y_Bin_4)_(z_pT_Bin_19)_(MultiDim_Q2_y_z_pT_phi_h)_(Normalized)[0m (Histo Num 53088)
Fitting for: [1m(MultiDim_5D_Histo)_(BC_RC_Bayesian)_(SMEAR=Smear)_(Q2_y_Bin_4)_(z_pT_Bin_19)_(MultiDim_Q2_y_z_pT_phi_h)_(Normalized)[0m (Histo Num 53089)
Fitting for: [1m(MultiDim_5D_Histo)_(Bayesian)_(SMEAR=Smear)_(Q2_y_Bin_4)_(z_pT_Bin_20)_(MultiDim_Q2_y_z_pT_phi_h)_(Normalized)[0m (Histo Num 53091)
Fitting for: [1m(MultiDim_5D_Histo)_(RC_Bayesian)_(SMEAR=Smear)_(Q2_y_Bin_4)_(z_pT_Bin_20)_(MultiDim_Q2_y_z_pT_phi_h)_(Normalized)[0m (Histo Num 53092)
Fitting for: [1m(MultiDim_5D_Histo)_(BC_RC_Bayesian)_(SMEAR=Smear)_(Q2_y_Bin_4)_(z_pT_Bin_20)_(MultiDim_Q2_y_z_pT_phi_h)_(Normalized)[0m (Histo Num 53093)
Fitting for: [1m(MultiDim_5D_Histo)_(Bayesian)_(SMEAR=Smear)_(Q2_y_Bin_4)_(z_pT_Bin_21)_(MultiDim_Q2_y_z_pT_phi_h)_(Normalized)[0m (Histo Num 53095)
Fitting for: [1m(MultiDim_5D_Histo)_(RC_Bayesian)_(SMEAR=Smear)_(Q2_y_Bin_4)_(z_pT_Bin_21)_(MultiDim_Q2_y_z_pT_phi_h)_(Normalized)[0m (Histo Num 53096)
Fitting for: [1m(MultiDim_5D_Histo)_(BC_RC_Bayesian)_(SMEAR=Smear)_(Q2_y_Bin_4)_(z_pT_Bin_21)_(MultiDim_Q2_y_z_pT_phi_h)_(Normalized)[0m (Histo Num 53097)
Fitting for: [1m(MultiDim_5D_Histo)_(Bayesian)_(SMEAR=Smear)_(Q2_y_Bin_4)_(z_pT_Bin_22)_(MultiDim_Q2_y_z_pT_phi_h)_(Normalized)[0m (Histo Num 53099)
Fitting for: [1m(MultiDim_5D_Histo)_(RC_Bayesian)_(SMEAR=Smear)_(Q2_y_Bin_4)_(z_pT_Bin_22)_(MultiDim_Q2_y_z_pT_phi_h)_(Normalized)[0m (Histo Num 53100)
Fitting for: [1m(MultiDim_5D_Histo)_(BC_RC_Bayesian)_(SMEAR=Smear)_(Q2_y_Bin_4)_(z_pT_Bin_22)_(MultiDim_Q2_y_z_pT_phi_h)_(Normalized)[0m (Histo Num 53101)
Fitting for: [1m(MultiDim_5D_Histo)_(Bayesian)_(SMEAR=Smear)_(Q2_y_Bin_4)_(z_pT_Bin_23)_(MultiDim_Q2_y_z_pT_phi_h)_(Normalized)[0m (Histo Num 53103)
Fitting for: [1m(MultiDim_5D_Histo)_(RC_Bayesian)_(SMEAR=Smear)_(Q2_y_Bin_4)_(z_pT_Bin_23)_(MultiDim_Q2_y_z_pT_phi_h)_(Normalized)[0m (Histo Num 53104)
Fitting for: [1m(MultiDim_5D_Histo)_(BC_RC_Bayesian)_(SMEAR=Smear)_(Q2_y_Bin_4)_(z_pT_Bin_23)_(MultiDim_Q2_y_z_pT_phi_h)_(Normalized)[0m (Histo Num 53105)
Fitting for: [1m(MultiDim_5D_Histo)_(Bayesian)_(SMEAR=Smear)_(Q2_y_Bin_4)_(z_pT_Bin_25)_(MultiDim_Q2_y_z_pT_phi_h)_(Normalized)[0m (Histo Num 53107)
Fitting for: [1m(MultiDim_5D_Histo)_(RC_Bayesian)_(SMEAR=Smear)_(Q2_y_Bin_4)_(z_pT_Bin_25)_(MultiDim_Q2_y_z_pT_phi_h)_(Normalized)[0m (Histo Num 53108)
Fitting for: [1m(MultiDim_5D_Histo)_(BC_RC_Bayesian)_(SMEAR=Smear)_(Q2_y_Bin_4)_(z_pT_Bin_25)_(MultiDim_Q2_y_z_pT_phi_h)_(Normalized)[0m (Histo Num 53109)
Fitting for: [1m(MultiDim_5D_Histo)_(Bayesian)_(SMEAR=Smear)_(Q2_y_Bin_4)_(z_pT_Bin_26)_(MultiDim_Q2_y_z_pT_phi_h)_(Normalized)[0m (Histo Num 53111)
Fitting for: [1m(MultiDim_5D_Histo)_(RC_Bayesian)_(SMEAR=Smear)_(Q2_y_Bin_4)_(z_pT_Bin_26)_(MultiDim_Q2_y_z_pT_phi_h)_(Normalized)[0m (Histo Num 53112)
Fitting for: [1m(MultiDim_5D_Histo)_(BC_RC_Bayesian)_(SMEAR=Smear)_(Q2_y_Bin_4)_(z_pT_Bin_26)_(MultiDim_Q2_y_z_pT_phi_h)_(Normalized)[0m (Histo Num 53113)
Fitting for: [1m(MultiDim_5D_Histo)_(Bayesian)_(SMEAR=Smear)_(Q2_y_Bin_4)_(z_pT_Bin_27)_(MultiDim_Q2_y_z_pT_phi_h)_(Normalized)[0m (Histo Num 53115)
Fitting for: [1m(MultiDim_5D_Histo)_(RC_Bayesian)_(SMEAR=Smear)_(Q2_y_Bin_4)_(z_pT_Bin_27)_(MultiDim_Q2_y_z_pT_phi_h)_(Normalized)[0m (Histo Num 53116)
Fitting for: [1m(MultiDim_5D_Histo)_(BC_RC_Bayesian)_(SMEAR=Smear)_(Q2_y_Bin_4)_(z_pT_Bin_27)_(MultiDim_Q2_y_z_pT_phi_h)_(Normalized)[0m (Histo Num 53117)
Fitting for: [1m(MultiDim_5D_Histo)_(Bayesian)_(SMEAR=Smear)_(Q2_y_Bin_4)_(z_pT_Bin_28)_(MultiDim_Q2_y_z_pT_phi_h)_(Normalized)[0m (Histo Num 53119)
Fitting for: [1m(MultiDim_5D_Histo)_(RC_Bayesian)_(SMEAR=Smear)_(Q2_y_Bin_4)_(z_pT_Bin_28)_(MultiDim_Q2_y_z_pT_phi_h)_(Normalized)[0m (Histo Num 53120)
Fitting for: [1m(MultiDim_5D_Histo)_(BC_RC_Bayesian)_(SMEAR=Smear)_(Q2_y_Bin_4)_(z_pT_Bin_28)_(MultiDim_Q2_y_z_pT_phi_h)_(Normalized)[0m (Histo Num 53121)
Fitting for: [1m(MultiDim_5D_Histo)_(Bayesian)_(SMEAR=Smear)_(Q2_y_Bin_4)_(z_pT_Bin_29)_(MultiDim_Q2_y_z_pT_phi_h)_(Normalized)[0m (Histo Num 53123)
Fitting for: [1m(MultiDim_5D_Histo)_(RC_Bayesian)_(SMEAR=Smear)_(Q2_y_Bin_4)_(z_pT_Bin_29)_(MultiDim_Q2_y_z_pT_phi_h)_(Normalized)[0m (Histo Num 53124)
Fitting for: [1m(MultiDim_5D_Histo)_(BC_RC_Bayesian)_(SMEAR=Smear)_(Q2_y_Bin_4)_(z_pT_Bin_29)_(MultiDim_Q2_y_z_pT_phi_h)_(Normalized)[0m (Histo Num 53125)
Fitting for: [1m(MultiDim_5D_Histo)_(Bayesian)_(SMEAR=Smear)_(Q2_y_Bin_4)_(z_pT_Bin_31)_(MultiDim_Q2_y_z_pT_phi_h)_(Normalized)[0m (Histo Num 53127)
Fitting for: [1m(MultiDim_5D_Histo)_(RC_Bayesian)_(SMEAR=Smear)_(Q2_y_Bin_4)_(z_pT_Bin_31)_(MultiDim_Q2_y_z_pT_phi_h)_(Normalized)[0m (Histo Num 53128)
Fitting for: [1m(MultiDim_5D_Histo)_(BC_RC_Bayesian)_(SMEAR=Smear)_(Q2_y_Bin_4)_(z_pT_Bin_31)_(MultiDim_Q2_y_z_pT_phi_h)_(Normalized)[0m (Histo Num 53129)
Fitting for: [1m(MultiDim_5D_Histo)_(Bayesian)_(SMEAR=Smear)_(Q2_y_Bin_4)_(z_pT_Bin_32)_(MultiDim_Q2_y_z_pT_phi_h)_(Normalized)[0m (Histo Num 53131)
Fitting for: [1m(MultiDim_5D_Histo)_(RC_Bayesian)_(SMEAR=Smear)_(Q2_y_Bin_4)_(z_pT_Bin_32)_(MultiDim_Q2_y_z_pT_phi_h)_(Normalized)[0m (Histo Num 53132)
Fitting for: [1m(MultiDim_5D_Histo)_(BC_RC_Bayesian)_(SMEAR=Smear)_(Q2_y_Bin_4)_(z_pT_Bin_32)_(MultiDim_Q2_y_z_pT_phi_h)_(Normalized)[0m (Histo Num 53133)
Fitting for: [1m(MultiDim_5D_Histo)_(Bayesian)_(SMEAR=Smear)_(Q2_y_Bin_4)_(z_pT_Bin_33)_(MultiDim_Q2_y_z_pT_phi_h)_(Normalized)[0m (Histo Num 53135)
Fitting for: [1m(MultiDim_5D_Histo)_(RC_Bayesian)_(SMEAR=Smear)_(Q2_y_Bin_4)_(z_pT_Bin_33)_(MultiDim_Q2_y_z_pT_phi_h)_(Normalized)[0m (Histo Num 53136)
Fitting for: [1m(MultiDim_5D_Histo)_(BC_RC_Bayesian)_(SMEAR=Smear)_(Q2_y_Bin_4)_(z_pT_Bin_33)_(MultiDim_Q2_y_z_pT_phi_h)_(Normalized)[0m (Histo Num 53137)
Fitting for: [1m(MultiDim_5D_Histo)_(Bayesian)_(SMEAR=Smear)_(Q2_y_Bin_4)_(z_pT_Bin_34)_(MultiDim_Q2_y_z_pT_phi_h)_(Normalized)[0m (Histo Num 53139)
Fitting for: [1m(MultiDim_5D_Histo)_(RC_Bayesian)_(SMEAR=Smear)_(Q2_y_Bin_4)_(z_pT_Bin_34)_(MultiDim_Q2_y_z_pT_phi_h)_(Normalized)[0m (Histo Num 53140)
Fitting for: [1m(MultiDim_5D_Histo)_(BC_RC_Bayesian)_(SMEAR=Smear)_(Q2_y_Bin_4)_(z_pT_Bin_34)_(MultiDim_Q2_y_z_pT_phi_h)_(Normalized)[0m (Histo Num 53141)
Fitting for: [1m(MultiDim_5D_Histo)_(Bayesian)_(SMEAR=Smear)_(Q2_y_Bin_6)_(z_pT_Bin_1)_(MultiDim_Q2_y_z_pT_phi_h)_(Normalized)[0m (Histo Num 53271)
Fitting for: [1m(MultiDim_5D_Histo)_(RC_Bayesian)_(SMEAR=Smear)_(Q2_y_Bin_6)_(z_pT_Bin_1)_(MultiDim_Q2_y_z_pT_phi_h)_(Normalized)[0m (Histo Num 53272)
Fitting for: [1m(MultiDim_5D_Histo)_(BC_RC_Bayesian)_(SMEAR=Smear)_(Q2_y_Bin_6)_(z_pT_Bin_1)_(MultiDim_Q2_y_z_pT_phi_h)_(Normalized)[0m (Histo Num 53273)
Fitting for: [1m(MultiDim_5D_Histo)_(Bayesian)_(SMEAR=Smear)_(Q2_y_Bin_6)_(z_pT_Bin_2)_(MultiDim_Q2_y_z_pT_phi_h)_(Normalized)[0m (Histo Num 53275)
Fitting for: [1m(MultiDim_5D_Histo)_(RC_Bayesian)_(SMEAR=Smear)_(Q2_y_Bin_6)_(z_pT_Bin_2)_(MultiDim_Q2_y_z_pT_phi_h)_(Normalized)[0m (Histo Num 53276)
Fitting for: [1m(MultiDim_5D_Histo)_(BC_RC_Bayesian)_(SMEAR=Smear)_(Q2_y_Bin_6)_(z_pT_Bin_2)_(MultiDim_Q2_y_z_pT_phi_h)_(Normalized)[0m (Histo Num 53277)
Fitting for: [1m(MultiDim_5D_Histo)_(Bayesian)_(SMEAR=Smear)_(Q2_y_Bin_6)_(z_pT_Bin_3)_(MultiDim_Q2_y_z_pT_phi_h)_(Normalized)[0m (Histo Num 53279)
Fitting for: [1m(MultiDim_5D_Histo)_(RC_Bayesian)_(SMEAR=Smear)_(Q2_y_Bin_6)_(z_pT_Bin_3)_(MultiDim_Q2_y_z_pT_phi_h)_(Normalized)[0m (Histo Num 53280)
Fitting for: [1m(MultiDim_5D_Histo)_(BC_RC_Bayesian)_(SMEAR=Smear)_(Q2_y_Bin_6)_(z_pT_Bin_3)_(MultiDim_Q2_y_z_pT_phi_h)_(Normalized)[0m (Histo Num 53281)
Fitting for: [1m(MultiDim_5D_Histo)_(Bayesian)_(SMEAR=Smear)_(Q2_y_Bin_6)_(z_pT_Bin_4)_(MultiDim_Q2_y_z_pT_phi_h)_(Normalized)[0m (Histo Num 53283)
Fitting for: [1m(MultiDim_5D_Histo)_(RC_Bayesian)_(SMEAR=Smear)_(Q2_y_Bin_6)_(z_pT_Bin_4)_(MultiDim_Q2_y_z_pT_phi_h)_(Normalized)[0m (Histo Num 53284)
Fitting for: [1m(MultiDim_5D_Histo)_(BC_RC_Bayesian)_(SMEAR=Smear)_(Q2_y_Bin_6)_(z_pT_Bin_4)_(MultiDim_Q2_y_z_pT_phi_h)_(Normalized)[0m (Histo Num 53285)
Fitting for: [1m(MultiDim_5D_Histo)_(Bayesian)_(SMEAR=Smear)_(Q2_y_Bin_6)_(z_pT_Bin_5)_(MultiDim_Q2_y_z_pT_phi_h)_(Normalized)[0m (Histo Num 53287)
Fitting for: [1m(MultiDim_5D_Histo)_(RC_Bayesian)_(SMEAR=Smear)_(Q2_y_Bin_6)_(z_pT_Bin_5)_(MultiDim_Q2_y_z_pT_phi_h)_(Normalized)[0m (Histo Num 53288)
Fitting for: [1m(MultiDim_5D_Histo)_(BC_RC_Bayesian)_(SMEAR=Smear)_(Q2_y_Bin_6)_(z_pT_Bin_5)_(MultiDim_Q2_y_z_pT_phi_h)_(Normalized)[0m (Histo Num 53289)
Fitting for: [1m(MultiDim_5D_Histo)_(Bayesian)_(SMEAR=Smear)_(Q2_y_Bin_6)_(z_pT_Bin_6)_(MultiDim_Q2_y_z_pT_phi_h)_(Normalized)[0m (Histo Num 53291)
Fitting for: [1m(MultiDim_5D_Histo)_(RC_Bayesian)_(SMEAR=Smear)_(Q2_y_Bin_6)_(z_pT_Bin_6)_(MultiDim_Q2_y_z_pT_phi_h)_(Normalized)[0m (Histo Num 53292)
Fitting for: [1m(MultiDim_5D_Histo)_(BC_RC_Bayesian)_(SMEAR=Smear)_(Q2_y_Bin_6)_(z_pT_Bin_6)_(MultiDim_Q2_y_z_pT_phi_h)_(Normalized)[0m (Histo Num 53293)
Fitting for: [1m(MultiDim_5D_Histo)_(Bayesian)_(SMEAR=Smear)_(Q2_y_Bin_6)_(z_pT_Bin_7)_(MultiDim_Q2_y_z_pT_phi_h)_(Normalized)[0m (Histo Num 53295)
Fitting for: [1m(MultiDim_5D_Histo)_(RC_Bayesian)_(SMEAR=Smear)_(Q2_y_Bin_6)_(z_pT_Bin_7)_(MultiDim_Q2_y_z_pT_phi_h)_(Normalized)[0m (Histo Num 53296)
Fitting for: [1m(MultiDim_5D_Histo)_(BC_RC_Bayesian)_(SMEAR=Smear)_(Q2_y_Bin_6)_(z_pT_Bin_7)_(MultiDim_Q2_y_z_pT_phi_h)_(Normalized)[0m (Histo Num 53297)
Fitting for: [1m(MultiDim_5D_Histo)_(Bayesian)_(SMEAR=Smear)_(Q2_y_Bin_6)_(z_pT_Bin_8)_(MultiDim_Q2_y_z_pT_phi_h)_(Normalized)[0m (Histo Num 53299)
Fitting for: [1m(MultiDim_5D_Histo)_(RC_Bayesian)_(SMEAR=Smear)_(Q2_y_Bin_6)_(z_pT_Bin_8)_(MultiDim_Q2_y_z_pT_phi_h)_(Normalized)[0m (Histo Num 53300)
Fitting for: [1m(MultiDim_5D_Histo)_(BC_RC_Bayesian)_(SMEAR=Smear)_(Q2_y_Bin_6)_(z_pT_Bin_8)_(MultiDim_Q2_y_z_pT_phi_h)_(Normalized)[0m (Histo Num 53301)
Fitting for: [1m(MultiDim_5D_Histo)_(Bayesian)_(SMEAR=Smear)_(Q2_y_Bin_6)_(z_pT_Bin_9)_(MultiDim_Q2_y_z_pT_phi_h)_(Normalized)[0m (Histo Num 53303)
Fitting for: [1m(MultiDim_5D_Histo)_(RC_Bayesian)_(SMEAR=Smear)_(Q2_y_Bin_6)_(z_pT_Bin_9)_(MultiDim_Q2_y_z_pT_phi_h)_(Normalized)[0m (Histo Num 53304)
Fitting for: [1m(MultiDim_5D_Histo)_(BC_RC_Bayesian)_(SMEAR=Smear)_(Q2_y_Bin_6)_(z_pT_Bin_9)_(MultiDim_Q2_y_z_pT_phi_h)_(Normalized)[0m (Histo Num 53305)
Fitting for: [1m(MultiDim_5D_Histo)_(Bayesian)_(SMEAR=Smear)_(Q2_y_Bin_6)_(z_pT_Bin_10)_(MultiDim_Q2_y_z_pT_phi_h)_(Normalized)[0m (Histo Num 53307)
Fitting for: [1m(MultiDim_5D_Histo)_(RC_Bayesian)_(SMEAR=Smear)_(Q2_y_Bin_6)_(z_pT_Bin_10)_(MultiDim_Q2_y_z_pT_phi_h)_(Normalized)[0m (Histo Num 53308)
Fitting for: [1m(MultiDim_5D_Histo)_(BC_RC_Bayesian)_(SMEAR=Smear)_(Q2_y_Bin_6)_(z_pT_Bin_10)_(MultiDim_Q2_y_z_pT_phi_h)_(Normalized)[0m (Histo Num 53309)
Fitting for: [1m(MultiDim_5D_Histo)_(Bayesian)_(SMEAR=Smear)_(Q2_y_Bin_6)_(z_pT_Bin_11)_(MultiDim_Q2_y_z_pT_phi_h)_(Normalized)[0m (Histo Num 53311)
Fitting for: [1m(MultiDim_5D_Histo)_(RC_Bayesian)_(SMEAR=Smear)_(Q2_y_Bin_6)_(z_pT_Bin_11)_(MultiDim_Q2_y_z_pT_phi_h)_(Normalized)[0m (Histo Num 53312)
Fitting for: [1m(MultiDim_5D_Histo)_(BC_RC_Bayesian)_(SMEAR=Smear)_(Q2_y_Bin_6)_(z_pT_Bin_11)_(MultiDim_Q2_y_z_pT_phi_h)_(Normalized)[0m (Histo Num 53313)
Fitting for: [1m(MultiDim_5D_Histo)_(Bayesian)_(SMEAR=Smear)_(Q2_y_Bin_6)_(z_pT_Bin_12)_(MultiDim_Q2_y_z_pT_phi_h)_(Normalized)[0m (Histo Num 53315)
Fitting for: [1m(MultiDim_5D_Histo)_(RC_Bayesian)_(SMEAR=Smear)_(Q2_y_Bin_6)_(z_pT_Bin_12)_(MultiDim_Q2_y_z_pT_phi_h)_(Normalized)[0m (Histo Num 53316)
Fitting for: [1m(MultiDim_5D_Histo)_(BC_RC_Bayesian)_(SMEAR=Smear)_(Q2_y_Bin_6)_(z_pT_Bin_12)_(MultiDim_Q2_y_z_pT_phi_h)_(Normalized)[0m (Histo Num 53317)
Fitting for: [1m(MultiDim_5D_Histo)_(Bayesian)_(SMEAR=Smear)_(Q2_y_Bin_6)_(z_pT_Bin_13)_(MultiDim_Q2_y_z_pT_phi_h)_(Normalized)[0m (Histo Num 53319)
Fitting for: [1m(MultiDim_5D_Histo)_(RC_Bayesian)_(SMEAR=Smear)_(Q2_y_Bin_6)_(z_pT_Bin_13)_(MultiDim_Q2_y_z_pT_phi_h)_(Normalized)[0m (Histo Num 53320)
Fitting for: [1m(MultiDim_5D_Histo)_(BC_RC_Bayesian)_(SMEAR=Smear)_(Q2_y_Bin_6)_(z_pT_Bin_13)_(MultiDim_Q2_y_z_pT_phi_h)_(Normalized)[0m (Histo Num 53321)
Fitting for: [1m(MultiDim_5D_Histo)_(Bayesian)_(SMEAR=Smear)_(Q2_y_Bin_6)_(z_pT_Bin_14)_(MultiDim_Q2_y_z_pT_phi_h)_(Normalized)[0m (Histo Num 53323)
Fitting for: [1m(MultiDim_5D_Histo)_(RC_Bayesian)_(SMEAR=Smear)_(Q2_y_Bin_6)_(z_pT_Bin_14)_(MultiDim_Q2_y_z_pT_phi_h)_(Normalized)[0m (Histo Num 53324)
Fitting for: [1m(MultiDim_5D_Histo)_(BC_RC_Bayesian)_(SMEAR=Smear)_(Q2_y_Bin_6)_(z_pT_Bin_14)_(MultiDim_Q2_y_z_pT_phi_h)_(Normalized)[0m (Histo Num 53325)
Fitting for: [1m(MultiDim_5D_Histo)_(Bayesian)_(SMEAR=Smear)_(Q2_y_Bin_6)_(z_pT_Bin_15)_(MultiDim_Q2_y_z_pT_phi_h)_(Normalized)[0m (Histo Num 53327)
Fitting for: [1m(MultiDim_5D_Histo)_(RC_Bayesian)_(SMEAR=Smear)_(Q2_y_Bin_6)_(z_pT_Bin_15)_(MultiDim_Q2_y_z_pT_phi_h)_(Normalized)[0m (Histo Num 53328)
Fitting for: [1m(MultiDim_5D_Histo)_(BC_RC_Bayesian)_(SMEAR=Smear)_(Q2_y_Bin_6)_(z_pT_Bin_15)_(MultiDim_Q2_y_z_pT_phi_h)_(Normalized)[0m (Histo Num 53329)
Fitting for: [1m(MultiDim_5D_Histo)_(Bayesian)_(SMEAR=Smear)_(Q2_y_Bin_6)_(z_pT_Bin_16)_(MultiDim_Q2_y_z_pT_phi_h)_(Normalized)[0m (Histo Num 53331)
Fitting for: [1m(MultiDim_5D_Histo)_(RC_Bayesian)_(SMEAR=Smear)_(Q2_y_Bin_6)_(z_pT_Bin_16)_(MultiDim_Q2_y_z_pT_phi_h)_(Normalized)[0m (Histo Num 53332)
Fitting for: [1m(MultiDim_5D_Histo)_(BC_RC_Bayesian)_(SMEAR=Smear)_(Q2_y_Bin_6)_(z_pT_Bin_16)_(MultiDim_Q2_y_z_pT_phi_h)_(Normalized)[0m (Histo Num 53333)
Fitting for: [1m(MultiDim_5D_Histo)_(Bayesian)_(SMEAR=Smear)_(Q2_y_Bin_6)_(z_pT_Bin_17)_(MultiDim_Q2_y_z_pT_phi_h)_(Normalized)[0m (Histo Num 53335)
Fitting for: [1m(MultiDim_5D_Histo)_(RC_Bayesian)_(SMEAR=Smear)_(Q2_y_Bin_6)_(z_pT_Bin_17)_(MultiDim_Q2_y_z_pT_phi_h)_(Normalized)[0m (Histo Num 53336)
Fitting for: [1m(MultiDim_5D_Histo)_(BC_RC_Bayesian)_(SMEAR=Smear)_(Q2_y_Bin_6)_(z_pT_Bin_17)_(MultiDim_Q2_y_z_pT_phi_h)_(Normalized)[0m (Histo Num 53337)
Fitting for: [1m(MultiDim_5D_Histo)_(Bayesian)_(SMEAR=Smear)_(Q2_y_Bin_6)_(z_pT_Bin_19)_(MultiDim_Q2_y_z_pT_phi_h)_(Normalized)[0m (Histo Num 53339)
Fitting for: [1m(MultiDim_5D_Histo)_(RC_Bayesian)_(SMEAR=Smear)_(Q2_y_Bin_6)_(z_pT_Bin_19)_(MultiDim_Q2_y_z_pT_phi_h)_(Normalized)[0m (Histo Num 53340)
Fitting for: [1m(MultiDim_5D_Histo)_(BC_RC_Bayesian)_(SMEAR=Smear)_(Q2_y_Bin_6)_(z_pT_Bin_19)_(MultiDim_Q2_y_z_pT_phi_h)_(Normalized)[0m (Histo Num 53341)
Fitting for: [1m(MultiDim_5D_Histo)_(Bayesian)_(SMEAR=Smear)_(Q2_y_Bin_6)_(z_pT_Bin_20)_(MultiDim_Q2_y_z_pT_phi_h)_(Normalized)[0m (Histo Num 53343)
Fitting for: [1m(MultiDim_5D_Histo)_(RC_Bayesian)_(SMEAR=Smear)_(Q2_y_Bin_6)_(z_pT_Bin_20)_(MultiDim_Q2_y_z_pT_phi_h)_(Normalized)[0m (Histo Num 53344)
Fitting for: [1m(MultiDim_5D_Histo)_(BC_RC_Bayesian)_(SMEAR=Smear)_(Q2_y_Bin_6)_(z_pT_Bin_20)_(MultiDim_Q2_y_z_pT_phi_h)_(Normalized)[0m (Histo Num 53345)
Fitting for: [1m(MultiDim_5D_Histo)_(Bayesian)_(SMEAR=Smear)_(Q2_y_Bin_6)_(z_pT_Bin_21)_(MultiDim_Q2_y_z_pT_phi_h)_(Normalized)[0m (Histo Num 53347)
Fitting for: [1m(MultiDim_5D_Histo)_(RC_Bayesian)_(SMEAR=Smear)_(Q2_y_Bin_6)_(z_pT_Bin_21)_(MultiDim_Q2_y_z_pT_phi_h)_(Normalized)[0m (Histo Num 53348)
Fitting for: [1m(MultiDim_5D_Histo)_(BC_RC_Bayesian)_(SMEAR=Smear)_(Q2_y_Bin_6)_(z_pT_Bin_21)_(MultiDim_Q2_y_z_pT_phi_h)_(Normalized)[0m (Histo Num 53349)
Fitting for: [1m(MultiDim_5D_Histo)_(Bayesian)_(SMEAR=Smear)_(Q2_y_Bin_6)_(z_pT_Bin_22)_(MultiDim_Q2_y_z_pT_phi_h)_(Normalized)[0m (Histo Num 53351)
Fitting for: [1m(MultiDim_5D_Histo)_(RC_Bayesian)_(SMEAR=Smear)_(Q2_y_Bin_6)_(z_pT_Bin_22)_(MultiDim_Q2_y_z_pT_phi_h)_(Normalized)[0m (Histo Num 53352)
Fitting for: [1m(MultiDim_5D_Histo)_(BC_RC_Bayesian)_(SMEAR=Smear)_(Q2_y_Bin_6)_(z_pT_Bin_22)_(MultiDim_Q2_y_z_pT_phi_h)_(Normalized)[0m (Histo Num 53353)
Fitting for: [1m(MultiDim_5D_Histo)_(Bayesian)_(SMEAR=Smear)_(Q2_y_Bin_6)_(z_pT_Bin_23)_(MultiDim_Q2_y_z_pT_phi_h)_(Normalized)[0m (Histo Num 53355)
Fitting for: [1m(MultiDim_5D_Histo)_(RC_Bayesian)_(SMEAR=Smear)_(Q2_y_Bin_6)_(z_pT_Bin_23)_(MultiDim_Q2_y_z_pT_phi_h)_(Normalized)[0m (Histo Num 53356)
Fitting for: [1m(MultiDim_5D_Histo)_(BC_RC_Bayesian)_(SMEAR=Smear)_(Q2_y_Bin_6)_(z_pT_Bin_23)_(MultiDim_Q2_y_z_pT_phi_h)_(Normalized)[0m (Histo Num 53357)
Fitting for: [1m(MultiDim_5D_Histo)_(Bayesian)_(SMEAR=Smear)_(Q2_y_Bin_6)_(z_pT_Bin_25)_(MultiDim_Q2_y_z_pT_phi_h)_(Normalized)[0m (Histo Num 53359)
Fitting for: [1m(MultiDim_5D_Histo)_(RC_Bayesian)_(SMEAR=Smear)_(Q2_y_Bin_6)_(z_pT_Bin_25)_(MultiDim_Q2_y_z_pT_phi_h)_(Normalized)[0m (Histo Num 53360)
Fitting for: [1m(MultiDim_5D_Histo)_(BC_RC_Bayesian)_(SMEAR=Smear)_(Q2_y_Bin_6)_(z_pT_Bin_25)_(MultiDim_Q2_y_z_pT_phi_h)_(Normalized)[0m (Histo Num 53361)
Fitting for: [1m(MultiDim_5D_Histo)_(Bayesian)_(SMEAR=Smear)_(Q2_y_Bin_6)_(z_pT_Bin_26)_(MultiDim_Q2_y_z_pT_phi_h)_(Normalized)[0m (Histo Num 53363)
Fitting for: [1m(MultiDim_5D_Histo)_(RC_Bayesian)_(SMEAR=Smear)_(Q2_y_Bin_6)_(z_pT_Bin_26)_(MultiDim_Q2_y_z_pT_phi_h)_(Normalized)[0m (Histo Num 53364)
Fitting for: [1m(MultiDim_5D_Histo)_(BC_RC_Bayesian)_(SMEAR=Smear)_(Q2_y_Bin_6)_(z_pT_Bin_26)_(MultiDim_Q2_y_z_pT_phi_h)_(Normalized)[0m (Histo Num 53365)
Fitting for: [1m(MultiDim_5D_Histo)_(Bayesian)_(SMEAR=Smear)_(Q2_y_Bin_6)_(z_pT_Bin_27)_(MultiDim_Q2_y_z_pT_phi_h)_(Normalized)[0m (Histo Num 53367)
Fitting for: [1m(MultiDim_5D_Histo)_(RC_Bayesian)_(SMEAR=Smear)_(Q2_y_Bin_6)_(z_pT_Bin_27)_(MultiDim_Q2_y_z_pT_phi_h)_(Normalized)[0m (Histo Num 53368)
Fitting for: [1m(MultiDim_5D_Histo)_(BC_RC_Bayesian)_(SMEAR=Smear)_(Q2_y_Bin_6)_(z_pT_Bin_27)_(MultiDim_Q2_y_z_pT_phi_h)_(Normalized)[0m (Histo Num 53369)
Fitting for: [1m(MultiDim_5D_Histo)_(Bayesian)_(SMEAR=Smear)_(Q2_y_Bin_6)_(z_pT_Bin_28)_(MultiDim_Q2_y_z_pT_phi_h)_(Normalized)[0m (Histo Num 53371)
Fitting for: [1m(MultiDim_5D_Histo)_(RC_Bayesian)_(SMEAR=Smear)_(Q2_y_Bin_6)_(z_pT_Bin_28)_(MultiDim_Q2_y_z_pT_phi_h)_(Normalized)[0m (Histo Num 53372)
Fitting for: [1m(MultiDim_5D_Histo)_(BC_RC_Bayesian)_(SMEAR=Smear)_(Q2_y_Bin_6)_(z_pT_Bin_28)_(MultiDim_Q2_y_z_pT_phi_h)_(Normalized)[0m (Histo Num 53373)

[1m[94mFit/Added [0m[1m300[1m[94m Histograms[0m[94m
Adding to Main List...[0m

[1m[92mLength of Main List of Histograms (After adding Fits): [0m[1m66175[0m


Current Time: [1m08:59 p.m.[0m
Time Elapsed Up To Now:
0 Day(s), 0 Hour(s), 0 Minute(s), and 29 Second(s).



Counting Total Number of/Saving collected histograms...
[1m[94mSaving to: [1m[92mHybrid_Unfolded_Parallel_SIDIS_epip_from_3D_and_5D_1st_Order_V2.root[0m

[1m[96mDone Saving![0m

Final Count = 66175


Current Time: [1m09:15 p.m.[0m
Time Elapsed Up To Now:
0 Day(s), 0 Hour(s), 16 Minute(s), and 50 Second(s).


[1m[94mSaved Fit Parameters JSON as [1m[92mFit_Pars_from_Simple_RooUnfold_SelfContained_using_Hybrid_Unfolded_Parallel_SIDIS_epip_from_3D_and_5D_1st_Order_V2.json[1m[94m (total entries now = 13)[0m

[1m[96mDone Saving JSON File.[0m
Time Elapsed Up To Now: 0 Day(s), 0 Hour(s), 16 Minute(s), and 50 Second(s). 

[1m[94mSaved Fit Parameters JSON as [1m[92mFit_Pars_from_Simple_RooUnfold_SelfContained_using_Hybrid_Unfolded_Parallel_SIDIS_epip_from_3D_and_5D_1st_Order_V2.json[1m[94m (total entries now = 13)[0m

[1m[96mDone Saving JSON File.[0m
Time Elapsed Up To Now: 0 Day(s), 0 Hour(s), 16 Minute(s), and 50 Second(s). 

[1m[94mSaved Fit Parameters JSON as [1m[92mFit_Pars_from_Simple_RooUnfold_SelfContained_using_Hybrid_Unfolded_Parallel_SIDIS_epip_from_3D_and_5D_1st_Order_V2.json[1m[94m (total entries now = 13)[0m

[1m[96mDone Saving JSON File.[0m
Time Elapsed Up To Now: 0 Day(s), 0 Hour(s), 16 Minute(s), and 50 Second(s). 




[1m[43mEMAIL MESSAGE TO SEND:[0m


The 'Simple_RooUnfold_SelfContained.py' script has finished running.
Started running on [1m8-20-2026[0m at [1m08:58 p.m.[0m

Input File:
	Hybrid_Unfolded_Parallel_SIDIS_epip_from_3D_and_5D_1st_Order_V2.root
Output File:
	Hybrid_Unfolded_Parallel_SIDIS_epip_from_3D_and_5D_1st_Order_V2.root


[1m[96mDone Saving JSON File.[0m
Time Elapsed Up To Now: 0 Day(s), 0 Hour(s), 16 Minute(s), and 50 Second(s). 
[1m[96mDone Saving JSON File.[0m
Time Elapsed Up To Now: 0 Day(s), 0 Hour(s), 16 Minute(s), and 50 Second(s). 
[1m[96mDone Saving JSON File.[0m
Time Elapsed Up To Now: 0 Day(s), 0 Hour(s), 16 Minute(s), and 50 Second(s). 

Arguments:
--unfolding_1D (1D Unfolding Only)                  --> False
--unfolding_3D (3D Unfolding Only)                  --> False
--unfolding_5D (Ran 5D Unfolding Fits)              --> True
--run_sectors                                       --> False
--sectors_to_unfold                                 --> None
--allow_other_variables (for unfolding)             --> False
--simulation (unfolding synthetic data)             --> False
--modulation (data unfolded with modulated MC)      --> False
--closure  (modulated MC unfolded with itself)      --> False
--weighed_acceptance (use acceptance weights only)  --> False
--test                                              --> False
--verbose                                           --> False
--weight_tag                                        --> ''
--fit                                               --> True
--remake_fit                                        --> True
--CrossSection_Norm                                 --> False
--tag_proton                                        --> False
--cut_proton                                        --> False
--Common_Int_Bins                                   --> False
--bayes_iterations                                  --> None
--Num_Toys                                          --> 500
--Unfold_Methods                                    --> ['Bayesian']
--title                                             --> None
--EvGen                                             --> False
--Min_Allowed_Acceptance_Cut                        --> 0.0005
--Use_TTree                                         --> True
--Apply_RC                                          --> False
--Apply_BC                                          --> False
--Add_Uncertainties                                 --> False
--save_json                                         --> True
--json_name                                         --> 'Fit_Pars_from_Simple_RooUnfold_SelfContained_using_Hybrid_Unfolded_Parallel_SIDIS_epip_from_3D_and_5D_1st_Order_V2.json'
--old_json                                          --> False
--background_source                                 --> 'lundvpk'
--use_spline_init                                   --> True
--fit_init_file                                     --> None
--pass_version                                      --> 'Pass 2'
--smearing_options                                  --> 'smear'
--Q2_y_Bin_List                                     --> ['4', '6', '0']
--Run_5D_Unfold                                     --> False
--run_sec_unfold                                    --> False


The time that this code finished is [1m09:15 p.m.[0m
The total time the code took to run is:
0 Day(s), 0 Hour(s), 16 Minute(s), and 50 Second(s).
Saved 66175 Histograms...
Rate = 65.52 Histograms/Seconds
    

[1m[92m[43m
    	                                   	   
    	This code has now finished running.	   
    	                                   	   [0m
    
    
